Archive member included to satisfy reference by file (symbol)

C:/ST/STM32CubeIDE_1.19.0/STM32CubeIDE/plugins/com.st.stm32cube.ide.mcu.externaltools.gnu-tools-for-stm32.13.3.rel1.win32_1.0.0.202411081344/tools/bin/../lib/gcc/arm-none-eabi/13.3.1/../../../../arm-none-eabi/lib/thumb/v7e-m+fp/hard\libc_nano.a(libc_a-exit.o)
                              C:/ST/STM32CubeIDE_1.19.0/STM32CubeIDE/plugins/com.st.stm32cube.ide.mcu.externaltools.gnu-tools-for-stm32.13.3.rel1.win32_1.0.0.202411081344/tools/bin/../lib/gcc/arm-none-eabi/13.3.1/../../../../arm-none-eabi/lib/thumb/v7e-m+fp/hard/crt0.o (exit)
C:/ST/STM32CubeIDE_1.19.0/STM32CubeIDE/plugins/com.st.stm32cube.ide.mcu.externaltools.gnu-tools-for-stm32.13.3.rel1.win32_1.0.0.202411081344/tools/bin/../lib/gcc/arm-none-eabi/13.3.1/../../../../arm-none-eabi/lib/thumb/v7e-m+fp/hard\libc_nano.a(libc_a-findfp.o)
                              C:/ST/STM32CubeIDE_1.19.0/STM32CubeIDE/plugins/com.st.stm32cube.ide.mcu.externaltools.gnu-tools-for-stm32.13.3.rel1.win32_1.0.0.202411081344/tools/bin/../lib/gcc/arm-none-eabi/13.3.1/../../../../arm-none-eabi/lib/thumb/v7e-m+fp/hard\libc_nano.a(libc_a-exit.o) (__stdio_exit_handler)
C:/ST/STM32CubeIDE_1.19.0/STM32CubeIDE/plugins/com.st.stm32cube.ide.mcu.externaltools.gnu-tools-for-stm32.13.3.rel1.win32_1.0.0.202411081344/tools/bin/../lib/gcc/arm-none-eabi/13.3.1/../../../../arm-none-eabi/lib/thumb/v7e-m+fp/hard\libc_nano.a(libc_a-fwalk.o)
                              C:/ST/STM32CubeIDE_1.19.0/STM32CubeIDE/plugins/com.st.stm32cube.ide.mcu.externaltools.gnu-tools-for-stm32.13.3.rel1.win32_1.0.0.202411081344/tools/bin/../lib/gcc/arm-none-eabi/13.3.1/../../../../arm-none-eabi/lib/thumb/v7e-m+fp/hard\libc_nano.a(libc_a-findfp.o) (_fwalk_sglue)
C:/ST/STM32CubeIDE_1.19.0/STM32CubeIDE/plugins/com.st.stm32cube.ide.mcu.externaltools.gnu-tools-for-stm32.13.3.rel1.win32_1.0.0.202411081344/tools/bin/../lib/gcc/arm-none-eabi/13.3.1/../../../../arm-none-eabi/lib/thumb/v7e-m+fp/hard\libc_nano.a(libc_a-snprintf.o)
                              ./Core/Src/main.o (snprintf)
C:/ST/STM32CubeIDE_1.19.0/STM32CubeIDE/plugins/com.st.stm32cube.ide.mcu.externaltools.gnu-tools-for-stm32.13.3.rel1.win32_1.0.0.202411081344/tools/bin/../lib/gcc/arm-none-eabi/13.3.1/../../../../arm-none-eabi/lib/thumb/v7e-m+fp/hard\libc_nano.a(libc_a-sscanf.o)
                              ./Core/Src/main.o (sscanf)
C:/ST/STM32CubeIDE_1.19.0/STM32CubeIDE/plugins/com.st.stm32cube.ide.mcu.externaltools.gnu-tools-for-stm32.13.3.rel1.win32_1.0.0.202411081344/tools/bin/../lib/gcc/arm-none-eabi/13.3.1/../../../../arm-none-eabi/lib/thumb/v7e-m+fp/hard\libc_nano.a(libc_a-stdio.o)
                              C:/ST/STM32CubeIDE_1.19.0/STM32CubeIDE/plugins/com.st.stm32cube.ide.mcu.externaltools.gnu-tools-for-stm32.13.3.rel1.win32_1.0.0.202411081344/tools/bin/../lib/gcc/arm-none-eabi/13.3.1/../../../../arm-none-eabi/lib/thumb/v7e-m+fp/hard\libc_nano.a(libc_a-findfp.o) (__sread)
C:/ST/STM32CubeIDE_1.19.0/STM32CubeIDE/plugins/com.st.stm32cube.ide.mcu.externaltools.gnu-tools-for-stm32.13.3.rel1.win32_1.0.0.202411081344/tools/bin/../lib/gcc/arm-none-eabi/13.3.1/../../../../arm-none-eabi/lib/thumb/v7e-m+fp/hard\libc_nano.a(libc_a-memset.o)
                              C:/ST/STM32CubeIDE_1.19.0/STM32CubeIDE/plugins/com.st.stm32cube.ide.mcu.externaltools.gnu-tools-for-stm32.13.3.rel1.win32_1.0.0.202411081344/tools/bin/../lib/gcc/arm-none-eabi/13.3.1/../../../../arm-none-eabi/lib/thumb/v7e-m+fp/hard/crt0.o (memset)
C:/ST/STM32CubeIDE_1.19.0/STM32CubeIDE/plugins/com.st.stm32cube.ide.mcu.externaltools.gnu-tools-for-stm32.13.3.rel1.win32_1.0.0.202411081344/tools/bin/../lib/gcc/arm-none-eabi/13.3.1/../../../../arm-none-eabi/lib/thumb/v7e-m+fp/hard\libc_nano.a(libc_a-strncmp.o)
                              ./Core/Src/main.o (strncmp)
C:/ST/STM32CubeIDE_1.19.0/STM32CubeIDE/plugins/com.st.stm32cube.ide.mcu.externaltools.gnu-tools-for-stm32.13.3.rel1.win32_1.0.0.202411081344/tools/bin/../lib/gcc/arm-none-eabi/13.3.1/../../../../arm-none-eabi/lib/thumb/v7e-m+fp/hard\libc_nano.a(libc_a-strstr.o)
                              ./Core/Src/main.o (strstr)
C:/ST/STM32CubeIDE_1.19.0/STM32CubeIDE/plugins/com.st.stm32cube.ide.mcu.externaltools.gnu-tools-for-stm32.13.3.rel1.win32_1.0.0.202411081344/tools/bin/../lib/gcc/arm-none-eabi/13.3.1/../../../../arm-none-eabi/lib/thumb/v7e-m+fp/hard\libc_nano.a(libc_a-closer.o)
                              C:/ST/STM32CubeIDE_1.19.0/STM32CubeIDE/plugins/com.st.stm32cube.ide.mcu.externaltools.gnu-tools-for-stm32.13.3.rel1.win32_1.0.0.202411081344/tools/bin/../lib/gcc/arm-none-eabi/13.3.1/../../../../arm-none-eabi/lib/thumb/v7e-m+fp/hard\libc_nano.a(libc_a-stdio.o) (_close_r)
C:/ST/STM32CubeIDE_1.19.0/STM32CubeIDE/plugins/com.st.stm32cube.ide.mcu.externaltools.gnu-tools-for-stm32.13.3.rel1.win32_1.0.0.202411081344/tools/bin/../lib/gcc/arm-none-eabi/13.3.1/../../../../arm-none-eabi/lib/thumb/v7e-m+fp/hard\libc_nano.a(libc_a-reent.o)
[...]
Memory Configuration

Name             Origin             Length             Attributes
RAM              0x20000000         0x00020000         xrw
FLASH            0x08000000         0x00080000         xr
*default*        0x00000000         0xffffffff

Linker script and memory map

LOAD C:/ST/STM32CubeIDE_1.19.0/STM32CubeIDE/plugins/com.st.stm32cube.ide.mcu.externaltools.gnu-tools-for-stm32.13.3.rel1.win32_1.0.0.202411081344/tools/bin/../lib/gcc/arm-none-eabi/13.3.1/thumb/v7e-m+fp/hard/crti.o
LOAD C:/ST/STM32CubeIDE_1.19.0/STM32CubeIDE/plugins/com.st.stm32cube.ide.mcu.externaltools.gnu-tools-for-stm32.13.3.rel1.win32_1.0.0.202411081344/tools/bin/../lib/gcc/arm-none-eabi/13.3.1/thumb/v7e-m+fp/hard/crtbegin.o
LOAD C:/ST/STM32CubeIDE_1.19.0/STM32CubeIDE/plugins/com.st.stm32cube.ide.mcu.externaltools.gnu-tools-for-stm32.13.3.rel1.win32_1.0.0.202411081344/tools/bin/../lib/gcc/arm-none-eabi/13.3.1/../../../../arm-none-eabi/lib/thumb/v7e-m+fp/hard/crt0.o
LOAD ./Core/Src/main.o
LOAD ./Core/Src/powerstep01.o
LOAD ./Core/Src/stm32f4xx_hal_msp.o
LOAD ./Core/Src/stm32f4xx_it.o
LOAD ./Core/Src/stm32f4xx_nucleo.o
LOAD ./Core/Src/syscalls.o
LOAD ./Core/Src/sysmem.o
LOAD ./Core/Src/system_stm32f4xx.o
LOAD ./Core/Src/x_nucleo_ihm03a1_stm32f4xx.o
LOAD ./Core/Src/x_nucleo_ihmxx.o
LOAD ./Core/Startup/startup_stm32f446retx.o
LOAD ./Drivers/STM32F4xx_HAL_Driver/Src/stm32f4xx_hal.o
LOAD ./Drivers/STM32F4xx_HAL_Driver/Src/stm32f4xx_hal_cortex.o
LOAD ./Drivers/STM32F4xx_HAL_Driver/Src/stm32f4xx_hal_dma.o
LOAD ./Drivers/STM32F4xx_HAL_Driver/Src/stm32f4xx_hal_dma_ex.o
LOAD ./Drivers/STM32F4xx_HAL_Driver/Src/stm32f4xx_hal_exti.o
LOAD ./Drivers/STM32F4xx_HAL_Driver/Src/stm32f4xx_hal_flash.o
LOAD ./Drivers/STM32F4xx_HAL_Driver/Src/stm32f4xx_hal_flash_ex.o
LOAD ./Drivers/STM32F4xx_HAL_Driver/Src/stm32f4xx_hal_flash_ramfunc.o
LOAD ./Drivers/STM32F4xx_HAL_Driver/Src/stm32f4xx_hal_gpio.o
LOAD ./Drivers/STM32F4xx_HAL_Driver/Src/stm32f4xx_hal_pwr.o
LOAD ./Drivers/STM32F4xx_HAL_Driver/Src/stm32f4xx_hal_pwr_ex.o
LOAD ./Drivers/STM32F4xx_HAL_Driver/Src/stm32f4xx_hal_rcc.o
LOAD ./Drivers/STM32F4xx_HAL_Driver/Src/stm32f4xx_hal_rcc_ex.o
LOAD ./Drivers/STM32F4xx_HAL_Driver/Src/stm32f4xx_hal_spi.o
LOAD ./Drivers/STM32F4xx_HAL_Driver/Src/stm32f4xx_hal_tim.o
LOAD ./Drivers/STM32F4xx_HAL_Driver/Src/stm32f4xx_hal_tim_ex.o
LOAD ./Drivers/STM32F4xx_HAL_Driver/Src/stm32f4xx_hal_uart.o
START GROUP
LOAD C:/ST/STM32CubeIDE_1.19.0/STM32CubeIDE/plugins/com.st.stm32cube.ide.mcu.externaltools.gnu-tools-for-stm32.13.3.rel1.win32_1.0.0.202411081344/tools/bin/../lib/gcc/arm-none-eabi/13.3.1/../../../../arm-none-eabi/lib/thumb/v7e-m+fp/hard\libc_nano.a
LOAD C:/ST/STM32CubeIDE_1.19.0/STM32CubeIDE/plugins/com.st.stm32cube.ide.mcu.externaltools.gnu-tools-for-stm32.13.3.rel1.win32_1.0.0.202411081344/tools/bin/../lib/gcc/arm-none-eabi/13.3.1/../../../../arm-none-eabi/lib/thumb/v7e-m+fp/hard\libm.a
END GROUP
START GROUP
LOAD C:/ST/STM32CubeIDE_1.19.0/STM32CubeIDE/plugins/com.st.stm32cube.ide.mcu.externaltools.gnu-tools-for-stm32.13.3.rel1.win32_1.0.0.202411081344/tools/bin/../lib/gcc/arm-none-eabi/13.3.1/thumb/v7e-m+fp/hard\libgcc.a
LOAD C:/ST/STM32CubeIDE_1.19.0/STM32CubeIDE/plugins/com.st.stm32cube.ide.mcu.externaltools.gnu-tools-for-stm32.13.3.rel1.win32_1.0.0.202411081344/tools/bin/../lib/gcc/arm-none-eabi/13.3.1/../../../../arm-none-eabi/lib/thumb/v7e-m+fp/hard\libc_nano.a
END GROUP
START GROUP
LOAD C:/ST/STM32CubeIDE_1.19.0/STM32CubeIDE/plugins/com.st.stm32cube.ide.mcu.externaltools.gnu-tools-for-stm32.13.3.rel1.win32_1.0.0.202411081344/tools/bin/../lib/gcc/arm-none-eabi/13.3.1/thumb/v7e-m+fp/hard\libgcc.a
LOAD C:/ST/STM32CubeIDE_1.19.0/STM32CubeIDE/plugins/com.st.stm32cube.ide.mcu.externaltools.gnu-tools-for-stm32.13.3.rel1.win32_1.0.0.202411081344/tools/bin/../lib/gcc/arm-none-eabi/13.3.1/../../../../arm-none-eabi/lib/thumb/v7e-m+fp/hard\libc_nano.a
LOAD C:/ST/STM32CubeIDE_1.19.0/STM32CubeIDE/plugins/com.st.stm32cube.ide.mcu.externaltools.gnu-tools-for-stm32.13.3.rel1.win32_1.0.0.202411081344/tools/bin/../lib/gcc/arm-none-eabi/13.3.1/../../../../arm-none-eabi/lib/thumb/v7e-m+fp/hard\libnosys.a
END GROUP
START GROUP
LOAD C:/ST/STM32CubeIDE_1.19.0/STM32CubeIDE/plugins/com.st.stm32cube.ide.mcu.externaltools.gnu-tools-for-stm32.13.3.rel1.win32_1.0.0.202411081344/tools/bin/../lib/gcc/arm-none-eabi/13.3.1/thumb/v7e-m+fp/hard\libgcc.a
LOAD C:/ST/STM32CubeIDE_1.19.0/STM32CubeIDE/plugins/com.st.stm32cube.ide.mcu.externaltools.gnu-tools-for-stm32.13.3.rel1.win32_1.0.0.202411081344/tools/bin/../lib/gcc/arm-none-eabi/13.3.1/../../../../arm-none-eabi/lib/thumb/v7e-m+fp/hard\libc_nano.a
LOAD C:/ST/STM32CubeIDE_1.19.0/STM32CubeIDE/plugins/com.st.stm32cube.ide.mcu.externaltools.gnu-tools-for-stm32.13.3.rel1.win32_1.0.0.202411081344/tools/bin/../lib/gcc/arm-none-eabi/13.3.1/../../../../arm-none-eabi/lib/thumb/v7e-m+fp/hard\libnosys.a
END GROUP
LOAD C:/ST/STM32CubeIDE_1.19.0/STM32CubeIDE/plugins/com.st.stm32cube.ide.mcu.externaltools.gnu-tools-for-stm32.13.3.rel1.win32_1.0.0.202411081344/tools/bin/../lib/gcc/arm-none-eabi/13.3.1/thumb/v7e-m+fp/hard/crtend.o
LOAD C:/ST/STM32CubeIDE_1.19.0/STM32CubeIDE/plugins/com.st.stm32cube.ide.mcu.externaltools.gnu-tools-for-stm32.13.3.rel1.win32_1.0.0.202411081344/tools/bin/../lib/gcc/arm-none-eabi/13.3.1/thumb/v7e-m+fp/hard/crtn.o
                0x20020000                        _estack = (ORIGIN (RAM) + LENGTH (RAM))
                0x00000200                        _Min_Heap_Size = 0x200
                0x00000400                        _Min_Stack_Size = 0x400

.isr_vector     0x08000000      0x1c4
                0x08000000                        . = ALIGN (0x4)
 *(.isr_vector)
 .isr_vector    0x08000000      0x1c4 ./Core/Startup/startup_stm32f446retx.o
                0x08000000                g_pfnVectors
                0x080001c4                        . = ALIGN (0x4)

.text           0x080001d0     0x8e5c
                0x080001d0                        . = ALIGN (0x4)
 *(.text)
 .text          0x080001d0       0x40 C:/ST/STM32CubeIDE_1.19.0/STM32CubeIDE/plugins/com.st.stm32cube.ide.mcu.externaltools.gnu-tools-for-stm32.13.3.rel1.win32_1.0.0.202411081344/tools/bin/../lib/gcc/arm-none-eabi/13.3.1/thumb/v7e-m+fp/hard/crtbegin.o
 .text          0x08000210       0x10 C:/ST/STM32CubeIDE_1.19.0/STM32CubeIDE/plugins/com.st.stm32cube.ide.mcu.externaltools.gnu-tools-for-stm32.13.3.rel1.win32_1.0.0.202411081344/tools/bin/../lib/gcc/arm-none-eabi/13.3.1/../../../../arm-none-eabi/lib/thumb/v7e-m+fp/hard\libc_nano.a(libc_a-strlen.o)
                0x08000210                strlen
 .text          0x08000220       0xa0 C:/ST/STM32CubeIDE_1.19.0/STM32CubeIDE/plugins/com.st.stm32cube.ide.mcu.externaltools.gnu-tools-for-stm32.13.3.rel1.win32_1.0.0.202411081344/tools/bin/../lib/gcc/arm-none-eabi/13.3.1/../../../../arm-none-eabi/lib/thumb/v7e-m+fp/hard\libc_nano.a(libc_a-memchr.o)
                0x08000220                memchr
 .text          0x080002c0       0x30 C:/ST/STM32CubeIDE_1.19.0/STM32CubeIDE/plugins/com.st.stm32cube.ide.mcu.externaltools.gnu-tools-for-stm32.13.3.rel1.win32_1.0.0.202411081344/tools/bin/../lib/gcc/arm-none-eabi/13.3.1/thumb/v7e-m+fp/hard\libgcc.a(_aeabi_uldivmod.o)
                0x080002c0                __aeabi_uldivmod
 .text          0x080002f0      0x2f8 C:/ST/STM32CubeIDE_1.19.0/STM32CubeIDE/plugins/com.st.stm32cube.ide.mcu.externaltools.gnu-tools-for-stm32.13.3.rel1.win32_1.0.0.202411081344/tools/bin/../lib/gcc/arm-none-eabi/13.3.1/thumb/v7e-m+fp/hard\libgcc.a(_udivmoddi4.o)
                0x080002f0                __udivmoddi4
 .text          0x080005e8        0x4 C:/ST/STM32CubeIDE_1.19.0/STM32CubeIDE/plugins/com.st.stm32cube.ide.mcu.externaltools.gnu-tools-for-stm32.13.3.rel1.win32_1.0.0.202411081344/tools/bin/../lib/gcc/arm-none-eabi/13.3.1/thumb/v7e-m+fp/hard\libgcc.a(_dvmd_tls.o)
                0x080005e8                __aeabi_idiv0
                0x080005e8                __aeabi_ldiv0
 *(.text*)
 .text.main     0x080005ec       0xb0 ./Core/Src/main.o
                0x080005ec                main
 .text.SystemClock_Config
                0x0800069c       0xdc ./Core/Src/main.o
                0x0800069c                SystemClock_Config
 .text.MX_SPI1_Init
                0x08000778       0x6c ./Core/Src/main.o
 .text.MX_TIM3_Init
                0x080007e4       0xb4 ./Core/Src/main.o
 .text.MX_USART2_UART_Init
                0x08000898       0x54 ./Core/Src/main.o
 .text.MX_GPIO_Init
                0x080008ec      0x124 ./Core/Src/main.o
 .text.UART_SendString
                0x08000a10       0x28 ./Core/Src/main.o
 .text.UART_ReceiveChar
                0x08000a38       0x90 ./Core/Src/main.o
 .text.SendMotorStatus
                0x08000ac8       0xa8 ./Core/Src/main.o
 .text.SendError
                0x08000b70       0x3c ./Core/Src/main.o
 .text.ParseCommand
                0x08000bac      0x214 ./Core/Src/main.o
 .text.MoveMotorsToPosition
                0x08000dc0       0x2a ./Core/Src/main.o
 *fill*         0x08000dea        0x2 
 .text.CheckMotorErrors
                0x08000dec      0x10c ./Core/Src/main.o
 .text.MyFlagInterruptHandler
                0x08000ef8       0x14 ./Core/Src/main.o
 .text.MyBusyInterruptHandler
                0x08000f0c        0xc ./Core/Src/main.o
 .text.MyErrorHandler
                0x08000f18       0x34 ./Core/Src/main.o
 .text.HAL_UART_RxCpltCallback
                0x08000f4c       0x3c ./Core/Src/main.o
                0x08000f4c                HAL_UART_RxCpltCallback
 .text.Error_Handler
                0x08000f88        0xc ./Core/Src/main.o
                0x08000f88                Error_Handler
 .text.Powerstep01_AttachErrorHandler
                0x08000f94       0x20 ./Core/Src/powerstep01.o
                0x08000f94                Powerstep01_AttachErrorHandler
 .text.Powerstep01_AttachFlagInterrupt
                0x08000fb4       0x20 ./Core/Src/powerstep01.o
                0x08000fb4                Powerstep01_AttachFlagInterrupt
 .text.Powerstep01_AttachBusyInterrupt
                0x08000fd4       0x20 ./Core/Src/powerstep01.o
                0x08000fd4                Powerstep01_AttachBusyInterrupt
 .text.Powerstep01_ReadId
                0x08000ff4       0x18 ./Core/Src/powerstep01.o
                0x08000ff4                Powerstep01_ReadId
 .text.Powerstep01_Init
                0x0800100c       0x88 ./Core/Src/powerstep01.o
                0x0800100c                Powerstep01_Init
 .text.Powerstep01_CheckBusyHw
                0x08001094       0x18 ./Core/Src/powerstep01.o
                0x08001094                Powerstep01_CheckBusyHw
 .text.Powerstep01_CheckStatusHw
                0x080010ac       0x18 ./Core/Src/powerstep01.o
                0x080010ac                Powerstep01_CheckStatusHw
 .text.Powerstep01_CmdGetParam
                0x080010c4      0x1d0 ./Core/Src/powerstep01.o
                0x080010c4                Powerstep01_CmdGetParam
 .text.Powerstep01_CmdGetStatus
                0x08001294      0x140 ./Core/Src/powerstep01.o
                0x08001294                Powerstep01_CmdGetStatus
 .text.Powerstep01_CmdGoHome
                0x080013d4       0x1e ./Core/Src/powerstep01.o
                0x080013d4                Powerstep01_CmdGoHome
 .text.Powerstep01_CmdGoMark
                0x080013f2       0x1e ./Core/Src/powerstep01.o
                0x080013f2                Powerstep01_CmdGoMark
 .text.Powerstep01_CmdGoTo
                0x08001410       0x20 ./Core/Src/powerstep01.o
                0x08001410                Powerstep01_CmdGoTo
 .text.Powerstep01_CmdGoToDir
                0x08001430       0x2a ./Core/Src/powerstep01.o
                0x08001430                Powerstep01_CmdGoToDir
 .text.Powerstep01_CmdGoUntil
                0x0800145a       0x34 ./Core/Src/powerstep01.o
                0x0800145a                Powerstep01_CmdGoUntil
 .text.Powerstep01_CmdHardHiZ
                0x0800148e       0x1e ./Core/Src/powerstep01.o
                0x0800148e                Powerstep01_CmdHardHiZ
 .text.Powerstep01_CmdHardStop
                0x080014ac       0x1e ./Core/Src/powerstep01.o
                0x080014ac                Powerstep01_CmdHardStop
 .text.Powerstep01_CmdMove
                0x080014ca       0x2a ./Core/Src/powerstep01.o
                0x080014ca                Powerstep01_CmdMove
 .text.Powerstep01_CmdNop
                0x080014f4       0x1e ./Core/Src/powerstep01.o
                0x080014f4                Powerstep01_CmdNop
 .text.Powerstep01_CmdReleaseSw
                0x08001512       0x32 ./Core/Src/powerstep01.o
                0x08001512                Powerstep01_CmdReleaseSw
 .text.Powerstep01_CmdResetDevice
                0x08001544       0x1e ./Core/Src/powerstep01.o
                0x08001544                Powerstep01_CmdResetDevice
 .text.Powerstep01_CmdResetPos
                0x08001562       0x1e ./Core/Src/powerstep01.o
                0x08001562                Powerstep01_CmdResetPos
 .text.Powerstep01_CmdRun
                0x08001580       0x2a ./Core/Src/powerstep01.o
                0x08001580                Powerstep01_CmdRun
 *fill*         0x080015aa        0x2 
 .text.Powerstep01_CmdSetParam
                0x080015ac      0x1a8 ./Core/Src/powerstep01.o
                0x080015ac                Powerstep01_CmdSetParam
 .text.Powerstep01_CmdSoftHiZ
                0x08001754       0x1e ./Core/Src/powerstep01.o
                0x08001754                Powerstep01_CmdSoftHiZ
 .text.Powerstep01_CmdSoftStop
                0x08001772       0x1e ./Core/Src/powerstep01.o
                0x08001772                Powerstep01_CmdSoftStop
 .text.Powerstep01_CmdStepClock
                0x08001790       0x2a ./Core/Src/powerstep01.o
                0x08001790                Powerstep01_CmdStepClock
 *fill*         0x080017ba        0x2 
 .text.Powerstep01_FetchAndClearAllStatus
                0x080017bc       0xb0 ./Core/Src/powerstep01.o
                0x080017bc                Powerstep01_FetchAndClearAllStatus
 .text.Powerstep01_GetFetchedStatus
                0x0800186c       0x60 ./Core/Src/powerstep01.o
                0x0800186c                Powerstep01_GetFetchedStatus
 .text.Powerstep01_GetMotorHandle
                0x080018cc       0x14 ./Core/Src/powerstep01.o
                0x080018cc                Powerstep01_GetMotorHandle
 .text.Powerstep01_GetFwVersion
                0x080018e0       0x14 ./Core/Src/powerstep01.o
                0x080018e0                Powerstep01_GetFwVersion
 .text.Powerstep01_GetMark
                0x080018f4       0x26 ./Core/Src/powerstep01.o
                0x080018f4                Powerstep01_GetMark
 *fill*         0x0800191a        0x2 
 .text.Powerstep01_GetNbDevices
                0x0800191c       0x18 ./Core/Src/powerstep01.o
                0x0800191c                Powerstep01_GetNbDevices
 .text.Powerstep01_GetAnalogValue
                0x08001934      0x180 ./Core/Src/powerstep01.o
                0x08001934                Powerstep01_GetAnalogValue
 .text.Powerstep01_GetPosition
                0x08001ab4       0x26 ./Core/Src/powerstep01.o
                0x08001ab4                Powerstep01_GetPosition
 .text.Powerstep01_IsDeviceBusy
                0x08001ada       0x2a ./Core/Src/powerstep01.o
                0x08001ada                Powerstep01_IsDeviceBusy
 .text.Powerstep01_QueueCommands
                0x08001b04       0xe4 ./Core/Src/powerstep01.o
                0x08001b04                Powerstep01_QueueCommands
 .text.Powerstep01_ReadStatusRegister
                0x08001be8       0x20 ./Core/Src/powerstep01.o
                0x08001be8                Powerstep01_ReadStatusRegister
 .text.Powerstep01_ReleaseReset
                0x08001c08       0x1a ./Core/Src/powerstep01.o
                0x08001c08                Powerstep01_ReleaseReset
 .text.Powerstep01_Reset
                0x08001c22       0x1a ./Core/Src/powerstep01.o
                0x08001c22                Powerstep01_Reset
 .text.Powerstep01_SelectStepMode
                0x08001c3c       0xb4 ./Core/Src/powerstep01.o
                0x08001c3c                Powerstep01_SelectStepMode
 .text.Powerstep01_SendQueuedCommands
                0x08001cf0       0x48 ./Core/Src/powerstep01.o
                0x08001cf0                Powerstep01_SendQueuedCommands
 .text.Powerstep01_SetHome
                0x08001d38       0x30 ./Core/Src/powerstep01.o
                0x08001d38                Powerstep01_SetHome
 .text.Powerstep01_SetMark
                0x08001d68       0x20 ./Core/Src/powerstep01.o
                0x08001d68                Powerstep01_SetMark
 .text.Powerstep01_SetNbDevices
                0x08001d88       0x2c ./Core/Src/powerstep01.o
                0x08001d88                Powerstep01_SetNbDevices
 .text.Powerstep01_SetAnalogValue
                0x08001db4      0x3c4 ./Core/Src/powerstep01.o
                0x08001db4                Powerstep01_SetAnalogValue
 .text.Powerstep01_StartStepClock
                0x08002178       0x1a ./Core/Src/powerstep01.o
                0x08002178                Powerstep01_StartStepClock
 .text.Powerstep01_StopStepClock
                0x08002192        0xc ./Core/Src/powerstep01.o
                0x08002192                Powerstep01_StopStepClock
 *fill*         0x0800219e        0x2 
 .text.Powerstep01_WaitForAllDevicesNotBusy
                0x080021a0       0x50 ./Core/Src/powerstep01.o
                0x080021a0                Powerstep01_WaitForAllDevicesNotBusy
 .text.Powerstep01_WaitWhileActive
                0x080021f0       0x24 ./Core/Src/powerstep01.o
                0x080021f0                Powerstep01_WaitWhileActive
 .text.Powerstep01_ConvertPosition
                0x08002214       0x40 ./Core/Src/powerstep01.o
                0x08002214                Powerstep01_ConvertPosition
 .text.Powerstep01_BusyInterruptHandler
                0x08002254       0x2c ./Core/Src/powerstep01.o
                0x08002254                Powerstep01_BusyInterruptHandler
 .text.Powerstep01_ErrorHandler
                0x08002280       0x2c ./Core/Src/powerstep01.o
                0x08002280                Powerstep01_ErrorHandler
 .text.Powerstep01_FlagInterruptHandler
                0x080022ac       0x2c ./Core/Src/powerstep01.o
                0x080022ac                Powerstep01_FlagInterruptHandler
 .text.Powerstep01_SendCommand
                0x080022d8      0x190 ./Core/Src/powerstep01.o
                0x080022d8                Powerstep01_SendCommand
 .text.Powerstep01_SetRegisterToPredefinedValues
                0x08002468      0x754 ./Core/Src/powerstep01.o
                0x08002468                Powerstep01_SetRegisterToPredefinedValues
 .text.Powerstep01_SetDeviceParamsToGivenValues
                0x08002bbc      0x3f8 ./Core/Src/powerstep01.o
                0x08002bbc                Powerstep01_SetDeviceParamsToGivenValues
 .text.Powerstep01_WriteBytes
                0x08002fb4       0x4c ./Core/Src/powerstep01.o
                0x08002fb4                Powerstep01_WriteBytes
 .text.Powerstep01_AccDec_Steps_s2_to_RegVal
                0x08003000       0x38 ./Core/Src/powerstep01.o
                0x08003000                Powerstep01_AccDec_Steps_s2_to_RegVal
 .text.Powerstep01_AccDec_RegVal_to_Steps_s2
                0x08003038       0x2c ./Core/Src/powerstep01.o
                0x08003038                Powerstep01_AccDec_RegVal_to_Steps_s2
 .text.Powerstep01_BEMFslope_Perc_to_RegVal
                0x08003064       0x3c ./Core/Src/powerstep01.o
                0x08003064                Powerstep01_BEMFslope_Perc_to_RegVal
 .text.Powerstep01_BEMFslope_RegVal_to_Perc
                0x080030a0       0x2c ./Core/Src/powerstep01.o
                0x080030a0                Powerstep01_BEMFslope_RegVal_to_Perc
 .text.Powerstep01_FSSpd_Steps_s_to_RegVal
                0x080030cc       0x30 ./Core/Src/powerstep01.o
                0x080030cc                Powerstep01_FSSpd_Steps_s_to_RegVal
 .text.Powerstep01_FSSpd_RegVal_to_Steps_s
                0x080030fc       0x38 ./Core/Src/powerstep01.o
                0x080030fc                Powerstep01_FSSpd_RegVal_to_Steps_s
 .text.Powerstep01_IntSpd_Steps_s_to_RegVal
                0x08003134       0x38 ./Core/Src/powerstep01.o
                0x08003134                Powerstep01_IntSpd_Steps_s_to_RegVal
 .text.Powerstep01_IntSpd_RegVal_to_Steps_s
                0x0800316c       0x2c ./Core/Src/powerstep01.o
                0x0800316c                Powerstep01_IntSpd_RegVal_to_Steps_s
 .text.Powerstep01_KTherm_Comp_to_RegVal
                0x08003198       0x44 ./Core/Src/powerstep01.o
                0x08003198                Powerstep01_KTherm_Comp_to_RegVal
 .text.Powerstep01_KTherm_RegVal_to_Comp
                0x080031dc       0x34 ./Core/Src/powerstep01.o
                0x080031dc                Powerstep01_KTherm_RegVal_to_Comp
 .text.Powerstep01_Kval_Perc_to_RegVal
                0x08003210       0x3c ./Core/Src/powerstep01.o
                0x08003210                Powerstep01_Kval_Perc_to_RegVal
 .text.Powerstep01_Kval_RegVal_to_Perc
                0x0800324c       0x28 ./Core/Src/powerstep01.o
                0x0800324c                Powerstep01_Kval_RegVal_to_Perc
 .text.Powerstep01_MaxSpd_Steps_s_to_RegVal
                0x08003274       0x38 ./Core/Src/powerstep01.o
                0x08003274                Powerstep01_MaxSpd_Steps_s_to_RegVal
 .text.Powerstep01_MaxSpd_RegVal_to_Steps_s
                0x080032ac       0x2c ./Core/Src/powerstep01.o
                0x080032ac                Powerstep01_MaxSpd_RegVal_to_Steps_s
 .text.Powerstep01_MinSpd_Steps_s_to_RegVal
                0x080032d8       0x38 ./Core/Src/powerstep01.o
                0x080032d8                Powerstep01_MinSpd_Steps_s_to_RegVal
 .text.Powerstep01_MinSpd_RegVal_to_Steps_s
                0x08003310       0x2c ./Core/Src/powerstep01.o
                0x08003310                Powerstep01_MinSpd_RegVal_to_Steps_s
 .text.Powerstep01_Speed_RegVal_to_Steps_s
                0x0800333c       0x2c ./Core/Src/powerstep01.o
                0x0800333c                Powerstep01_Speed_RegVal_to_Steps_s
 .text.Powerstep01_StallOcd_Th_to_RegVal
                0x08003368       0x48 ./Core/Src/powerstep01.o
                0x08003368                Powerstep01_StallOcd_Th_to_RegVal
 .text.Powerstep01_StallOcd_RegVal_to_Th
                0x080033b0       0x30 ./Core/Src/powerstep01.o
                0x080033b0                Powerstep01_StallOcd_RegVal_to_Th
 .text.Powerstep01_Tval_RefVoltage_to_RegVal
                0x080033e0       0x48 ./Core/Src/powerstep01.o
                0x080033e0                Powerstep01_Tval_RefVoltage_to_RegVal
 .text.Powerstep01_Tval_RegVal_to_RefVoltage
                0x08003428       0x30 ./Core/Src/powerstep01.o
                0x08003428                Powerstep01_Tval_RegVal_to_RefVoltage
 .text.Powerstep01_Tmin_Time_to_RegVal
                0x08003458       0x3a ./Core/Src/powerstep01.o
                0x08003458                Powerstep01_Tmin_Time_to_RegVal
 .text.Powerstep01_Tmin_RegVal_to_Time
                0x08003492       0x2a ./Core/Src/powerstep01.o
                0x08003492                Powerstep01_Tmin_RegVal_to_Time
 .text.HAL_MspInit
                0x080034bc       0x50 ./Core/Src/stm32f4xx_hal_msp.o
                0x080034bc                HAL_MspInit
 .text.HAL_SPI_MspInit
                0x0800350c       0x90 ./Core/Src/stm32f4xx_hal_msp.o
                0x0800350c                HAL_SPI_MspInit
 .text.HAL_TIM_PWM_MspInit
                0x0800359c       0x50 ./Core/Src/stm32f4xx_hal_msp.o
                0x0800359c                HAL_TIM_PWM_MspInit
 .text.HAL_TIM_MspPostInit
                0x080035ec       0x74 ./Core/Src/stm32f4xx_hal_msp.o
                0x080035ec                HAL_TIM_MspPostInit
 .text.HAL_UART_MspInit
                0x08003660       0xa0 ./Core/Src/stm32f4xx_hal_msp.o
                0x08003660                HAL_UART_MspInit
 .text.NMI_Handler
                0x08003700        0x8 ./Core/Src/stm32f4xx_it.o
                0x08003700                NMI_Handler
 .text.HardFault_Handler
                0x08003708        0x8 ./Core/Src/stm32f4xx_it.o
                0x08003708                HardFault_Handler
 .text.MemManage_Handler
                0x08003710        0x8 ./Core/Src/stm32f4xx_it.o
                0x08003710                MemManage_Handler
 .text.BusFault_Handler
                0x08003718        0x8 ./Core/Src/stm32f4xx_it.o
                0x08003718                BusFault_Handler
 .text.UsageFault_Handler
                0x08003720        0x8 ./Core/Src/stm32f4xx_it.o
                0x08003720                UsageFault_Handler
 .text.SVC_Handler
                0x08003728        0xe ./Core/Src/stm32f4xx_it.o
                0x08003728                SVC_Handler
 .text.DebugMon_Handler
                0x08003736        0xe ./Core/Src/stm32f4xx_it.o
                0x08003736                DebugMon_Handler
 .text.PendSV_Handler
                0x08003744        0xe ./Core/Src/stm32f4xx_it.o
                0x08003744                PendSV_Handler
 .text.SysTick_Handler
                0x08003752        0xc ./Core/Src/stm32f4xx_it.o
                0x08003752                SysTick_Handler
 .text.EXTI9_5_IRQHandler
                0x0800375e        0xe ./Core/Src/stm32f4xx_it.o
                0x0800375e                EXTI9_5_IRQHandler
 .text.TIM3_IRQHandler
                0x0800376c       0x14 ./Core/Src/stm32f4xx_it.o
                0x0800376c                TIM3_IRQHandler
 .text.USART2_IRQHandler
                0x08003780       0x14 ./Core/Src/stm32f4xx_it.o
                0x08003780                USART2_IRQHandler
 .text.EXTI15_10_IRQHandler
                0x08003794       0x10 ./Core/Src/stm32f4xx_it.o
                0x08003794                EXTI15_10_IRQHandler
 .text._sbrk    0x080037a4       0x6c ./Core/Src/sysmem.o
                0x080037a4                _sbrk
 .text.SystemInit
                0x08003810       0x24 ./Core/Src/system_stm32f4xx.o
                0x08003810                SystemInit
 .text.Powerstep01_Board_Delay
                0x08003834       0x16 ./Core/Src/x_nucleo_ihm03a1_stm32f4xx.o
                0x08003834                Powerstep01_Board_Delay
 .text.Powerstep01_Board_DisableIrq
                0x0800384a       0x12 ./Core/Src/x_nucleo_ihm03a1_stm32f4xx.o
                0x0800384a                Powerstep01_Board_DisableIrq
 .text.Powerstep01_Board_EnableIrq
                0x0800385c       0x12 ./Core/Src/x_nucleo_ihm03a1_stm32f4xx.o
                0x0800385c                Powerstep01_Board_EnableIrq
 *fill*         0x0800386e        0x2 
 .text.Powerstep01_Board_GpioInit
                0x08003870      0x12c ./Core/Src/x_nucleo_ihm03a1_stm32f4xx.o
                0x08003870                Powerstep01_Board_GpioInit
 .text.Powerstep01_Board_StepClockInit
                0x0800399c       0x7c ./Core/Src/x_nucleo_ihm03a1_stm32f4xx.o
                0x0800399c                Powerstep01_Board_StepClockInit
 .text.Powerstep01_Board_StartStepClock
                0x08003a18       0x4c ./Core/Src/x_nucleo_ihm03a1_stm32f4xx.o
                0x08003a18                Powerstep01_Board_StartStepClock
 .text.Powerstep01_Board_StopStepClock
                0x08003a64       0x14 ./Core/Src/x_nucleo_ihm03a1_stm32f4xx.o
                0x08003a64                Powerstep01_Board_StopStepClock
 .text.Powerstep01_Board_ReleaseReset
                0x08003a78       0x24 ./Core/Src/x_nucleo_ihm03a1_stm32f4xx.o
                0x08003a78                Powerstep01_Board_ReleaseReset
 .text.Powerstep01_Board_Reset
                0x08003a9c       0x24 ./Core/Src/x_nucleo_ihm03a1_stm32f4xx.o
                0x08003a9c                Powerstep01_Board_Reset
 .text.Powerstep01_Board_SpiInit
                0x08003ac0       0x70 ./Core/Src/x_nucleo_ihm03a1_stm32f4xx.o
                0x08003ac0                Powerstep01_Board_SpiInit
 .text.Powerstep01_Board_SpiWriteBytes
                0x08003b30       0x74 ./Core/Src/x_nucleo_ihm03a1_stm32f4xx.o
                0x08003b30                Powerstep01_Board_SpiWriteBytes
 .text.Powerstep01_Board_BUSY_PIN_GetState
                0x08003ba4       0x18 ./Core/Src/x_nucleo_ihm03a1_stm32f4xx.o
                0x08003ba4                Powerstep01_Board_BUSY_PIN_GetState
 .text.Powerstep01_Board_FLAG_PIN_GetState
                0x08003bbc       0x18 ./Core/Src/x_nucleo_ihm03a1_stm32f4xx.o
                0x08003bbc                Powerstep01_Board_FLAG_PIN_GetState
 .text.L6474_GetMotorHandle
                0x08003bd4       0x10 ./Core/Src/x_nucleo_ihmxx.o
                0x08003bd4                L6474_GetMotorHandle
 .text.l647x_GetMotorHandle
                0x08003be4       0x10 ./Core/Src/x_nucleo_ihmxx.o
                0x08003be4                l647x_GetMotorHandle
 .text.l648x_GetMotorHandle
                0x08003bf4       0x10 ./Core/Src/x_nucleo_ihmxx.o
                0x08003bf4                l648x_GetMotorHandle
 .text.L6206_GetMotorHandle
                0x08003c04       0x10 ./Core/Src/x_nucleo_ihmxx.o
                0x08003c04                L6206_GetMotorHandle
 .text.L6208_GetMotorHandle
                0x08003c14       0x10 ./Core/Src/x_nucleo_ihmxx.o
                0x08003c14                L6208_GetMotorHandle
 .text.Stspin220_GetMotorHandle
                0x08003c24       0x10 ./Core/Src/x_nucleo_ihmxx.o
                0x08003c24                Stspin220_GetMotorHandle
 .text.Stspin240_250_GetMotorHandle
                0x08003c34       0x10 ./Core/Src/x_nucleo_ihmxx.o
                0x08003c34                Stspin240_250_GetMotorHandle
 .text.BSP_MotorControl_AttachErrorHandler
                0x08003c44       0x3c ./Core/Src/x_nucleo_ihmxx.o
                0x08003c44                BSP_MotorControl_AttachErrorHandler
 .text.BSP_MotorControl_AttachFlagInterrupt
                0x08003c80       0x3c ./Core/Src/x_nucleo_ihmxx.o
                0x08003c80                BSP_MotorControl_AttachFlagInterrupt
 .text.BSP_MotorControl_AttachBusyInterrupt
                0x08003cbc       0x3c ./Core/Src/x_nucleo_ihmxx.o
                0x08003cbc                BSP_MotorControl_AttachBusyInterrupt
 .text.BSP_MotorControl_ErrorHandler
                0x08003cf8       0x3c ./Core/Src/x_nucleo_ihmxx.o
                0x08003cf8                BSP_MotorControl_ErrorHandler
 .text.BSP_MotorControl_Init
                0x08003d34       0x40 ./Core/Src/x_nucleo_ihmxx.o
                0x08003d34                BSP_MotorControl_Init
 .text.BSP_MotorControl_GetPosition
                0x08003d74       0x48 ./Core/Src/x_nucleo_ihmxx.o
                0x08003d74                BSP_MotorControl_GetPosition
 .text.BSP_MotorControl_CmdGetStatus
                0x08003dbc       0x4c ./Core/Src/x_nucleo_ihmxx.o
                0x08003dbc                BSP_MotorControl_CmdGetStatus
 .text.BSP_MotorControl_CheckBusyHw
                0x08003e08       0x44 ./Core/Src/x_nucleo_ihmxx.o
                0x08003e08                BSP_MotorControl_CheckBusyHw
 .text.BSP_MotorControl_CmdHardHiZ
                0x08003e4c       0x44 ./Core/Src/x_nucleo_ihmxx.o
                0x08003e4c                BSP_MotorControl_CmdHardHiZ
 .text.BSP_MotorControl_CmdResetPos
                0x08003e90       0x44 ./Core/Src/x_nucleo_ihmxx.o
                0x08003e90                BSP_MotorControl_CmdResetPos
 .text.BSP_MotorControl_SendQueuedCommands
                0x08003ed4       0x38 ./Core/Src/x_nucleo_ihmxx.o
                0x08003ed4                BSP_MotorControl_SendQueuedCommands
 .text.BSP_MotorControl_QueueCommands
                0x08003f0c       0x4c ./Core/Src/x_nucleo_ihmxx.o
                0x08003f0c                BSP_MotorControl_QueueCommands
 .text.BSP_MotorControl_CmdSoftStop
                0x08003f58       0x44 ./Core/Src/x_nucleo_ihmxx.o
                0x08003f58                BSP_MotorControl_CmdSoftStop
 .text.BSP_MotorControl_SetNbDevices
                0x08003f9c      0x11c ./Core/Src/x_nucleo_ihmxx.o
                0x08003f9c                BSP_MotorControl_SetNbDevices
 .text.Reset_Handler
                0x080040b8       0x50 ./Core/Startup/startup_stm32f446retx.o
                0x080040b8                Reset_Handler
 .text.Default_Handler
                0x08004108        0x2 ./Core/Startup/startup_stm32f446retx.o
                0x08004108                RTC_Alarm_IRQHandler
                0x08004108                EXTI2_IRQHandler
                0x08004108                TIM8_CC_IRQHandler
                0x08004108                FMPI2C1_EV_IRQHandler
                0x08004108                SPI4_IRQHandler
                0x08004108                TIM1_CC_IRQHandler
                0x08004108                DMA2_Stream5_IRQHandler
                0x08004108                DMA1_Stream5_IRQHandler
                0x08004108                PVD_IRQHandler
                0x08004108                SDIO_IRQHandler
                0x08004108                TAMP_STAMP_IRQHandler
                0x08004108                CAN2_RX1_IRQHandler
                0x08004108                EXTI3_IRQHandler
                0x08004108                TIM8_TRG_COM_TIM14_IRQHandler
                0x08004108                TIM1_UP_TIM10_IRQHandler
                0x08004108                TIM8_UP_TIM13_IRQHandler
                0x08004108                I2C3_ER_IRQHandler
                0x08004108                EXTI0_IRQHandler
                0x08004108                I2C2_EV_IRQHandler
                0x08004108                DMA1_Stream2_IRQHandler
                0x08004108                CAN1_RX0_IRQHandler
                0x08004108                FPU_IRQHandler
                0x08004108                OTG_HS_WKUP_IRQHandler
                0x08004108                CAN2_SCE_IRQHandler
                0x08004108                DMA2_Stream2_IRQHandler
                0x08004108                SPI1_IRQHandler
                0x08004108                TIM6_DAC_IRQHandler
                0x08004108                TIM1_BRK_TIM9_IRQHandler
                0x08004108                DCMI_IRQHandler
                0x08004108                CAN2_RX0_IRQHandler
                0x08004108                DMA2_Stream3_IRQHandler
                0x08004108                SAI2_IRQHandler
                0x08004108                USART6_IRQHandler
                0x08004108                USART3_IRQHandler
                0x08004108                CAN1_RX1_IRQHandler
                0x08004108                UART5_IRQHandler
                0x08004108                DMA2_Stream0_IRQHandler
                0x08004108                TIM4_IRQHandler
                0x08004108                QUADSPI_IRQHandler
                0x08004108                I2C1_EV_IRQHandler
                0x08004108                DMA1_Stream6_IRQHandler
                0x08004108                DMA1_Stream1_IRQHandler
                0x08004108                UART4_IRQHandler
                0x08004108                RCC_IRQHandler
                0x08004108                TIM8_BRK_TIM12_IRQHandler
                0x08004108                Default_Handler
                0x08004108                CEC_IRQHandler
                0x08004108                ADC_IRQHandler
                0x08004108                DMA1_Stream7_IRQHandler
                0x08004108                TIM7_IRQHandler
                0x08004108                CAN2_TX_IRQHandler
                0x08004108                TIM5_IRQHandler
                0x08004108                DMA2_Stream7_IRQHandler
                0x08004108                I2C3_EV_IRQHandler
                0x08004108                RTC_WKUP_IRQHandler
                0x08004108                SPDIF_RX_IRQHandler
                0x08004108                SPI2_IRQHandler
                0x08004108                OTG_HS_EP1_IN_IRQHandler
                0x08004108                DMA1_Stream0_IRQHandler
                0x08004108                CAN1_TX_IRQHandler
                0x08004108                FMPI2C1_ER_IRQHandler
                0x08004108                EXTI4_IRQHandler
                0x08004108                OTG_HS_EP1_OUT_IRQHandler
                0x08004108                WWDG_IRQHandler
                0x08004108                TIM2_IRQHandler
                0x08004108                OTG_FS_WKUP_IRQHandler
                0x08004108                TIM1_TRG_COM_TIM11_IRQHandler
                0x08004108                OTG_HS_IRQHandler
                0x08004108                EXTI1_IRQHandler
                0x08004108                I2C2_ER_IRQHandler
                0x08004108                DMA2_Stream1_IRQHandler
                0x08004108                CAN1_SCE_IRQHandler
                0x08004108                FLASH_IRQHandler
                0x08004108                DMA2_Stream4_IRQHandler
                0x08004108                USART1_IRQHandler
                0x08004108                OTG_FS_IRQHandler
                0x08004108                SPI3_IRQHandler
                0x08004108                DMA1_Stream4_IRQHandler
                0x08004108                I2C1_ER_IRQHandler
                0x08004108                FMC_IRQHandler
                0x08004108                DMA2_Stream6_IRQHandler
                0x08004108                SAI1_IRQHandler
                0x08004108                DMA1_Stream3_IRQHandler
 *fill*         0x0800410a        0x2 
 .text.HAL_Init
                0x0800410c       0x44 ./Drivers/STM32F4xx_HAL_Driver/Src/stm32f4xx_hal.o
                0x0800410c                HAL_Init
 .text.HAL_InitTick
                0x08004150       0x60 ./Drivers/STM32F4xx_HAL_Driver/Src/stm32f4xx_hal.o
                0x08004150                HAL_InitTick
 .text.HAL_IncTick
                0x080041b0       0x28 ./Drivers/STM32F4xx_HAL_Driver/Src/stm32f4xx_hal.o
                0x080041b0                HAL_IncTick
 .text.HAL_GetTick
                0x080041d8       0x18 ./Drivers/STM32F4xx_HAL_Driver/Src/stm32f4xx_hal.o
                0x080041d8                HAL_GetTick
 .text.HAL_Delay
                0x080041f0       0x48 ./Drivers/STM32F4xx_HAL_Driver/Src/stm32f4xx_hal.o
                0x080041f0                HAL_Delay
 .text.__NVIC_SetPriorityGrouping
                0x08004238       0x48 ./Drivers/STM32F4xx_HAL_Driver/Src/stm32f4xx_hal_cortex.o
 .text.__NVIC_GetPriorityGrouping
                0x08004280       0x1c ./Drivers/STM32F4xx_HAL_Driver/Src/stm32f4xx_hal_cortex.o
 .text.__NVIC_EnableIRQ
                0x0800429c       0x3c ./Drivers/STM32F4xx_HAL_Driver/Src/stm32f4xx_hal_cortex.o
 .text.__NVIC_SetPriority
                0x080042d8       0x54 ./Drivers/STM32F4xx_HAL_Driver/Src/stm32f4xx_hal_cortex.o
 .text.NVIC_EncodePriority
                0x0800432c       0x66 ./Drivers/STM32F4xx_HAL_Driver/Src/stm32f4xx_hal_cortex.o
 *fill*         0x08004392        0x2 
 .text.SysTick_Config
                0x08004394       0x44 ./Drivers/STM32F4xx_HAL_Driver/Src/stm32f4xx_hal_cortex.o
 .text.HAL_NVIC_SetPriorityGrouping
                0x080043d8       0x16 ./Drivers/STM32F4xx_HAL_Driver/Src/stm32f4xx_hal_cortex.o
                0x080043d8                HAL_NVIC_SetPriorityGrouping
 .text.HAL_NVIC_SetPriority
                0x080043ee       0x38 ./Drivers/STM32F4xx_HAL_Driver/Src/stm32f4xx_hal_cortex.o
                0x080043ee                HAL_NVIC_SetPriority
 .text.HAL_NVIC_EnableIRQ
                0x08004426       0x1c ./Drivers/STM32F4xx_HAL_Driver/Src/stm32f4xx_hal_cortex.o
                0x08004426                HAL_NVIC_EnableIRQ
 .text.HAL_SYSTICK_Config
                0x08004442       0x18 ./Drivers/STM32F4xx_HAL_Driver/Src/stm32f4xx_hal_cortex.o
                0x08004442                HAL_SYSTICK_Config
 .text.HAL_DMA_Abort
                0x0800445a       0xe0 ./Drivers/STM32F4xx_HAL_Driver/Src/stm32f4xx_hal_dma.o
                0x0800445a                HAL_DMA_Abort
 .text.HAL_DMA_Abort_IT
                0x0800453a       0x44 ./Drivers/STM32F4xx_HAL_Driver/Src/stm32f4xx_hal_dma.o
                0x0800453a                HAL_DMA_Abort_IT
 *fill*         0x0800457e        0x2 
 .text.HAL_GPIO_Init
                0x08004580      0x328 ./Drivers/STM32F4xx_HAL_Driver/Src/stm32f4xx_hal_gpio.o
                0x08004580                HAL_GPIO_Init
 .text.HAL_GPIO_ReadPin
                0x080048a8       0x30 ./Drivers/STM32F4xx_HAL_Driver/Src/stm32f4xx_hal_gpio.o
                0x080048a8                HAL_GPIO_ReadPin
 .text.HAL_GPIO_WritePin
                0x080048d8       0x32 ./Drivers/STM32F4xx_HAL_Driver/Src/stm32f4xx_hal_gpio.o
                0x080048d8                HAL_GPIO_WritePin
 *fill*         0x0800490a        0x2 
 .text.HAL_GPIO_EXTI_IRQHandler
                0x0800490c       0x30 ./Drivers/STM32F4xx_HAL_Driver/Src/stm32f4xx_hal_gpio.o
                0x0800490c                HAL_GPIO_EXTI_IRQHandler
 .text.HAL_GPIO_EXTI_Callback
                0x0800493c       0x16 ./Drivers/STM32F4xx_HAL_Driver/Src/stm32f4xx_hal_gpio.o
                0x0800493c                HAL_GPIO_EXTI_Callback
 *fill*         0x08004952        0x2 
 .text.HAL_RCC_ClockConfig
                0x08004954      0x1cc ./Drivers/STM32F4xx_HAL_Driver/Src/stm32f4xx_hal_rcc.o
                0x08004954                HAL_RCC_ClockConfig
 .text.HAL_RCC_GetHCLKFreq
                0x08004b20       0x18 ./Drivers/STM32F4xx_HAL_Driver/Src/stm32f4xx_hal_rcc.o
                0x08004b20                HAL_RCC_GetHCLKFreq
 .text.HAL_RCC_GetPCLK1Freq
                0x08004b38       0x28 ./Drivers/STM32F4xx_HAL_Driver/Src/stm32f4xx_hal_rcc.o
                0x08004b38                HAL_RCC_GetPCLK1Freq
 .text.HAL_RCC_GetPCLK2Freq
                0x08004b60       0x28 ./Drivers/STM32F4xx_HAL_Driver/Src/stm32f4xx_hal_rcc.o
                0x08004b60                HAL_RCC_GetPCLK2Freq
 .text.HAL_RCC_GetSysClockFreq
                0x08004b88      0x460 ./Drivers/STM32F4xx_HAL_Driver/Src/stm32f4xx_hal_rcc_ex.o
                0x08004b88                HAL_RCC_GetSysClockFreq
 .text.HAL_RCC_OscConfig
                0x08004fe8      0x53c ./Drivers/STM32F4xx_HAL_Driver/Src/stm32f4xx_hal_rcc_ex.o
                0x08004fe8                HAL_RCC_OscConfig
 .text.HAL_SPI_Init
                0x08005524      0x112 ./Drivers/STM32F4xx_HAL_Driver/Src/stm32f4xx_hal_spi.o
                0x08005524                HAL_SPI_Init
 .text.HAL_SPI_TransmitReceive
                0x08005636      0x352 ./Drivers/STM32F4xx_HAL_Driver/Src/stm32f4xx_hal_spi.o
                0x08005636                HAL_SPI_TransmitReceive
 .text.SPI_WaitFlagStateUntilTimeout
                0x08005988      0x110 ./Drivers/STM32F4xx_HAL_Driver/Src/stm32f4xx_hal_spi.o
 .text.SPI_EndRxTxTransaction
                0x08005a98       0xa8 ./Drivers/STM32F4xx_HAL_Driver/Src/stm32f4xx_hal_spi.o
 .text.HAL_TIM_PWM_Init
                0x08005b40       0x9e ./Drivers/STM32F4xx_HAL_Driver/Src/stm32f4xx_hal_tim.o
                0x08005b40                HAL_TIM_PWM_Init
 *fill*         0x08005bde        0x2 
 .text.HAL_TIM_PWM_Start_IT
                0x08005be0      0x22c ./Drivers/STM32F4xx_HAL_Driver/Src/stm32f4xx_hal_tim.o
                0x08005be0                HAL_TIM_PWM_Start_IT
 .text.HAL_TIM_PWM_Stop_IT
                0x08005e0c      0x17c ./Drivers/STM32F4xx_HAL_Driver/Src/stm32f4xx_hal_tim.o
                0x08005e0c                HAL_TIM_PWM_Stop_IT
 .text.HAL_TIM_IRQHandler
                0x08005f88      0x1e0 ./Drivers/STM32F4xx_HAL_Driver/Src/stm32f4xx_hal_tim.o
                0x08005f88                HAL_TIM_IRQHandler
 .text.HAL_TIM_PWM_ConfigChannel
                0x08006168      0x184 ./Drivers/STM32F4xx_HAL_Driver/Src/stm32f4xx_hal_tim.o
                0x08006168                HAL_TIM_PWM_ConfigChannel
 .text.HAL_TIM_ConfigClockSource
                0x080062ec      0x18e ./Drivers/STM32F4xx_HAL_Driver/Src/stm32f4xx_hal_tim.o
                0x080062ec                HAL_TIM_ConfigClockSource
 .text.HAL_TIM_PeriodElapsedCallback
                0x0800647a       0x14 ./Drivers/STM32F4xx_HAL_Driver/Src/stm32f4xx_hal_tim.o
                0x0800647a                HAL_TIM_PeriodElapsedCallback
 .text.HAL_TIM_OC_DelayElapsedCallback
                0x0800648e       0x14 ./Drivers/STM32F4xx_HAL_Driver/Src/stm32f4xx_hal_tim.o
                0x0800648e                HAL_TIM_OC_DelayElapsedCallback
 .text.HAL_TIM_IC_CaptureCallback
                0x080064a2       0x14 ./Drivers/STM32F4xx_HAL_Driver/Src/stm32f4xx_hal_tim.o
                0x080064a2                HAL_TIM_IC_CaptureCallback
 .text.HAL_TIM_PWM_PulseFinishedCallback
                0x080064b6       0x14 ./Drivers/STM32F4xx_HAL_Driver/Src/stm32f4xx_hal_tim.o
                0x080064b6                HAL_TIM_PWM_PulseFinishedCallback
 .text.HAL_TIM_TriggerCallback
                0x080064ca       0x14 ./Drivers/STM32F4xx_HAL_Driver/Src/stm32f4xx_hal_tim.o
                0x080064ca                HAL_TIM_TriggerCallback
 *fill*         0x080064de        0x2 
 .text.TIM_Base_SetConfig
                0x080064e0      0x14c ./Drivers/STM32F4xx_HAL_Driver/Src/stm32f4xx_hal_tim.o
                0x080064e0                TIM_Base_SetConfig
 .text.TIM_OC1_SetConfig
                0x0800662c       0xe0 ./Drivers/STM32F4xx_HAL_Driver/Src/stm32f4xx_hal_tim.o
 .text.TIM_OC2_SetConfig
                0x0800670c       0xec ./Drivers/STM32F4xx_HAL_Driver/Src/stm32f4xx_hal_tim.o
                0x0800670c                TIM_OC2_SetConfig
 .text.TIM_OC3_SetConfig
                0x080067f8       0xe8 ./Drivers/STM32F4xx_HAL_Driver/Src/stm32f4xx_hal_tim.o
 .text.TIM_OC4_SetConfig
                0x080068e0       0xac ./Drivers/STM32F4xx_HAL_Driver/Src/stm32f4xx_hal_tim.o
 .text.TIM_TI1_ConfigInputStage
                0x0800698c       0x5e ./Drivers/STM32F4xx_HAL_Driver/Src/stm32f4xx_hal_tim.o
 .text.TIM_TI2_ConfigInputStage
                0x080069ea       0x60 ./Drivers/STM32F4xx_HAL_Driver/Src/stm32f4xx_hal_tim.o
 .text.TIM_ITRx_SetConfig
                0x08006a4a       0x36 ./Drivers/STM32F4xx_HAL_Driver/Src/stm32f4xx_hal_tim.o
 .text.TIM_ETR_SetConfig
                0x08006a80       0x40 ./Drivers/STM32F4xx_HAL_Driver/Src/stm32f4xx_hal_tim.o
                0x08006a80                TIM_ETR_SetConfig
 .text.TIM_CCxChannelCmd
                0x08006ac0       0x4a ./Drivers/STM32F4xx_HAL_Driver/Src/stm32f4xx_hal_tim.o
                0x08006ac0                TIM_CCxChannelCmd
 *fill*         0x08006b0a        0x2 
 .text.HAL_TIMEx_MasterConfigSynchronization
                0x08006b0c       0xf8 ./Drivers/STM32F4xx_HAL_Driver/Src/stm32f4xx_hal_tim_ex.o
                0x08006b0c                HAL_TIMEx_MasterConfigSynchronization
 .text.HAL_TIMEx_CommutCallback
                0x08006c04       0x14 ./Drivers/STM32F4xx_HAL_Driver/Src/stm32f4xx_hal_tim_ex.o
                0x08006c04                HAL_TIMEx_CommutCallback
 .text.HAL_TIMEx_BreakCallback
                0x08006c18       0x14 ./Drivers/STM32F4xx_HAL_Driver/Src/stm32f4xx_hal_tim_ex.o
                0x08006c18                HAL_TIMEx_BreakCallback
 .text.HAL_UART_Init
                0x08006c2c       0xa0 ./Drivers/STM32F4xx_HAL_Driver/Src/stm32f4xx_hal_uart.o
                0x08006c2c                HAL_UART_Init
 .text.HAL_UART_Transmit
                0x08006ccc      0x116 ./Drivers/STM32F4xx_HAL_Driver/Src/stm32f4xx_hal_uart.o
                0x08006ccc                HAL_UART_Transmit
 .text.HAL_UART_Receive_IT
                0x08006de2       0x4a ./Drivers/STM32F4xx_HAL_Driver/Src/stm32f4xx_hal_uart.o
                0x08006de2                HAL_UART_Receive_IT
 .text.HAL_UART_IRQHandler
                0x08006e2c      0x554 ./Drivers/STM32F4xx_HAL_Driver/Src/stm32f4xx_hal_uart.o
                0x08006e2c                HAL_UART_IRQHandler
 .text.HAL_UART_TxCpltCallback
                0x08007380       0x14 ./Drivers/STM32F4xx_HAL_Driver/Src/stm32f4xx_hal_uart.o
                0x08007380                HAL_UART_TxCpltCallback
 .text.HAL_UART_ErrorCallback
                0x08007394       0x14 ./Drivers/STM32F4xx_HAL_Driver/Src/stm32f4xx_hal_uart.o
                0x08007394                HAL_UART_ErrorCallback
 .text.HAL_UARTEx_RxEventCallback
                0x080073a8       0x18 ./Drivers/STM32F4xx_HAL_Driver/Src/stm32f4xx_hal_uart.o
                0x080073a8                HAL_UARTEx_RxEventCallback
 .text.UART_WaitOnFlagUntilTimeout
                0x080073c0       0xb2 ./Drivers/STM32F4xx_HAL_Driver/Src/stm32f4xx_hal_uart.o
 .text.UART_Start_Receive_IT
                0x08007472       0x74 ./Drivers/STM32F4xx_HAL_Driver/Src/stm32f4xx_hal_uart.o
                0x08007472                UART_Start_Receive_IT
 .text.UART_EndRxTransfer
                0x080074e6       0xc6 ./Drivers/STM32F4xx_HAL_Driver/Src/stm32f4xx_hal_uart.o
 .text.UART_DMAAbortOnError
                0x080075ac       0x22 ./Drivers/STM32F4xx_HAL_Driver/Src/stm32f4xx_hal_uart.o
 .text.UART_Transmit_IT
                0x080075ce       0xa0 ./Drivers/STM32F4xx_HAL_Driver/Src/stm32f4xx_hal_uart.o
 .text.UART_EndTransmit_IT
                0x0800766e       0x30 ./Drivers/STM32F4xx_HAL_Driver/Src/stm32f4xx_hal_uart.o
 .text.UART_Receive_IT
                0x0800769e      0x17c ./Drivers/STM32F4xx_HAL_Driver/Src/stm32f4xx_hal_uart.o
 *fill*         0x0800781a        0x2 
 .text.UART_SetConfig
                0x0800781c      0x4e8 ./Drivers/STM32F4xx_HAL_Driver/Src/stm32f4xx_hal_uart.o
 .text.snprintf
                0x08007d04       0x6c C:/ST/STM32CubeIDE_1.19.0/STM32CubeIDE/plugins/com.st.stm32cube.ide.mcu.externaltools.gnu-tools-for-stm32.13.3.rel1.win32_1.0.0.202411081344/tools/bin/../lib/gcc/arm-none-eabi/13.3.1/../../../../arm-none-eabi/lib/thumb/v7e-m+fp/hard\libc_nano.a(libc_a-snprintf.o)
                0x08007d04                sniprintf
                0x08007d04                snprintf
 .text.sscanf   0x08007d70       0x58 C:/ST/STM32CubeIDE_1.19.0/STM32CubeIDE/plugins/com.st.stm32cube.ide.mcu.externaltools.gnu-tools-for-stm32.13.3.rel1.win32_1.0.0.202411081344/tools/bin/../lib/gcc/arm-none-eabi/13.3.1/../../../../arm-none-eabi/lib/thumb/v7e-m+fp/hard\libc_nano.a(libc_a-sscanf.o)
                0x08007d70                siscanf
                0x08007d70                sscanf
 .text.__seofread
                0x08007dc8        0x4 C:/ST/STM32CubeIDE_1.19.0/STM32CubeIDE/plugins/com.st.stm32cube.ide.mcu.externaltools.gnu-tools-for-stm32.13.3.rel1.win32_1.0.0.202411081344/tools/bin/../lib/gcc/arm-none-eabi/13.3.1/../../../../arm-none-eabi/lib/thumb/v7e-m+fp/hard\libc_nano.a(libc_a-stdio.o)
                0x08007dc8                __seofread
 .text.memset   0x08007dcc       0x10 C:/ST/STM32CubeIDE_1.19.0/STM32CubeIDE/plugins/com.st.stm32cube.ide.mcu.externaltools.gnu-tools-for-stm32.13.3.rel1.win32_1.0.0.202411081344/tools/bin/../lib/gcc/arm-none-eabi/13.3.1/../../../../arm-none-eabi/lib/thumb/v7e-m+fp/hard\libc_nano.a(libc_a-memset.o)
                0x08007dcc                memset
 .text.strncmp  0x08007ddc       0x24 C:/ST/STM32CubeIDE_1.19.0/STM32CubeIDE/plugins/com.st.stm32cube.ide.mcu.externaltools.gnu-tools-for-stm32.13.3.rel1.win32_1.0.0.202411081344/tools/bin/../lib/gcc/arm-none-eabi/13.3.1/../../../../arm-none-eabi/lib/thumb/v7e-m+fp/hard\libc_nano.a(libc_a-strncmp.o)
                0x08007ddc                strncmp
 .text.strstr   0x08007e00       0x2c C:/ST/STM32CubeIDE_1.19.0/STM32CubeIDE/plugins/com.st.stm32cube.ide.mcu.externaltools.gnu-tools-for-stm32.13.3.rel1.win32_1.0.0.202411081344/tools/bin/../lib/gcc/arm-none-eabi/13.3.1/../../../../arm-none-eabi/lib/thumb/v7e-m+fp/hard\libc_nano.a(libc_a-strstr.o)
                0x08007e00                strstr
 .text.__errno  0x08007e2c        0xc C:/ST/STM32CubeIDE_1.19.0/STM32CubeIDE/plugins/com.st.stm32cube.ide.mcu.externaltools.gnu-tools-for-stm32.13.3.rel1.win32_1.0.0.202411081344/tools/bin/../lib/gcc/arm-none-eabi/13.3.1/../../../../arm-none-eabi/lib/thumb/v7e-m+fp/hard\libc_nano.a(libc_a-errno.o)
                0x08007e2c                __errno
 .text.__libc_init_array
                0x08007e38       0x48 C:/ST/STM32CubeIDE_1.19.0/STM32CubeIDE/plugins/com.st.stm32cube.ide.mcu.externaltools.gnu-tools-for-stm32.13.3.rel1.win32_1.0.0.202411081344/tools/bin/../lib/gcc/arm-none-eabi/13.3.1/../../../../arm-none-eabi/lib/thumb/v7e-m+fp/hard\libc_nano.a(libc_a-init.o)
                0x08007e38                __libc_init_array
 .text.__retarget_lock_acquire_recursive
                0x08007e80        0x2 C:/ST/STM32CubeIDE_1.19.0/STM32CubeIDE/plugins/com.st.stm32cube.ide.mcu.externaltools.gnu-tools-for-stm32.13.3.rel1.win32_1.0.0.202411081344/tools/bin/../lib/gcc/arm-none-eabi/13.3.1/../../../../arm-none-eabi/lib/thumb/v7e-m+fp/hard\libc_nano.a(libc_a-lock.o)
                0x08007e80                __retarget_lock_acquire_recursive
 .text.__retarget_lock_release_recursive
                0x08007e82        0x2 C:/ST/STM32CubeIDE_1.19.0/STM32CubeIDE/plugins/com.st.stm32cube.ide.mcu.externaltools.gnu-tools-for-stm32.13.3.rel1.win32_1.0.0.202411081344/tools/bin/../lib/gcc/arm-none-eabi/13.3.1/../../../../arm-none-eabi/lib/thumb/v7e-m+fp/hard\libc_nano.a(libc_a-lock.o)
                0x08007e82                __retarget_lock_release_recursive
 .text.memcpy   0x08007e84       0x1c C:/ST/STM32CubeIDE_1.19.0/STM32CubeIDE/plugins/com.st.stm32cube.ide.mcu.externaltools.gnu-tools-for-stm32.13.3.rel1.win32_1.0.0.202411081344/tools/bin/../lib/gcc/arm-none-eabi/13.3.1/../../../../arm-none-eabi/lib/thumb/v7e-m+fp/hard\libc_nano.a(libc_a-memcpy-stub.o)
                0x08007e84                memcpy
 .text._free_r  0x08007ea0       0x94 C:/ST/STM32CubeIDE_1.19.0/STM32CubeIDE/plugins/com.st.stm32cube.ide.mcu.externaltools.gnu-tools-for-stm32.13.3.rel1.win32_1.0.0.202411081344/tools/bin/../lib/gcc/arm-none-eabi/13.3.1/../../../../arm-none-eabi/lib/thumb/v7e-m+fp/hard\libc_nano.a(libc_a-freer.o)
                0x08007ea0                _free_r
 .text.sbrk_aligned
                0x08007f34       0x44 C:/ST/STM32CubeIDE_1.19.0/STM32CubeIDE/plugins/com.st.stm32cube.ide.mcu.externaltools.gnu-tools-for-stm32.13.3.rel1.win32_1.0.0.202411081344/tools/bin/../lib/gcc/arm-none-eabi/13.3.1/../../../../arm-none-eabi/lib/thumb/v7e-m+fp/hard\libc_nano.a(libc_a-mallocr.o)
 .text._malloc_r
                0x08007f78      0x100 C:/ST/STM32CubeIDE_1.19.0/STM32CubeIDE/plugins/com.st.stm32cube.ide.mcu.externaltools.gnu-tools-for-stm32.13.3.rel1.win32_1.0.0.202411081344/tools/bin/../lib/gcc/arm-none-eabi/13.3.1/../../../../arm-none-eabi/lib/thumb/v7e-m+fp/hard\libc_nano.a(libc_a-mallocr.o)
                0x08007f78                _malloc_r
 .text.__malloc_lock
                0x08008078        0xc C:/ST/STM32CubeIDE_1.19.0/STM32CubeIDE/plugins/com.st.stm32cube.ide.mcu.externaltools.gnu-tools-for-stm32.13.3.rel1.win32_1.0.0.202411081344/tools/bin/../lib/gcc/arm-none-eabi/13.3.1/../../../../arm-none-eabi/lib/thumb/v7e-m+fp/hard\libc_nano.a(libc_a-mlock.o)
                0x08008078                __malloc_lock
 .text.__malloc_unlock
                0x08008084        0xc C:/ST/STM32CubeIDE_1.19.0/STM32CubeIDE/plugins/com.st.stm32cube.ide.mcu.externaltools.gnu-tools-for-stm32.13.3.rel1.win32_1.0.0.202411081344/tools/bin/../lib/gcc/arm-none-eabi/13.3.1/../../../../arm-none-eabi/lib/thumb/v7e-m+fp/hard\libc_nano.a(libc_a-mlock.o)
                0x08008084                __malloc_unlock
 .text.__ssputs_r
                0x08008090       0xb6 C:/ST/STM32CubeIDE_1.19.0/STM32CubeIDE/plugins/com.st.stm32cube.ide.mcu.externaltools.gnu-tools-for-stm32.13.3.rel1.win32_1.0.0.202411081344/tools/bin/../lib/gcc/arm-none-eabi/13.3.1/../../../../arm-none-eabi/lib/thumb/v7e-m+fp/hard\libc_nano.a(libc_a-nano-svfprintf.o)
                0x08008090                __ssputs_r
 *fill*         0x08008146        0x2 
 .text._svfprintf_r
                0x08008148      0x1f8 C:/ST/STM32CubeIDE_1.19.0/STM32CubeIDE/plugins/com.st.stm32cube.ide.mcu.externaltools.gnu-tools-for-stm32.13.3.rel1.win32_1.0.0.202411081344/tools/bin/../lib/gcc/arm-none-eabi/13.3.1/../../../../arm-none-eabi/lib/thumb/v7e-m+fp/hard\libc_nano.a(libc_a-nano-svfprintf.o)
                0x08008148                _svfiprintf_r
                0x08008148                _svfprintf_r
 .text._sungetc_r
                0x08008340       0x7a C:/ST/STM32CubeIDE_1.19.0/STM32CubeIDE/plugins/com.st.stm32cube.ide.mcu.externaltools.gnu-tools-for-stm32.13.3.rel1.win32_1.0.0.202411081344/tools/bin/../lib/gcc/arm-none-eabi/13.3.1/../../../../arm-none-eabi/lib/thumb/v7e-m+fp/hard\libc_nano.a(libc_a-nano-svfscanf.o)
                0x08008340                _sungetc_r
 .text.__ssrefill_r
                0x080083ba       0x3a C:/ST/STM32CubeIDE_1.19.0/STM32CubeIDE/plugins/com.st.stm32cube.ide.mcu.externaltools.gnu-tools-for-stm32.13.3.rel1.win32_1.0.0.202411081344/tools/bin/../lib/gcc/arm-none-eabi/13.3.1/../../../../arm-none-eabi/lib/thumb/v7e-m+fp/hard\libc_nano.a(libc_a-nano-svfscanf.o)
                0x080083ba                __ssrefill_r
 .text.__ssvfscanf_r
                0x080083f4      0x2ec C:/ST/STM32CubeIDE_1.19.0/STM32CubeIDE/plugins/com.st.stm32cube.ide.mcu.externaltools.gnu-tools-for-stm32.13.3.rel1.win32_1.0.0.202411081344/tools/bin/../lib/gcc/arm-none-eabi/13.3.1/../../../../arm-none-eabi/lib/thumb/v7e-m+fp/hard\libc_nano.a(libc_a-nano-svfscanf.o)
                0x080083f4                __ssvfiscanf_r
                0x080083f4                __ssvfscanf_r
 .text._printf_common
                0x080086e0       0xda C:/ST/STM32CubeIDE_1.19.0/STM32CubeIDE/plugins/com.st.stm32cube.ide.mcu.externaltools.gnu-tools-for-stm32.13.3.rel1.win32_1.0.0.202411081344/tools/bin/../lib/gcc/arm-none-eabi/13.3.1/../../../../arm-none-eabi/lib/thumb/v7e-m+fp/hard\libc_nano.a(libc_a-nano-vfprintf_i.o)
                0x080086e0                _printf_common
 *fill*         0x080087ba        0x2 
 .text._printf_i
                0x080087bc      0x23c C:/ST/STM32CubeIDE_1.19.0/STM32CubeIDE/plugins/com.st.stm32cube.ide.mcu.externaltools.gnu-tools-for-stm32.13.3.rel1.win32_1.0.0.202411081344/tools/bin/../lib/gcc/arm-none-eabi/13.3.1/../../../../arm-none-eabi/lib/thumb/v7e-m+fp/hard\libc_nano.a(libc_a-nano-vfprintf_i.o)
                0x080087bc                _printf_i
 .text._scanf_chars
                0x080089f8       0xb4 C:/ST/STM32CubeIDE_1.19.0/STM32CubeIDE/plugins/com.st.stm32cube.ide.mcu.externaltools.gnu-tools-for-stm32.13.3.rel1.win32_1.0.0.202411081344/tools/bin/../lib/gcc/arm-none-eabi/13.3.1/../../../../arm-none-eabi/lib/thumb/v7e-m+fp/hard\libc_nano.a(libc_a-nano-vfscanf_i.o)
                0x080089f8                _scanf_chars
 .text._scanf_i
                0x08008aac      0x1e8 C:/ST/STM32CubeIDE_1.19.0/STM32CubeIDE/plugins/com.st.stm32cube.ide.mcu.externaltools.gnu-tools-for-stm32.13.3.rel1.win32_1.0.0.202411081344/tools/bin/../lib/gcc/arm-none-eabi/13.3.1/../../../../arm-none-eabi/lib/thumb/v7e-m+fp/hard\libc_nano.a(libc_a-nano-vfscanf_i.o)
                0x08008aac                _scanf_i
 .text.__sccl   0x08008c94       0x72 C:/ST/STM32CubeIDE_1.19.0/STM32CubeIDE/plugins/com.st.stm32cube.ide.mcu.externaltools.gnu-tools-for-stm32.13.3.rel1.win32_1.0.0.202411081344/tools/bin/../lib/gcc/arm-none-eabi/13.3.1/../../../../arm-none-eabi/lib/thumb/v7e-m+fp/hard\libc_nano.a(libc_a-sccl.o)
                0x08008c94                __sccl
 .text.__submore
                0x08008d06       0x74 C:/ST/STM32CubeIDE_1.19.0/STM32CubeIDE/plugins/com.st.stm32cube.ide.mcu.externaltools.gnu-tools-for-stm32.13.3.rel1.win32_1.0.0.202411081344/tools/bin/../lib/gcc/arm-none-eabi/13.3.1/../../../../arm-none-eabi/lib/thumb/v7e-m+fp/hard\libc_nano.a(libc_a-ungetc.o)
                0x08008d06                __submore
 .text.memmove  0x08008d7a       0x34 C:/ST/STM32CubeIDE_1.19.0/STM32CubeIDE/plugins/com.st.stm32cube.ide.mcu.externaltools.gnu-tools-for-stm32.13.3.rel1.win32_1.0.0.202411081344/tools/bin/../lib/gcc/arm-none-eabi/13.3.1/../../../../arm-none-eabi/lib/thumb/v7e-m+fp/hard\libc_nano.a(libc_a-memmove.o)
                0x08008d7a                memmove
 *fill*         0x08008dae        0x2 
 .text._sbrk_r  0x08008db0       0x20 C:/ST/STM32CubeIDE_1.19.0/STM32CubeIDE/plugins/com.st.stm32cube.ide.mcu.externaltools.gnu-tools-for-stm32.13.3.rel1.win32_1.0.0.202411081344/tools/bin/../lib/gcc/arm-none-eabi/13.3.1/../../../../arm-none-eabi/lib/thumb/v7e-m+fp/hard\libc_nano.a(libc_a-sbrkr.o)
                0x08008db0                _sbrk_r
 .text._realloc_r
                0x08008dd0       0x5c C:/ST/STM32CubeIDE_1.19.0/STM32CubeIDE/plugins/com.st.stm32cube.ide.mcu.externaltools.gnu-tools-for-stm32.13.3.rel1.win32_1.0.0.202411081344/tools/bin/../lib/gcc/arm-none-eabi/13.3.1/../../../../arm-none-eabi/lib/thumb/v7e-m+fp/hard\libc_nano.a(libc_a-reallocr.o)
                0x08008dd0                _realloc_r
 .text._strtol_l.isra.0
                0x08008e2c       0xf4 C:/ST/STM32CubeIDE_1.19.0/STM32CubeIDE/plugins/com.st.stm32cube.ide.mcu.externaltools.gnu-tools-for-stm32.13.3.rel1.win32_1.0.0.202411081344/tools/bin/../lib/gcc/arm-none-eabi/13.3.1/../../../../arm-none-eabi/lib/thumb/v7e-m+fp/hard\libc_nano.a(libc_a-strtol.o)
 .text._strtol_r
                0x08008f20        0x4 C:/ST/STM32CubeIDE_1.19.0/STM32CubeIDE/plugins/com.st.stm32cube.ide.mcu.externaltools.gnu-tools-for-stm32.13.3.rel1.win32_1.0.0.202411081344/tools/bin/../lib/gcc/arm-none-eabi/13.3.1/../../../../arm-none-eabi/lib/thumb/v7e-m+fp/hard\libc_nano.a(libc_a-strtol.o)
                0x08008f20                _strtol_r
 .text._strtoul_l.isra.0
                0x08008f24       0xdc C:/ST/STM32CubeIDE_1.19.0/STM32CubeIDE/plugins/com.st.stm32cube.ide.mcu.externaltools.gnu-tools-for-stm32.13.3.rel1.win32_1.0.0.202411081344/tools/bin/../lib/gcc/arm-none-eabi/13.3.1/../../../../arm-none-eabi/lib/thumb/v7e-m+fp/hard\libc_nano.a(libc_a-strtoul.o)
 .text._strtoul_r
                0x08009000        0x4 C:/ST/STM32CubeIDE_1.19.0/STM32CubeIDE/plugins/com.st.stm32cube.ide.mcu.externaltools.gnu-tools-for-stm32.13.3.rel1.win32_1.0.0.202411081344/tools/bin/../lib/gcc/arm-none-eabi/13.3.1/../../../../arm-none-eabi/lib/thumb/v7e-m+fp/hard\libc_nano.a(libc_a-strtoul.o)
                0x08009000                _strtoul_r
 .text._malloc_usable_size_r
                0x08009004       0x10 C:/ST/STM32CubeIDE_1.19.0/STM32CubeIDE/plugins/com.st.stm32cube.ide.mcu.externaltools.gnu-tools-for-stm32.13.3.rel1.win32_1.0.0.202411081344/tools/bin/../lib/gcc/arm-none-eabi/13.3.1/../../../../arm-none-eabi/lib/thumb/v7e-m+fp/hard\libc_nano.a(libc_a-msizer.o)
                0x08009004                _malloc_usable_size_r
 *(.glue_7)
 .glue_7        0x08009014        0x0 linker stubs
 *(.glue_7t)
 .glue_7t       0x08009014        0x0 linker stubs
 *(.eh_frame)
 .eh_frame      0x08009014        0x0 C:/ST/STM32CubeIDE_1.19.0/STM32CubeIDE/plugins/com.st.stm32cube.ide.mcu.externaltools.gnu-tools-for-stm32.13.3.rel1.win32_1.0.0.202411081344/tools/bin/../lib/gcc/arm-none-eabi/13.3.1/thumb/v7e-m+fp/hard/crtbegin.o
 *(.init)
 .init          0x08009014        0x4 C:/ST/STM32CubeIDE_1.19.0/STM32CubeIDE/plugins/com.st.stm32cube.ide.mcu.externaltools.gnu-tools-for-stm32.13.3.rel1.win32_1.0.0.202411081344/tools/bin/../lib/gcc/arm-none-eabi/13.3.1/thumb/v7e-m+fp/hard/crti.o
                0x08009014                _init
 .init          0x08009018        0x8 C:/ST/STM32CubeIDE_1.19.0/STM32CubeIDE/plugins/com.st.stm32cube.ide.mcu.externaltools.gnu-tools-for-stm32.13.3.rel1.win32_1.0.0.202411081344/tools/bin/../lib/gcc/arm-none-eabi/13.3.1/thumb/v7e-m+fp/hard/crtn.o
 *(.fini)
 .fini          0x08009020        0x4 C:/ST/STM32CubeIDE_1.19.0/STM32CubeIDE/plugins/com.st.stm32cube.ide.mcu.externaltools.gnu-tools-for-stm32.13.3.rel1.win32_1.0.0.202411081344/tools/bin/../lib/gcc/arm-none-eabi/13.3.1/thumb/v7e-m+fp/hard/crti.o
                0x08009020                _fini
 .fini          0x08009024        0x8 C:/ST/STM32CubeIDE_1.19.0/STM32CubeIDE/plugins/com.st.stm32cube.ide.mcu.externaltools.gnu-tools-for-stm32.13.3.rel1.win32_1.0.0.202411081344/tools/bin/../lib/gcc/arm-none-eabi/13.3.1/thumb/v7e-m+fp/hard/crtn.o
                0x0800902c                        . = ALIGN (0x4)
                0x0800902c                        _etext = .

.vfp11_veneer   0x0800902c        0x0
 .vfp11_veneer  0x0800902c        0x0 linker stubs

.v4_bx          0x0800902c        0x0
 .v4_bx         0x0800902c        0x0 linker stubs

.iplt           0x0800902c        0x0
 .iplt          0x0800902c        0x0 C:/ST/STM32CubeIDE_1.19.0/STM32CubeIDE/plugins/com.st.stm32cube.ide.mcu.externaltools.gnu-tools-for-stm32.13.3.rel1.win32_1.0.0.202411081344/tools/bin/../lib/gcc/arm-none-eabi/13.3.1/thumb/v7e-m+fp/hard/crtbegin.o

.rodata         0x0800902c      0x418
                0x0800902c                        . = ALIGN (0x4)
 *(.rodata)
 .rodata        0x0800902c      0x2a1 ./Core/Src/main.o
 *fill*         0x080092cd        0x3 
 .rodata        0x080092d0        0xc C:/ST/STM32CubeIDE_1.19.0/STM32CubeIDE/plugins/com.st.stm32cube.ide.mcu.externaltools.gnu-tools-for-stm32.13.3.rel1.win32_1.0.0.202411081344/tools/bin/../lib/gcc/arm-none-eabi/13.3.1/../../../../arm-none-eabi/lib/thumb/v7e-m+fp/hard\libc_nano.a(libc_a-nano-vfscanf_i.o)
 *(.rodata*)
 .rodata.AHBPrescTable
                0x080092dc       0x10 ./Core/Src/system_stm32f4xx.o
                0x080092dc                AHBPrescTable
 .rodata.APBPrescTable
                0x080092ec        0x8 ./Core/Src/system_stm32f4xx.o
                0x080092ec                APBPrescTable
 .rodata._svfprintf_r.str1.1
                0x080092f4       0x4e C:/ST/STM32CubeIDE_1.19.0/STM32CubeIDE/plugins/com.st.stm32cube.ide.mcu.externaltools.gnu-tools-for-stm32.13.3.rel1.win32_1.0.0.202411081344/tools/bin/../lib/gcc/arm-none-eabi/13.3.1/../../../../arm-none-eabi/lib/thumb/v7e-m+fp/hard\libc_nano.a(libc_a-nano-svfprintf.o)
                                 0x11 (size before relaxing)
 .rodata.__ssvfscanf_r.str1.1
                0x08009342        0x4 C:/ST/STM32CubeIDE_1.19.0/STM32CubeIDE/plugins/com.st.stm32cube.ide.mcu.externaltools.gnu-tools-for-stm32.13.3.rel1.win32_1.0.0.202411081344/tools/bin/../lib/gcc/arm-none-eabi/13.3.1/../../../../arm-none-eabi/lib/thumb/v7e-m+fp/hard\libc_nano.a(libc_a-nano-svfscanf.o)
 .rodata._printf_i.str1.1
                0x08009342       0x22 C:/ST/STM32CubeIDE_1.19.0/STM32CubeIDE/plugins/com.st.stm32cube.ide.mcu.externaltools.gnu-tools-for-stm32.13.3.rel1.win32_1.0.0.202411081344/tools/bin/../lib/gcc/arm-none-eabi/13.3.1/../../../../arm-none-eabi/lib/thumb/v7e-m+fp/hard\libc_nano.a(libc_a-nano-vfprintf_i.o)
 .rodata._scanf_i.str1.1
                0x08009342       0x12 C:/ST/STM32CubeIDE_1.19.0/STM32CubeIDE/plugins/com.st.stm32cube.ide.mcu.externaltools.gnu-tools-for-stm32.13.3.rel1.win32_1.0.0.202411081344/tools/bin/../lib/gcc/arm-none-eabi/13.3.1/../../../../arm-none-eabi/lib/thumb/v7e-m+fp/hard\libc_nano.a(libc_a-nano-vfscanf_i.o)
 .rodata.str1.1
                0x08009342        0x9 C:/ST/STM32CubeIDE_1.19.0/STM32CubeIDE/plugins/com.st.stm32cube.ide.mcu.externaltools.gnu-tools-for-stm32.13.3.rel1.win32_1.0.0.202411081344/tools/bin/../lib/gcc/arm-none-eabi/13.3.1/../../../../arm-none-eabi/lib/thumb/v7e-m+fp/hard\libc_nano.a(libc_a-nano-vfscanf_i.o)
 .rodata._ctype_
                0x08009342      0x101 C:/ST/STM32CubeIDE_1.19.0/STM32CubeIDE/plugins/com.st.stm32cube.ide.mcu.externaltools.gnu-tools-for-stm32.13.3.rel1.win32_1.0.0.202411081344/tools/bin/../lib/gcc/arm-none-eabi/13.3.1/../../../../arm-none-eabi/lib/thumb/v7e-m+fp/hard\libc_nano.a(libc_a-ctype_.o)
                0x08009342                _ctype_
                0x08009444                        . = ALIGN (0x4)
 *fill*         0x08009443        0x1 

.ARM.extab      0x08009444        0x0
                0x08009444                        . = ALIGN (0x4)
 *(.ARM.extab* .gnu.linkonce.armextab.*)
                0x08009444                        . = ALIGN (0x4)

.ARM            0x08009444        0x8
                0x08009444                        . = ALIGN (0x4)
                0x08009444                        __exidx_start = .
 *(.ARM.exidx*)
 .ARM.exidx     0x08009444        0x8 C:/ST/STM32CubeIDE_1.19.0/STM32CubeIDE/plugins/com.st.stm32cube.ide.mcu.externaltools.gnu-tools-for-stm32.13.3.rel1.win32_1.0.0.202411081344/tools/bin/../lib/gcc/arm-none-eabi/13.3.1/../../../../arm-none-eabi/lib/thumb/v7e-m+fp/hard\libc_nano.a(libc_a-strlen.o)
 .ARM.exidx     0x0800944c        0x0 C:/ST/STM32CubeIDE_1.19.0/STM32CubeIDE/plugins/com.st.stm32cube.ide.mcu.externaltools.gnu-tools-for-stm32.13.3.rel1.win32_1.0.0.202411081344/tools/bin/../lib/gcc/arm-none-eabi/13.3.1/../../../../arm-none-eabi/lib/thumb/v7e-m+fp/hard\libc_nano.a(libc_a-memchr.o)
                                  0x8 (size before relaxing)
 .ARM.exidx     0x0800944c        0x0 C:/ST/STM32CubeIDE_1.19.0/STM32CubeIDE/plugins/com.st.stm32cube.ide.mcu.externaltools.gnu-tools-for-stm32.13.3.rel1.win32_1.0.0.202411081344/tools/bin/../lib/gcc/arm-none-eabi/13.3.1/thumb/v7e-m+fp/hard\libgcc.a(_udivmoddi4.o)
                                  0x8 (size before relaxing)
                0x0800944c                        __exidx_end = .
                0x0800944c                        . = ALIGN (0x4)

.preinit_array  0x0800944c        0x0
                0x0800944c                        . = ALIGN (0x4)
                0x0800944c                        PROVIDE (__preinit_array_start = .)
 *(.preinit_array*)
                0x0800944c                        PROVIDE (__preinit_array_end = .)
                0x0800944c                        . = ALIGN (0x4)

.init_array     0x0800944c        0x4
                0x0800944c                        . = ALIGN (0x4)
                0x0800944c                        PROVIDE (__init_array_start = .)
 *(SORT_BY_NAME(.init_array.*))
 *(.init_array*)
 .init_array    0x0800944c        0x4 C:/ST/STM32CubeIDE_1.19.0/STM32CubeIDE/plugins/com.st.stm32cube.ide.mcu.externaltools.gnu-tools-for-stm32.13.3.rel1.win32_1.0.0.202411081344/tools/bin/../lib/gcc/arm-none-eabi/13.3.1/thumb/v7e-m+fp/hard/crtbegin.o
                0x08009450                        PROVIDE (__init_array_end = .)
                0x08009450                        . = ALIGN (0x4)

.fini_array     0x08009450        0x4
                0x08009450                        . = ALIGN (0x4)
                [!provide]                        PROVIDE (__fini_array_start = .)
 *(SORT_BY_NAME(.fini_array.*))
 *(.fini_array*)
 .fini_array    0x08009450        0x4 C:/ST/STM32CubeIDE_1.19.0/STM32CubeIDE/plugins/com.st.stm32cube.ide.mcu.externaltools.gnu-tools-for-stm32.13.3.rel1.win32_1.0.0.202411081344/tools/bin/../lib/gcc/arm-none-eabi/13.3.1/thumb/v7e-m+fp/hard/crtbegin.o
                [!provide]                        PROVIDE (__fini_array_end = .)
                0x08009454                        . = ALIGN (0x4)
                0x08009454                        _sidata = LOADADDR (.data)

.rel.dyn        0x08009454        0x0
 .rel.iplt      0x08009454        0x0 C:/ST/STM32CubeIDE_1.19.0/STM32CubeIDE/plugins/com.st.stm32cube.ide.mcu.externaltools.gnu-tools-for-stm32.13.3.rel1.win32_1.0.0.202411081344/tools/bin/../lib/gcc/arm-none-eabi/13.3.1/thumb/v7e-m+fp/hard/crtbegin.o

.data           0x20000000      0x1c0 load address 0x08009454
                0x20000000                        . = ALIGN (0x4)
                0x20000000                        _sdata = .
 *(.data)
 *(.data*)
 .data.powerstep01Drv
                0x20000000      0x164 ./Core/Src/powerstep01.o
                0x20000000                powerstep01Drv
 .data.SystemCoreClock
                0x20000164        0x4 ./Core/Src/system_stm32f4xx.o
                0x20000164                SystemCoreClock
 .data.uwTickPrio
                0x20000168        0x4 ./Drivers/STM32F4xx_HAL_Driver/Src/stm32f4xx_hal.o
                0x20000168                uwTickPrio
 .data.uwTickFreq
                0x2000016c        0x1 ./Drivers/STM32F4xx_HAL_Driver/Src/stm32f4xx_hal.o
                0x2000016c                uwTickFreq
 *fill*         0x2000016d        0x3 
 .data._impure_ptr
                0x20000170        0x4 C:/ST/STM32CubeIDE_1.19.0/STM32CubeIDE/plugins/com.st.stm32cube.ide.mcu.externaltools.gnu-tools-for-stm32.13.3.rel1.win32_1.0.0.202411081344/tools/bin/../lib/gcc/arm-none-eabi/13.3.1/../../../../arm-none-eabi/lib/thumb/v7e-m+fp/hard\libc_nano.a(libc_a-impure.o)
                0x20000170                _impure_ptr
 .data._impure_data
                0x20000174       0x4c C:/ST/STM32CubeIDE_1.19.0/STM32CubeIDE/plugins/com.st.stm32cube.ide.mcu.externaltools.gnu-tools-for-stm32.13.3.rel1.win32_1.0.0.202411081344/tools/bin/../lib/gcc/arm-none-eabi/13.3.1/../../../../arm-none-eabi/lib/thumb/v7e-m+fp/hard\libc_nano.a(libc_a-impure.o)
                0x20000174                _impure_data
 *(.RamFunc)
 *(.RamFunc*)
                0x200001c0                        . = ALIGN (0x4)
                0x200001c0                        _edata = .

.igot.plt       0x200001c0        0x0 load address 0x08009614
 .igot.plt      0x200001c0        0x0 C:/ST/STM32CubeIDE_1.19.0/STM32CubeIDE/plugins/com.st.stm32cube.ide.mcu.externaltools.gnu-tools-for-stm32.13.3.rel1.win32_1.0.0.202411081344/tools/bin/../lib/gcc/arm-none-eabi/13.3.1/thumb/v7e-m+fp/hard/crtbegin.o
                0x200001c0                        . = ALIGN (0x4)

.bss            0x200001c0      0x4c8 load address 0x08009614
                0x200001c0                        _sbss = .
                0x200001c0                        __bss_start__ = _sbss
 *(.bss)
 .bss           0x200001c0       0x1c C:/ST/STM32CubeIDE_1.19.0/STM32CubeIDE/plugins/com.st.stm32cube.ide.mcu.externaltools.gnu-tools-for-stm32.13.3.rel1.win32_1.0.0.202411081344/tools/bin/../lib/gcc/arm-none-eabi/13.3.1/thumb/v7e-m+fp/hard/crtbegin.o
 *(.bss*)
 .bss.hspi1     0x200001dc       0x58 ./Core/Src/main.o
                0x200001dc                hspi1
 .bss.htim3     0x20000234       0x48 ./Core/Src/main.o
                0x20000234                htim3
 .bss.huart2    0x2000027c       0x48 ./Core/Src/main.o
                0x2000027c                huart2
 .bss.gLastError
                0x200002c4        0x2 ./Core/Src/main.o
 *fill*         0x200002c6        0x2 
 .bss.rx_buffer
                0x200002c8       0x80 ./Core/Src/main.o
 .bss.tx_buffer
                0x20000348       0x80 ./Core/Src/main.o
 .bss.command_ready
                0x200003c8        0x1 ./Core/Src/main.o
 *fill*         0x200003c9        0x3 
 .bss.motor0_target
                0x200003cc        0x4 ./Core/Src/main.o
 .bss.motor1_target
                0x200003d0        0x4 ./Core/Src/main.o
 .bss.uart_rx_byte
                0x200003d4        0x1 ./Core/Src/main.o
 *fill*         0x200003d5        0x3 
 .bss.command_buffer
                0x200003d8       0x80 ./Core/Src/main.o
 .bss.cmd_index
                0x20000458        0x4 ./Core/Src/main.o
 .bss.last_status_update
                0x2000045c        0x4 ./Core/Src/main.o
 .bss.system_tick
                0x20000460        0x4 ./Core/Src/main.o
 .bss.busyInterruptCallback
                0x20000464        0x4 ./Core/Src/powerstep01.o
                0x20000464                busyInterruptCallback
 .bss.flagInterruptCallback
                0x20000468        0x4 ./Core/Src/powerstep01.o
                0x20000468                flagInterruptCallback
 .bss.errorHandlerCallback
                0x2000046c        0x4 ./Core/Src/powerstep01.o
                0x2000046c                errorHandlerCallback
 .bss.numberOfDevices
                0x20000470        0x1 ./Core/Src/powerstep01.o
 *fill*         0x20000471        0x3 
 .bss.spiTxBursts
                0x20000474        0xc ./Core/Src/powerstep01.o
 .bss.spiRxBursts
                0x20000480        0xc ./Core/Src/powerstep01.o
 .bss.spiPreemtionByIsr
                0x2000048c        0x1 ./Core/Src/powerstep01.o
 .bss.isrFlag   0x2000048d        0x1 ./Core/Src/powerstep01.o
 .bss.powerstep01DriverInstance
                0x2000048e        0x2 ./Core/Src/powerstep01.o
 .bss.__sbrk_heap_end
                0x20000490        0x4 ./Core/Src/sysmem.o
 .bss.SpiHandle
                0x20000494       0x58 ./Core/Src/x_nucleo_ihm03a1_stm32f4xx.o
 .bss.hTimStepClock
                0x200004ec       0x48 ./Core/Src/x_nucleo_ihm03a1_stm32f4xx.o
                0x200004ec                hTimStepClock
 .bss.motorDrvHandle
                0x20000534        0x4 ./Core/Src/x_nucleo_ihmxx.o
 .bss.MotorControlBoardId
                0x20000538        0x2 ./Core/Src/x_nucleo_ihmxx.o
 *fill*         0x2000053a        0x2 
 .bss.uwTick    0x2000053c        0x4 ./Drivers/STM32F4xx_HAL_Driver/Src/stm32f4xx_hal.o
                0x2000053c                uwTick
 .bss.__sf      0x20000540      0x138 C:/ST/STM32CubeIDE_1.19.0/STM32CubeIDE/plugins/com.st.stm32cube.ide.mcu.externaltools.gnu-tools-for-stm32.13.3.rel1.win32_1.0.0.202411081344/tools/bin/../lib/gcc/arm-none-eabi/13.3.1/../../../../arm-none-eabi/lib/thumb/v7e-m+fp/hard\libc_nano.a(libc_a-findfp.o)
                0x20000540                __sf
 .bss.errno     0x20000678        0x4 C:/ST/STM32CubeIDE_1.19.0/STM32CubeIDE/plugins/com.st.stm32cube.ide.mcu.externaltools.gnu-tools-for-stm32.13.3.rel1.win32_1.0.0.202411081344/tools/bin/../lib/gcc/arm-none-eabi/13.3.1/../../../../arm-none-eabi/lib/thumb/v7e-m+fp/hard\libc_nano.a(libc_a-reent.o)
                0x20000678                errno
 .bss.__lock___malloc_recursive_mutex
                0x2000067c        0x1 C:/ST/STM32CubeIDE_1.19.0/STM32CubeIDE/plugins/com.st.stm32cube.ide.mcu.externaltools.gnu-tools-for-stm32.13.3.rel1.win32_1.0.0.202411081344/tools/bin/../lib/gcc/arm-none-eabi/13.3.1/../../../../arm-none-eabi/lib/thumb/v7e-m+fp/hard\libc_nano.a(libc_a-lock.o)
                0x2000067c                __lock___malloc_recursive_mutex
 *fill*         0x2000067d        0x3 
 .bss.__malloc_sbrk_start
                0x20000680        0x4 C:/ST/STM32CubeIDE_1.19.0/STM32CubeIDE/plugins/com.st.stm32cube.ide.mcu.externaltools.gnu-tools-for-stm32.13.3.rel1.win32_1.0.0.202411081344/tools/bin/../lib/gcc/arm-none-eabi/13.3.1/../../../../arm-none-eabi/lib/thumb/v7e-m+fp/hard\libc_nano.a(libc_a-mallocr.o)
                0x20000680                __malloc_sbrk_start
 .bss.__malloc_free_list
                0x20000684        0x4 C:/ST/STM32CubeIDE_1.19.0/STM32CubeIDE/plugins/com.st.stm32cube.ide.mcu.externaltools.gnu-tools-for-stm32.13.3.rel1.win32_1.0.0.202411081344/tools/bin/../lib/gcc/arm-none-eabi/13.3.1/../../../../arm-none-eabi/lib/thumb/v7e-m+fp/hard\libc_nano.a(libc_a-mallocr.o)
                0x20000684                __malloc_free_list
 *(COMMON)
                0x20000688                        . = ALIGN (0x4)
                0x20000688                        _ebss = .
                0x20000688                        __bss_end__ = _ebss

._user_heap_stack
                0x20000688      0x600 load address 0x08009614
                0x20000688                        . = ALIGN (0x8)
                [!provide]                        PROVIDE (end = .)
                0x20000688                        PROVIDE (_end = .)
                0x20000888                        . = (. + _Min_Heap_Size)
 *fill*         0x20000688      0x200 
                0x20000c88                        . = (. + _Min_Stack_Size)
 *fill*         0x20000888      0x400 
                0x20000c88                        . = ALIGN (0x8)

/DISCARD/
 libc.a(*)
 libm.a(*)
 libgcc.a(*)

.ARM.attributes
                0x00000000       0x30
 *(.ARM.attributes)
 .ARM.attributes
                0x00000000       0x22 C:/ST/STM32CubeIDE_1.19.0/STM32CubeIDE/plugins/com.st.stm32cube.ide.mcu.externaltools.gnu-tools-for-stm32.13.3.rel1.win32_1.0.0.202411081344/tools/bin/../lib/gcc/arm-none-eabi/13.3.1/thumb/v7e-m+fp/hard/crti.o
 .ARM.attributes
                0x00000022       0x34 C:/ST/STM32CubeIDE_1.19.0/STM32CubeIDE/plugins/com.st.stm32cube.ide.mcu.externaltools.gnu-tools-for-stm32.13.3.rel1.win32_1.0.0.202411081344/tools/bin/../lib/gcc/arm-none-eabi/13.3.1/thumb/v7e-m+fp/hard/crtbegin.o
 .ARM.attributes
                0x00000056       0x34 ./Core/Src/main.o
 .ARM.attributes
                0x0000008a       0x34 ./Core/Src/powerstep01.o
 .ARM.attributes
                0x000000be       0x34 ./Core/Src/stm32f4xx_hal_msp.o
 .ARM.attributes
                0x000000f2       0x34 ./Core/Src/stm32f4xx_it.o
 .ARM.attributes
                0x00000126       0x34 ./Core/Src/sysmem.o
 .ARM.attributes
                0x0000015a       0x34 ./Core/Src/system_stm32f4xx.o
 .ARM.attributes
                0x0000018e       0x34 ./Core/Src/x_nucleo_ihm03a1_stm32f4xx.o
 .ARM.attributes
                0x000001c2       0x34 ./Core/Src/x_nucleo_ihmxx.o
 .ARM.attributes
                0x000001f6       0x21 ./Core/Startup/startup_stm32f446retx.o
 .ARM.attributes
                0x00000217       0x34 ./Drivers/STM32F4xx_HAL_Driver/Src/stm32f4xx_hal.o
 .ARM.attributes
                0x0000024b       0x34 ./Drivers/STM32F4xx_HAL_Driver/Src/stm32f4xx_hal_cortex.o
 .ARM.attributes
                0x0000027f       0x34 ./Drivers/STM32F4xx_HAL_Driver/Src/stm32f4xx_hal_dma.o
 .ARM.attributes
                0x000002b3       0x34 ./Drivers/STM32F4xx_HAL_Driver/Src/stm32f4xx_hal_gpio.o
 .ARM.attributes
                0x000002e7       0x34 ./Drivers/STM32F4xx_HAL_Driver/Src/stm32f4xx_hal_rcc.o
 .ARM.attributes
                0x0000031b       0x34 ./Drivers/STM32F4xx_HAL_Driver/Src/stm32f4xx_hal_rcc_ex.o
 .ARM.attributes
                0x0000034f       0x34 ./Drivers/STM32F4xx_HAL_Driver/Src/stm32f4xx_hal_spi.o
 .ARM.attributes
                0x00000383       0x34 ./Drivers/STM32F4xx_HAL_Driver/Src/stm32f4xx_hal_tim.o
 .ARM.attributes
                0x000003b7       0x34 ./Drivers/STM32F4xx_HAL_Driver/Src/stm32f4xx_hal_tim_ex.o
 .ARM.attributes
                0x000003eb       0x34 ./Drivers/STM32F4xx_HAL_Driver/Src/stm32f4xx_hal_uart.o
 .ARM.attributes
                0x0000041f       0x34 C:/ST/STM32CubeIDE_1.19.0/STM32CubeIDE/plugins/com.st.stm32cube.ide.mcu.externaltools.gnu-tools-for-stm32.13.3.rel1.win32_1.0.0.202411081344/tools/bin/../lib/gcc/arm-none-eabi/13.3.1/../../../../arm-none-eabi/lib/thumb/v7e-m+fp/hard\libc_nano.a(libc_a-findfp.o)
 .ARM.attributes
                0x00000453       0x34 C:/ST/STM32CubeIDE_1.19.0/STM32CubeIDE/plugins/com.st.stm32cube.ide.mcu.externaltools.gnu-tools-for-stm32.13.3.rel1.win32_1.0.0.202411081344/tools/bin/../lib/gcc/arm-none-eabi/13.3.1/../../../../arm-none-eabi/lib/thumb/v7e-m+fp/hard\libc_nano.a(libc_a-snprintf.o)
 .ARM.attributes
                0x00000487       0x34 C:/ST/STM32CubeIDE_1.19.0/STM32CubeIDE/plugins/com.st.stm32cube.ide.mcu.externaltools.gnu-tools-for-stm32.13.3.rel1.win32_1.0.0.202411081344/tools/bin/../lib/gcc/arm-none-eabi/13.3.1/../../../../arm-none-eabi/lib/thumb/v7e-m+fp/hard\libc_nano.a(libc_a-sscanf.o)
 .ARM.attributes
                0x000004bb       0x34 C:/ST/STM32CubeIDE_1.19.0/STM32CubeIDE/plugins/com.st.stm32cube.ide.mcu.externaltools.gnu-tools-for-stm32.13.3.rel1.win32_1.0.0.202411081344/tools/bin/../lib/gcc/arm-none-eabi/13.3.1/../../../../arm-none-eabi/lib/thumb/v7e-m+fp/hard\libc_nano.a(libc_a-stdio.o)
 .ARM.attributes
                0x000004ef       0x34 C:/ST/STM32CubeIDE_1.19.0/STM32CubeIDE/plugins/com.st.stm32cube.ide.mcu.externaltools.gnu-tools-for-stm32.13.3.rel1.win32_1.0.0.202411081344/tools/bin/../lib/gcc/arm-none-eabi/13.3.1/../../../../arm-none-eabi/lib/thumb/v7e-m+fp/hard\libc_nano.a(libc_a-memset.o)
 .ARM.attributes
                0x00000523       0x34 C:/ST/STM32CubeIDE_1.19.0/STM32CubeIDE/plugins/com.st.stm32cube.ide.mcu.externaltools.gnu-tools-for-stm32.13.3.rel1.win32_1.0.0.202411081344/tools/bin/../lib/gcc/arm-none-eabi/13.3.1/../../../../arm-none-eabi/lib/thumb/v7e-m+fp/hard\libc_nano.a(libc_a-strncmp.o)
 .ARM.attributes
                0x00000557       0x34 C:/ST/STM32CubeIDE_1.19.0/STM32CubeIDE/plugins/com.st.stm32cube.ide.mcu.externaltools.gnu-tools-for-stm32.13.3.rel1.win32_1.0.0.202411081344/tools/bin/../lib/gcc/arm-none-eabi/13.3.1/../../../../arm-none-eabi/lib/thumb/v7e-m+fp/hard\libc_nano.a(libc_a-strstr.o)
 .ARM.attributes
                0x0000058b       0x34 C:/ST/STM32CubeIDE_1.19.0/STM32CubeIDE/plugins/com.st.stm32cube.ide.mcu.externaltools.gnu-tools-for-stm32.13.3.rel1.win32_1.0.0.202411081344/tools/bin/../lib/gcc/arm-none-eabi/13.3.1/../../../../arm-none-eabi/lib/thumb/v7e-m+fp/hard\libc_nano.a(libc_a-reent.o)
 .ARM.attributes
                0x000005bf       0x34 C:/ST/STM32CubeIDE_1.19.0/STM32CubeIDE/plugins/com.st.stm32cube.ide.mcu.externaltools.gnu-tools-for-stm32.13.3.rel1.win32_1.0.0.202411081344/tools/bin/../lib/gcc/arm-none-eabi/13.3.1/../../../../arm-none-eabi/lib/thumb/v7e-m+fp/hard\libc_nano.a(libc_a-impure.o)
 .ARM.attributes
                0x000005f3       0x34 C:/ST/STM32CubeIDE_1.19.0/STM32CubeIDE/plugins/com.st.stm32cube.ide.mcu.externaltools.gnu-tools-for-stm32.13.3.rel1.win32_1.0.0.202411081344/tools/bin/../lib/gcc/arm-none-eabi/13.3.1/../../../../arm-none-eabi/lib/thumb/v7e-m+fp/hard\libc_nano.a(libc_a-errno.o)
 .ARM.attributes
                0x00000627       0x34 C:/ST/STM32CubeIDE_1.19.0/STM32CubeIDE/plugins/com.st.stm32cube.ide.mcu.externaltools.gnu-tools-for-stm32.13.3.rel1.win32_1.0.0.202411081344/tools/bin/../lib/gcc/arm-none-eabi/13.3.1/../../../../arm-none-eabi/lib/thumb/v7e-m+fp/hard\libc_nano.a(libc_a-init.o)
 .ARM.attributes
                0x0000065b       0x34 C:/ST/STM32CubeIDE_1.19.0/STM32CubeIDE/plugins/com.st.stm32cube.ide.mcu.externaltools.gnu-tools-for-stm32.13.3.rel1.win32_1.0.0.202411081344/tools/bin/../lib/gcc/arm-none-eabi/13.3.1/../../../../arm-none-eabi/lib/thumb/v7e-m+fp/hard\libc_nano.a(libc_a-lock.o)
 .ARM.attributes
                0x0000068f       0x34 C:/ST/STM32CubeIDE_1.19.0/STM32CubeIDE/plugins/com.st.stm32cube.ide.mcu.externaltools.gnu-tools-for-stm32.13.3.rel1.win32_1.0.0.202411081344/tools/bin/../lib/gcc/arm-none-eabi/13.3.1/../../../../arm-none-eabi/lib/thumb/v7e-m+fp/hard\libc_nano.a(libc_a-memcpy-stub.o)
 .ARM.attributes
                0x000006c3       0x17 C:/ST/STM32CubeIDE_1.19.0/STM32CubeIDE/plugins/com.st.stm32cube.ide.mcu.externaltools.gnu-tools-for-stm32.13.3.rel1.win32_1.0.0.202411081344/tools/bin/../lib/gcc/arm-none-eabi/13.3.1/../../../../arm-none-eabi/lib/thumb/v7e-m+fp/hard\libc_nano.a(libc_a-strlen.o)
 .ARM.attributes
                0x000006da       0x34 C:/ST/STM32CubeIDE_1.19.0/STM32CubeIDE/plugins/com.st.stm32cube.ide.mcu.externaltools.gnu-tools-for-stm32.13.3.rel1.win32_1.0.0.202411081344/tools/bin/../lib/gcc/arm-none-eabi/13.3.1/../../../../arm-none-eabi/lib/thumb/v7e-m+fp/hard\libc_nano.a(libc_a-freer.o)
 .ARM.attributes
                0x0000070e       0x34 C:/ST/STM32CubeIDE_1.19.0/STM32CubeIDE/plugins/com.st.stm32cube.ide.mcu.externaltools.gnu-tools-for-stm32.13.3.rel1.win32_1.0.0.202411081344/tools/bin/../lib/gcc/arm-none-eabi/13.3.1/../../../../arm-none-eabi/lib/thumb/v7e-m+fp/hard\libc_nano.a(libc_a-mallocr.o)
 .ARM.attributes
                0x00000742       0x34 C:/ST/STM32CubeIDE_1.19.0/STM32CubeIDE/plugins/com.st.stm32cube.ide.mcu.externaltools.gnu-tools-for-stm32.13.3.rel1.win32_1.0.0.202411081344/tools/bin/../lib/gcc/arm-none-eabi/13.3.1/../../../../arm-none-eabi/lib/thumb/v7e-m+fp/hard\libc_nano.a(libc_a-mlock.o)
 .ARM.attributes
                0x00000776       0x34 C:/ST/STM32CubeIDE_1.19.0/STM32CubeIDE/plugins/com.st.stm32cube.ide.mcu.externaltools.gnu-tools-for-stm32.13.3.rel1.win32_1.0.0.202411081344/tools/bin/../lib/gcc/arm-none-eabi/13.3.1/../../../../arm-none-eabi/lib/thumb/v7e-m+fp/hard\libc_nano.a(libc_a-nano-svfprintf.o)
 .ARM.attributes
                0x000007aa       0x34 C:/ST/STM32CubeIDE_1.19.0/STM32CubeIDE/plugins/com.st.stm32cube.ide.mcu.externaltools.gnu-tools-for-stm32.13.3.rel1.win32_1.0.0.202411081344/tools/bin/../lib/gcc/arm-none-eabi/13.3.1/../../../../arm-none-eabi/lib/thumb/v7e-m+fp/hard\libc_nano.a(libc_a-nano-svfscanf.o)
 .ARM.attributes
                0x000007de       0x34 C:/ST/STM32CubeIDE_1.19.0/STM32CubeIDE/plugins/com.st.stm32cube.ide.mcu.externaltools.gnu-tools-for-stm32.13.3.rel1.win32_1.0.0.202411081344/tools/bin/../lib/gcc/arm-none-eabi/13.3.1/../../../../arm-none-eabi/lib/thumb/v7e-m+fp/hard\libc_nano.a(libc_a-nano-vfprintf_i.o)
 .ARM.attributes
                0x00000812       0x34 C:/ST/STM32CubeIDE_1.19.0/STM32CubeIDE/plugins/com.st.stm32cube.ide.mcu.externaltools.gnu-tools-for-stm32.13.3.rel1.win32_1.0.0.202411081344/tools/bin/../lib/gcc/arm-none-eabi/13.3.1/../../../../arm-none-eabi/lib/thumb/v7e-m+fp/hard\libc_nano.a(libc_a-nano-vfscanf_i.o)
 .ARM.attributes
                0x00000846       0x34 C:/ST/STM32CubeIDE_1.19.0/STM32CubeIDE/plugins/com.st.stm32cube.ide.mcu.externaltools.gnu-tools-for-stm32.13.3.rel1.win32_1.0.0.202411081344/tools/bin/../lib/gcc/arm-none-eabi/13.3.1/../../../../arm-none-eabi/lib/thumb/v7e-m+fp/hard\libc_nano.a(libc_a-sccl.o)
 .ARM.attributes
                0x0000087a       0x34 C:/ST/STM32CubeIDE_1.19.0/STM32CubeIDE/plugins/com.st.stm32cube.ide.mcu.externaltools.gnu-tools-for-stm32.13.3.rel1.win32_1.0.0.202411081344/tools/bin/../lib/gcc/arm-none-eabi/13.3.1/../../../../arm-none-eabi/lib/thumb/v7e-m+fp/hard\libc_nano.a(libc_a-ungetc.o)
 .ARM.attributes
                0x000008ae       0x34 C:/ST/STM32CubeIDE_1.19.0/STM32CubeIDE/plugins/com.st.stm32cube.ide.mcu.externaltools.gnu-tools-for-stm32.13.3.rel1.win32_1.0.0.202411081344/tools/bin/../lib/gcc/arm-none-eabi/13.3.1/../../../../arm-none-eabi/lib/thumb/v7e-m+fp/hard\libc_nano.a(libc_a-memmove.o)
 .ARM.attributes
                0x000008e2       0x34 C:/ST/STM32CubeIDE_1.19.0/STM32CubeIDE/plugins/com.st.stm32cube.ide.mcu.externaltools.gnu-tools-for-stm32.13.3.rel1.win32_1.0.0.202411081344/tools/bin/../lib/gcc/arm-none-eabi/13.3.1/../../../../arm-none-eabi/lib/thumb/v7e-m+fp/hard\libc_nano.a(libc_a-sbrkr.o)
 .ARM.attributes
                0x00000916       0x1c C:/ST/STM32CubeIDE_1.19.0/STM32CubeIDE/plugins/com.st.stm32cube.ide.mcu.externaltools.gnu-tools-for-stm32.13.3.rel1.win32_1.0.0.202411081344/tools/bin/../lib/gcc/arm-none-eabi/13.3.1/../../../../arm-none-eabi/lib/thumb/v7e-m+fp/hard\libc_nano.a(libc_a-memchr.o)
 .ARM.attributes
                0x00000932       0x34 C:/ST/STM32CubeIDE_1.19.0/STM32CubeIDE/plugins/com.st.stm32cube.ide.mcu.externaltools.gnu-tools-for-stm32.13.3.rel1.win32_1.0.0.202411081344/tools/bin/../lib/gcc/arm-none-eabi/13.3.1/../../../../arm-none-eabi/lib/thumb/v7e-m+fp/hard\libc_nano.a(libc_a-reallocr.o)
 .ARM.attributes
                0x00000966       0x34 C:/ST/STM32CubeIDE_1.19.0/STM32CubeIDE/plugins/com.st.stm32cube.ide.mcu.externaltools.gnu-tools-for-stm32.13.3.rel1.win32_1.0.0.202411081344/tools/bin/../lib/gcc/arm-none-eabi/13.3.1/../../../../arm-none-eabi/lib/thumb/v7e-m+fp/hard\libc_nano.a(libc_a-strtol.o)
 .ARM.attributes
                0x0000099a       0x34 C:/ST/STM32CubeIDE_1.19.0/STM32CubeIDE/plugins/com.st.stm32cube.ide.mcu.externaltools.gnu-tools-for-stm32.13.3.rel1.win32_1.0.0.202411081344/tools/bin/../lib/gcc/arm-none-eabi/13.3.1/../../../../arm-none-eabi/lib/thumb/v7e-m+fp/hard\libc_nano.a(libc_a-strtoul.o)
 .ARM.attributes
                0x000009ce       0x34 C:/ST/STM32CubeIDE_1.19.0/STM32CubeIDE/plugins/com.st.stm32cube.ide.mcu.externaltools.gnu-tools-for-stm32.13.3.rel1.win32_1.0.0.202411081344/tools/bin/../lib/gcc/arm-none-eabi/13.3.1/../../../../arm-none-eabi/lib/thumb/v7e-m+fp/hard\libc_nano.a(libc_a-ctype_.o)
 .ARM.attributes
                0x00000a02       0x34 C:/ST/STM32CubeIDE_1.19.0/STM32CubeIDE/plugins/com.st.stm32cube.ide.mcu.externaltools.gnu-tools-for-stm32.13.3.rel1.win32_1.0.0.202411081344/tools/bin/../lib/gcc/arm-none-eabi/13.3.1/../../../../arm-none-eabi/lib/thumb/v7e-m+fp/hard\libc_nano.a(libc_a-msizer.o)
 .ARM.attributes
                0x00000a36       0x22 C:/ST/STM32CubeIDE_1.19.0/STM32CubeIDE/plugins/com.st.stm32cube.ide.mcu.externaltools.gnu-tools-for-stm32.13.3.rel1.win32_1.0.0.202411081344/tools/bin/../lib/gcc/arm-none-eabi/13.3.1/thumb/v7e-m+fp/hard\libgcc.a(_aeabi_uldivmod.o)
 .ARM.attributes
                0x00000a58       0x34 C:/ST/STM32CubeIDE_1.19.0/STM32CubeIDE/plugins/com.st.stm32cube.ide.mcu.externaltools.gnu-tools-for-stm32.13.3.rel1.win32_1.0.0.202411081344/tools/bin/../lib/gcc/arm-none-eabi/13.3.1/thumb/v7e-m+fp/hard\libgcc.a(_udivmoddi4.o)
 .ARM.attributes
                0x00000a8c       0x22 C:/ST/STM32CubeIDE_1.19.0/STM32CubeIDE/plugins/com.st.stm32cube.ide.mcu.externaltools.gnu-tools-for-stm32.13.3.rel1.win32_1.0.0.202411081344/tools/bin/../lib/gcc/arm-none-eabi/13.3.1/thumb/v7e-m+fp/hard\libgcc.a(_dvmd_tls.o)
 .ARM.attributes
                0x00000aae       0x22 C:/ST/STM32CubeIDE_1.19.0/STM32CubeIDE/plugins/com.st.stm32cube.ide.mcu.externaltools.gnu-tools-for-stm32.13.3.rel1.win32_1.0.0.202411081344/tools/bin/../lib/gcc/arm-none-eabi/13.3.1/thumb/v7e-m+fp/hard/crtn.o
OUTPUT(f446re_step_motor.elf elf32-littlearm)
LOAD linker stubs
LOAD C:/ST/STM32CubeIDE_1.19.0/STM32CubeIDE/plugins/com.st.stm32cube.ide.mcu.externaltools.gnu-tools-for-stm32.13.3.rel1.win32_1.0.0.202411081344/tools/bin/../lib/gcc/arm-none-eabi/13.3.1/../../../../arm-none-eabi/lib/thumb/v7e-m+fp/hard\libc.a
LOAD C:/ST/STM32CubeIDE_1.19.0/STM32CubeIDE/plugins/com.st.stm32cube.ide.mcu.externaltools.gnu-tools-for-stm32.13.3.rel1.win32_1.0.0.202411081344/tools/bin/../lib/gcc/arm-none-eabi/13.3.1/../../../../arm-none-eabi/lib/thumb/v7e-m+fp/hard\libm.a
LOAD C:/ST/STM32CubeIDE_1.19.0/STM32CubeIDE/plugins/com.st.stm32cube.ide.mcu.externaltools.gnu-tools-for-stm32.13.3.rel1.win32_1.0.0.202411081344/tools/bin/../lib/gcc/arm-none-eabi/13.3.1/thumb/v7e-m+fp/hard\libgcc.a

.debug_info     0x00000000    0x156b0
 .debug_info    0x00000000     0x1c85 ./Core/Src/main.o
 .debug_info    0x00001c85     0x2a30 ./Core/Src/powerstep01.o
 .debug_info    0x000046b5     0x12d7 ./Core/Src/stm32f4xx_hal_msp.o
 .debug_info    0x0000598c      0x9bd ./Core/Src/stm32f4xx_it.o
 .debug_info    0x00006349      0x168 ./Core/Src/sysmem.o
 .debug_info    0x000064b1      0x54a ./Core/Src/system_stm32f4xx.o
 .debug_info    0x000069fb     0x1396 ./Core/Src/x_nucleo_ihm03a1_stm32f4xx.o
 .debug_info    0x00007d91     0x1c6e ./Core/Src/x_nucleo_ihmxx.o
 .debug_info    0x000099ff       0x30 ./Core/Startup/startup_stm32f446retx.o
 .debug_info    0x00009a2f      0x99a ./Drivers/STM32F4xx_HAL_Driver/Src/stm32f4xx_hal.o
 .debug_info    0x0000a3c9      0xdaa ./Drivers/STM32F4xx_HAL_Driver/Src/stm32f4xx_hal_cortex.o