Archive member included to satisfy reference by file (symbol)

C:/ST/STM32CubeIDE_1.19.0/STM32CubeIDE/plugins/com.st.stm32cube.ide.mcu.externaltools.gnu-tools-for-stm32.13.3.rel1.win32_1.0.0.202411081344/tools/bin/../lib/gcc/arm-none-eabi/13.3.1/../../../../arm-none-eabi/lib/thumb/v7e-m+fp/hard\libc_nano.a(libc_a-exit.o)
                              C:/ST/STM32CubeIDE_1.19.0/STM32CubeIDE/plugins/com.st.stm32cube.ide.mcu.externaltools.gnu-tools-for-stm32.13.3.rel1.win32_1.0.0.202411081344/tools/bin/../lib/gcc/arm-none-eabi/13.3.1/../../../../arm-none-eabi/lib/thumb/v7e-m+fp/hard/crt0.o (exit)
C:/ST/STM32CubeIDE_1.19.0/STM32CubeIDE/plugins/com.st.stm32cube.ide.mcu.externaltools.gnu-tools-for-stm32.13.3.rel1.win32_1.0.0.202411081344/tools/bin/../lib/gcc/arm-none-eabi/13.3.1/../../../../arm-none-eabi/lib/thumb/v7e-m+fp/hard\libc_nano.a(libc_a-findfp.o)
                              C:/ST/STM32CubeIDE_1.19.0/STM32CubeIDE/plugins/com.st.stm32cube.ide.mcu.externaltools.gnu-tools-for-stm32.13.3.rel1.win32_1.0.0.202411081344/tools/bin/../lib/gcc/arm-none-eabi/13.3.1/../../../../arm-none-eabi/lib/thumb/v7e-m+fp/hard\libc_nano.a(libc_a-exit.o) (__stdio_exit_handler)
C:/ST/STM32CubeIDE_1.19.0/STM32CubeIDE/plugins/com.st.stm32cube.ide.mcu.externaltools.gnu-tools-for-stm32.13.3.rel1.win32_1.0.0.202411081344/tools/bin/../lib/gcc/arm-none-eabi/13.3.1/../../../../arm-none-eabi/lib/thumb/v7e-m+fp/hard\libc_nano.a(libc_a-fwalk.o)
                              C:/ST/STM32CubeIDE_1.19.0/STM32CubeIDE/plugins/com.st.stm32cube.ide.mcu.externaltools.gnu-tools-for-stm32.13.3.rel1.win32_1.0.0.202411081344/tools/bin/../lib/gcc/arm-none-eabi/13.3.1/../../../../arm-none-eabi/lib/thumb/v7e-m+fp/hard\libc_nano.a(libc_a-findfp.o) (_fwalk_sglue)
C:/ST/STM32CubeIDE_1.19.0/STM32CubeIDE/plugins/com.st.stm32cube.ide.mcu.externaltools.gnu-tools-for-stm32.13.3.rel1.win32_1.0.0.202411081344/tools/bin/../lib/gcc/arm-none-eabi/13.3.1/../../../../arm-none-eabi/lib/thumb/v7e-m+fp/hard\libc_nano.a(libc_a-snprintf.o)
                              ./Core/Src/main.o (snprintf)
C:/ST/STM32CubeIDE_1.19.0/STM32CubeIDE/plugins/com.st.stm32cube.ide.mcu.externaltools.gnu-tools-for-stm32.13.3.rel1.win32_1.0.0.202411081344/tools/bin/../lib/gcc/arm-none-eabi/13.3.1/../../../../arm-none-eabi/lib/thumb/v7e-m+fp/hard\libc_nano.a(libc_a-sscanf.o)
                              ./Core/Src/main.o (sscanf)
C:/ST/STM32CubeIDE_1.19.0/STM32CubeIDE/plugins/com.st.stm32cube.ide.mcu.externaltools.gnu-tools-for-stm32.13.3.rel1.win32_1.0.0.202411081344/tools/bin/../lib/gcc/arm-none-eabi/13.3.1/../../../../arm-none-eabi/lib/thumb/v7e-m+fp/hard\libc_nano.a(libc_a-stdio.o)
                              C:/ST/STM32CubeIDE_1.19.0/STM32CubeIDE/plugins/com.st.stm32cube.ide.mcu.externaltools.gnu-tools-for-stm32.13.3.rel1.win32_1.0.0.202411081344/tools/bin/../lib/gcc/arm-none-eabi/13.3.1/../../../../arm-none-eabi/lib/thumb/v7e-m+fp/hard\libc_nano.a(libc_a-findfp.o) (__sread)
C:/ST/STM32CubeIDE_1.19.0/STM32CubeIDE/plugins/com.st.stm32cube.ide.mcu.externaltools.gnu-tools-for-stm32.13.3.rel1.win32_1.0.0.202411081344/tools/bin/../lib/gcc/arm-none-eabi/13.3.1/../../../../arm-none-eabi/lib/thumb/v7e-m+fp/hard\libc_nano.a(libc_a-memset.o)
                              C:/ST/STM32CubeIDE_1.19.0/STM32CubeIDE/plugins/com.st.stm32cube.ide.mcu.externaltools.gnu-tools-for-stm32.13.3.rel1.win32_1.0.0.202411081344/tools/bin/../lib/gcc/arm-none-eabi/13.3.1/../../../../arm-none-eabi/lib/thumb/v7e-m+fp/hard/crt0.o (memset)
C:/ST/STM32CubeIDE_1.19.0/STM32CubeIDE/plugins/com.st.stm32cube.ide.mcu.externaltools.gnu-tools-for-stm32.13.3.rel1.win32_1.0.0.202411081344/tools/bin/../lib/gcc/arm-none-eabi/13.3.1/../../../../arm-none-eabi/lib/thumb/v7e-m+fp/hard\libc_nano.a(libc_a-strncmp.o)
                              ./Core/Src/main.o (strncmp)
C:/ST/STM32CubeIDE_1.19.0/STM32CubeIDE/plugins/com.st.stm32cube.ide.mcu.externaltools.gnu-tools-for-stm32.13.3.rel1.win32_1.0.0.202411081344/tools/bin/../lib/gcc/arm-none-eabi/13.3.1/../../../../arm-none-eabi/lib/thumb/v7e-m+fp/hard\libc_nano.a(libc_a-strstr.o)
                              ./Core/Src/main.o (strstr)
C:/ST/STM32CubeIDE_1.19.0/STM32CubeIDE/plugins/com.st.stm32cube.ide.mcu.externaltools.gnu-tools-for-stm32.13.3.rel1.win32_1.0.0.202411081344/tools/bin/../lib/gcc/arm-none-eabi/13.3.1/../../../../arm-none-eabi/lib/thumb/v7e-m+fp/hard\libc_nano.a(libc_a-closer.o)
                              C:/ST/STM32CubeIDE_1.19.0/STM32CubeIDE/plugins/com.st.stm32cube.ide.mcu.externaltools.gnu-tools-for-stm32.13.3.rel1.win32_1.0.0.202411081344/tools/bin/../lib/gcc/arm-none-eabi/13.3.1/../../../../arm-none-eabi/lib/thumb/v7e-m+fp/hard\libc_nano.a(libc_a-stdio.o) (_close_r)
C:/ST/STM32CubeIDE_1.19.0/STM32CubeIDE/plugins/com.st.stm32cube.ide.mcu.externaltools.gnu-tools-for-stm32.13.3.rel1.win32_1.0.0.202411081344/tools/bin/../lib/gcc/arm-none-eabi/13.3.1/../../../../arm-none-eabi/lib/thumb/v7e-m+fp/hard\libc_nano.a(libc_a-reent.o)
[...]
Memory Configuration

Name             Origin             Length             Attributes
RAM              0x20000000         0x00020000         xrw
FLASH            0x08000000         0x00080000         xr
*default*        0x00000000         0xffffffff

Linker script and memory map

LOAD C:/ST/STM32CubeIDE_1.19.0/STM32CubeIDE/plugins/com.st.stm32cube.ide.mcu.externaltools.gnu-tools-for-stm32.13.3.rel1.win32_1.0.0.202411081344/tools/bin/../lib/gcc/arm-none-eabi/13.3.1/thumb/v7e-m+fp/hard/crti.o
LOAD C:/ST/STM32CubeIDE_1.19.0/STM32CubeIDE/plugins/com.st.stm32cube.ide.mcu.externaltools.gnu-tools-for-stm32.13.3.rel1.win32_1.0.0.202411081344/tools/bin/../lib/gcc/arm-none-eabi/13.3.1/thumb/v7e-m+fp/hard/crtbegin.o
LOAD C:/ST/STM32CubeIDE_1.19.0/STM32CubeIDE/plugins/com.st.stm32cube.ide.mcu.externaltools.gnu-tools-for-stm32.13.3.rel1.win32_1.0.0.202411081344/tools/bin/../lib/gcc/arm-none-eabi/13.3.1/../../../../arm-none-eabi/lib/thumb/v7e-m+fp/hard/crt0.o
LOAD ./Core/Src/main.o
LOAD ./Core/Src/powerstep01.o
LOAD ./Core/Src/stm32f4xx_hal_msp.o
LOAD ./Core/Src/stm32f4xx_it.o
LOAD ./Core/Src/stm32f4xx_nucleo.o
LOAD ./Core/Src/syscalls.o
LOAD ./Core/Src/sysmem.o
LOAD ./Core/Src/system_stm32f4xx.o
LOAD ./Core/Src/x_nucleo_ihm03a1_stm32f4xx.o
LOAD ./Core/Src/x_nucleo_ihmxx.o
LOAD ./Core/Startup/startup_stm32f446retx.o
LOAD ./Drivers/STM32F4xx_HAL_Driver/Src/stm32f4xx_hal.o
LOAD ./Drivers/STM32F4xx_HAL_Driver/Src/stm32f4xx_hal_cortex.o
LOAD ./Drivers/STM32F4xx_HAL_Driver/Src/stm32f4xx_hal_dma.o
LOAD ./Drivers/STM32F4xx_HAL_Driver/Src/stm32f4xx_hal_dma_ex.o
LOAD ./Drivers/STM32F4xx_HAL_Driver/Src/stm32f4xx_hal_exti.o
LOAD ./Drivers/STM32F4xx_HAL_Driver/Src/stm32f4xx_hal_flash.o
LOAD ./Drivers/STM32F4xx_HAL_Driver/Src/stm32f4xx_hal_flash_ex.o
LOAD ./Drivers/STM32F4xx_HAL_Driver/Src/stm32f4xx_hal_flash_ramfunc.o
LOAD ./Drivers/STM32F4xx_HAL_Driver/Src/stm32f4xx_hal_gpio.o
LOAD ./Drivers/STM32F4xx_HAL_Driver/Src/stm32f4xx_hal_pwr.o
LOAD ./Drivers/STM32F4xx_HAL_Driver/Src/stm32f4xx_hal_pwr_ex.o
LOAD ./Drivers/STM32F4xx_HAL_Driver/Src/stm32f4xx_hal_rcc.o
LOAD ./Drivers/STM32F4xx_HAL_Driver/Src/stm32f4xx_hal_rcc_ex.o
LOAD ./Drivers/STM32F4xx_HAL_Driver/Src/stm32f4xx_hal_spi.o
LOAD ./Drivers/STM32F4xx_HAL_Driver/Src/stm32f4xx_hal_tim.o
LOAD ./Drivers/STM32F4xx_HAL_Driver/Src/stm32f4xx_hal_tim_ex.o
LOAD ./Drivers/STM32F4xx_HAL_Driver/Src/stm32f4xx_hal_uart.o
START GROUP
LOAD C:/ST/STM32CubeIDE_1.19.0/STM32CubeIDE/plugins/com.st.stm32cube.ide.mcu.externaltools.gnu-tools-for-stm32.13.3.rel1.win32_1.0.0.202411081344/tools/bin/../lib/gcc/arm-none-eabi/13.3.1/../../../../arm-none-eabi/lib/thumb/v7e-m+fp/hard\libc_nano.a
LOAD C:/ST/STM32CubeIDE_1.19.0/STM32CubeIDE/plugins/com.st.stm32cube.ide.mcu.externaltools.gnu-tools-for-stm32.13.3.rel1.win32_1.0.0.202411081344/tools/bin/../lib/gcc/arm-none-eabi/13.3.1/../../../../arm-none-eabi/lib/thumb/v7e-m+fp/hard\libm.a
END GROUP
START GROUP
LOAD C:/ST/STM32CubeIDE_1.19.0/STM32CubeIDE/plugins/com.st.stm32cube.ide.mcu.externaltools.gnu-tools-for-stm32.13.3.rel1.win32_1.0.0.202411081344/tools/bin/../lib/gcc/arm-none-eabi/13.3.1/thumb/v7e-m+fp/hard\libgcc.a
LOAD C:/ST/STM32CubeIDE_1.19.0/STM32CubeIDE/plugins/com.st.stm32cube.ide.mcu.externaltools.gnu-tools-for-stm32.13.3.rel1.win32_1.0.0.202411081344/tools/bin/../lib/gcc/arm-none-eabi/13.3.1/../../../../arm-none-eabi/lib/thumb/v7e-m+fp/hard\libc_nano.a
END GROUP
START GROUP
LOAD C:/ST/STM32CubeIDE_1.19.0/STM32CubeIDE/plugins/com.st.stm32cube.ide.mcu.externaltools.gnu-tools-for-stm32.13.3.rel1.win32_1.0.0.202411081344/tools/bin/../lib/gcc/arm-none-eabi/13.3.1/thumb/v7e-m+fp/hard\libgcc.a
LOAD C:/ST/STM32CubeIDE_1.19.0/STM32CubeIDE/plugins/com.st.stm32cube.ide.mcu.externaltools.gnu-tools-for-stm32.13.3.rel1.win32_1.0.0.202411081344/tools/bin/../lib/gcc/arm-none-eabi/13.3.1/../../../../arm-none-eabi/lib/thumb/v7e-m+fp/hard\libc_nano.a
LOAD C:/ST/STM32CubeIDE_1.19.0/STM32CubeIDE/plugins/com.st.stm32cube.ide.mcu.externaltools.gnu-tools-for-stm32.13.3.rel1.win32_1.0.0.202411081344/tools/bin/../lib/gcc/arm-none-eabi/13.3.1/../../../../arm-none-eabi/lib/thumb/v7e-m+fp/hard\libnosys.a
END GROUP
START GROUP
LOAD C:/ST/STM32CubeIDE_1.19.0/STM32CubeIDE/plugins/com.st.stm32cube.ide.mcu.externaltools.gnu-tools-for-stm32.13.3.rel1.win32_1.0.0.202411081344/tools/bin/../lib/gcc/arm-none-eabi/13.3.1/thumb/v7e-m+fp/hard\libgcc.a
LOAD C:/ST/STM32CubeIDE_1.19.0/STM32CubeIDE/plugins/com.st.stm32cube.ide.mcu.externaltools.gnu-tools-for-stm32.13.3.rel1.win32_1.0.0.202411081344/tools/bin/../lib/gcc/arm-none-eabi/13.3.1/../../../../arm-none-eabi/lib/thumb/v7e-m+fp/hard\libc_nano.a
LOAD C:/ST/STM32CubeIDE_1.19.0/STM32CubeIDE/plugins/com.st.stm32cube.ide.mcu.externaltools.gnu-tools-for-stm32.13.3.rel1.win32_1.0.0.202411081344/tools/bin/../lib/gcc/arm-none-eabi/13.3.1/../../../../arm-none-eabi/lib/thumb/v7e-m+fp/hard\libnosys.a
END GROUP
LOAD C:/ST/STM32CubeIDE_1.19.0/STM32CubeIDE/plugins/com.st.stm32cube.ide.mcu.externaltools.gnu-tools-for-stm32.13.3.rel1.win32_1.0.0.202411081344/tools/bin/../lib/gcc/arm-none-eabi/13.3.1/thumb/v7e-m+fp/hard/crtend.o
LOAD C:/ST/STM32CubeIDE_1.19.0/STM32CubeIDE/plugins/com.st.stm32cube.ide.mcu.externaltools.gnu-tools-for-stm32.13.3.rel1.win32_1.0.0.202411081344/tools/bin/../lib/gcc/arm-none-eabi/13.3.1/thumb/v7e-m+fp/hard/crtn.o
                0x20020000                        _estack = (ORIGIN (RAM) + LENGTH (RAM))
                0x00000200                        _Min_Heap_Size = 0x200
                0x00000400                        _Min_Stack_Size = 0x400

.isr_vector     0x08000000      0x1c4
                0x08000000                        . = ALIGN (0x4)
 *(.isr_vector)
 .isr_vector    0x08000000      0x1c4 ./Core/Startup/startup_stm32f446retx.o
                0x08000000                g_pfnVectors
                0x080001c4                        . = ALIGN (0x4)

.text           0x080001d0     0x8de0
                0x080001d0                        . = ALIGN (0x4)
 *(.text)
 .text          0x080001d0       0x40 C:/ST/STM32CubeIDE_1.19.0/STM32CubeIDE/plugins/com.st.stm32cube.ide.mcu.externaltools.gnu-tools-for-stm32.13.3.rel1.win32_1.0.0.202411081344/tools/bin/../lib/gcc/arm-none-eabi/13.3.1/thumb/v7e-m+fp/hard/crtbegin.o
 .text          0x08000210       0x10 C:/ST/STM32CubeIDE_1.19.0/STM32CubeIDE/plugins/com.st.stm32cube.ide.mcu.externaltools.gnu-tools-for-stm32.13.3.rel1.win32_1.0.0.202411081344/tools/bin/../lib/gcc/arm-none-eabi/13.3.1/../../../../arm-none-eabi/lib/thumb/v7e-m+fp/hard\libc_nano.a(libc_a-strlen.o)
                0x08000210                strlen
 .text          0x08000220       0xa0 C:/ST/STM32CubeIDE_1.19.0/STM32CubeIDE/plugins/com.st.stm32cube.ide.mcu.externaltools.gnu-tools-for-stm32.13.3.rel1.win32_1.0.0.202411081344/tools/bin/../lib/gcc/arm-none-eabi/13.3.1/../../../../arm-none-eabi/lib/thumb/v7e-m+fp/hard\libc_nano.a(libc_a-memchr.o)
                0x08000220                memchr
 .text          0x080002c0       0x30 C:/ST/STM32CubeIDE_1.19.0/STM32CubeIDE/plugins/com.st.stm32cube.ide.mcu.externaltools.gnu-tools-for-stm32.13.3.rel1.win32_1.0.0.202411081344/tools/bin/../lib/gcc/arm-none-eabi/13.3.1/thumb/v7e-m+fp/hard\libgcc.a(_aeabi_uldivmod.o)
                0x080002c0                __aeabi_uldivmod
 .text          0x080002f0      0x2f8 C:/ST/STM32CubeIDE_1.19.0/STM32CubeIDE/plugins/com.st.stm32cube.ide.mcu.externaltools.gnu-tools-for-stm32.13.3.rel1.win32_1.0.0.202411081344/tools/bin/../lib/gcc/arm-none-eabi/13.3.1/thumb/v7e-m+fp/hard\libgcc.a(_udivmoddi4.o)
                0x080002f0                __udivmoddi4
 .text          0x080005e8        0x4 C:/ST/STM32CubeIDE_1.19.0/STM32CubeIDE/plugins/com.st.stm32cube.ide.mcu.externaltools.gnu-tools-for-stm32.13.3.rel1.win32_1.0.0.202411081344/tools/bin/../lib/gcc/arm-none-eabi/13.3.1/thumb/v7e-m+fp/hard\libgcc.a(_dvmd_tls.o)
                0x080005e8                __aeabi_idiv0
                0x080005e8                __aeabi_ldiv0
 *(.text*)
 .text.main     0x080005ec       0xa8 ./Core/Src/main.o
                0x080005ec                main
 .text.SystemClock_Config
                0x08000694       0xdc ./Core/Src/main.o
                0x08000694                SystemClock_Config
 .text.MX_SPI1_Init
                0x08000770       0x6c ./Core/Src/main.o
 .text.MX_TIM3_Init
                0x080007dc       0xb4 ./Core/Src/main.o
 .text.MX_USART2_UART_Init
                0x08000890       0x54 ./Core/Src/main.o
 .text.MX_GPIO_Init
                0x080008e4      0x124 ./Core/Src/main.o
 .text.UART_SendString
                0x08000a08       0x28 ./Core/Src/main.o
 .text.UART_ReceiveChar
                0x08000a30       0x90 ./Core/Src/main.o
 .text.SendMotorStatus
                0x08000ac0       0xa8 ./Core/Src/main.o
 .text.SendError
                0x08000b68       0x3c ./Core/Src/main.o
 .text.ParseCommand
                0x08000ba4      0x1e8 ./Core/Src/main.o
 .text.MoveMotorsToPosition
                0x08000d8c       0x2a ./Core/Src/main.o
 *fill*         0x08000db6        0x2 
 .text.CheckMotorErrors
                0x08000db8      0x10c ./Core/Src/main.o
                0x08000db8                CheckMotorErrors
 .text.MyFlagInterruptHandler
                0x08000ec4       0x14 ./Core/Src/main.o
 .text.MyBusyInterruptHandler
                0x08000ed8        0xc ./Core/Src/main.o
 .text.MyErrorHandler
                0x08000ee4       0x34 ./Core/Src/main.o
 .text.HAL_UART_RxCpltCallback
                0x08000f18       0x3c ./Core/Src/main.o
                0x08000f18                HAL_UART_RxCpltCallback
 .text.Error_Handler
                0x08000f54        0xc ./Core/Src/main.o
                0x08000f54                Error_Handler
 .text.Powerstep01_AttachErrorHandler
                0x08000f60       0x20 ./Core/Src/powerstep01.o
                0x08000f60                Powerstep01_AttachErrorHandler
 .text.Powerstep01_AttachFlagInterrupt
                0x08000f80       0x20 ./Core/Src/powerstep01.o
                0x08000f80                Powerstep01_AttachFlagInterrupt
 .text.Powerstep01_AttachBusyInterrupt
                0x08000fa0       0x20 ./Core/Src/powerstep01.o
                0x08000fa0                Powerstep01_AttachBusyInterrupt
 .text.Powerstep01_ReadId
                0x08000fc0       0x18 ./Core/Src/powerstep01.o
                0x08000fc0                Powerstep01_ReadId
 .text.Powerstep01_Init
                0x08000fd8       0x88 ./Core/Src/powerstep01.o
                0x08000fd8                Powerstep01_Init
 .text.Powerstep01_CheckBusyHw
                0x08001060       0x18 ./Core/Src/powerstep01.o
                0x08001060                Powerstep01_CheckBusyHw
 .text.Powerstep01_CheckStatusHw
                0x08001078       0x18 ./Core/Src/powerstep01.o
                0x08001078                Powerstep01_CheckStatusHw
 .text.Powerstep01_CmdGetParam
                0x08001090      0x1d0 ./Core/Src/powerstep01.o
                0x08001090                Powerstep01_CmdGetParam
 .text.Powerstep01_CmdGetStatus
                0x08001260      0x140 ./Core/Src/powerstep01.o
                0x08001260                Powerstep01_CmdGetStatus
 .text.Powerstep01_CmdGoHome
                0x080013a0       0x1e ./Core/Src/powerstep01.o
                0x080013a0                Powerstep01_CmdGoHome
 .text.Powerstep01_CmdGoMark
                0x080013be       0x1e ./Core/Src/powerstep01.o
                0x080013be                Powerstep01_CmdGoMark
 .text.Powerstep01_CmdGoTo
                0x080013dc       0x20 ./Core/Src/powerstep01.o
                0x080013dc                Powerstep01_CmdGoTo
 .text.Powerstep01_CmdGoToDir
                0x080013fc       0x2a ./Core/Src/powerstep01.o
                0x080013fc                Powerstep01_CmdGoToDir
 .text.Powerstep01_CmdGoUntil
                0x08001426       0x34 ./Core/Src/powerstep01.o
                0x08001426                Powerstep01_CmdGoUntil
 .text.Powerstep01_CmdHardHiZ
                0x0800145a       0x1e ./Core/Src/powerstep01.o
                0x0800145a                Powerstep01_CmdHardHiZ
 .text.Powerstep01_CmdHardStop
                0x08001478       0x1e ./Core/Src/powerstep01.o
                0x08001478                Powerstep01_CmdHardStop
 .text.Powerstep01_CmdMove
                0x08001496       0x2a ./Core/Src/powerstep01.o
                0x08001496                Powerstep01_CmdMove
 .text.Powerstep01_CmdNop
                0x080014c0       0x1e ./Core/Src/powerstep01.o
                0x080014c0                Powerstep01_CmdNop
 .text.Powerstep01_CmdReleaseSw
                0x080014de       0x32 ./Core/Src/powerstep01.o
                0x080014de                Powerstep01_CmdReleaseSw
 .text.Powerstep01_CmdResetDevice
                0x08001510       0x1e ./Core/Src/powerstep01.o
                0x08001510                Powerstep01_CmdResetDevice
 .text.Powerstep01_CmdResetPos
                0x0800152e       0x1e ./Core/Src/powerstep01.o
                0x0800152e                Powerstep01_CmdResetPos
 .text.Powerstep01_CmdRun
                0x0800154c       0x2a ./Core/Src/powerstep01.o
                0x0800154c                Powerstep01_CmdRun
 *fill*         0x08001576        0x2 
 .text.Powerstep01_CmdSetParam
                0x08001578      0x1a8 ./Core/Src/powerstep01.o
                0x08001578                Powerstep01_CmdSetParam
 .text.Powerstep01_CmdSoftHiZ
                0x08001720       0x1e ./Core/Src/powerstep01.o
                0x08001720                Powerstep01_CmdSoftHiZ
 .text.Powerstep01_CmdSoftStop
                0x0800173e       0x1e ./Core/Src/powerstep01.o
                0x0800173e                Powerstep01_CmdSoftStop
 .text.Powerstep01_CmdStepClock
                0x0800175c       0x2a ./Core/Src/powerstep01.o
                0x0800175c                Powerstep01_CmdStepClock
 *fill*         0x08001786        0x2 
 .text.Powerstep01_FetchAndClearAllStatus
                0x08001788       0xb0 ./Core/Src/powerstep01.o
                0x08001788                Powerstep01_FetchAndClearAllStatus
 .text.Powerstep01_GetFetchedStatus
                0x08001838       0x60 ./Core/Src/powerstep01.o
                0x08001838                Powerstep01_GetFetchedStatus
 .text.Powerstep01_GetMotorHandle
                0x08001898       0x14 ./Core/Src/powerstep01.o
                0x08001898                Powerstep01_GetMotorHandle
 .text.Powerstep01_GetFwVersion
                0x080018ac       0x14 ./Core/Src/powerstep01.o
                0x080018ac                Powerstep01_GetFwVersion
 .text.Powerstep01_GetMark
                0x080018c0       0x26 ./Core/Src/powerstep01.o
                0x080018c0                Powerstep01_GetMark
 *fill*         0x080018e6        0x2 
 .text.Powerstep01_GetNbDevices
                0x080018e8       0x18 ./Core/Src/powerstep01.o
                0x080018e8                Powerstep01_GetNbDevices
 .text.Powerstep01_GetAnalogValue
                0x08001900      0x180 ./Core/Src/powerstep01.o
                0x08001900                Powerstep01_GetAnalogValue
 .text.Powerstep01_GetPosition
                0x08001a80       0x26 ./Core/Src/powerstep01.o
                0x08001a80                Powerstep01_GetPosition
 .text.Powerstep01_IsDeviceBusy
                0x08001aa6       0x2a ./Core/Src/powerstep01.o
                0x08001aa6                Powerstep01_IsDeviceBusy
 .text.Powerstep01_QueueCommands
                0x08001ad0       0xe4 ./Core/Src/powerstep01.o
                0x08001ad0                Powerstep01_QueueCommands
 .text.Powerstep01_ReadStatusRegister
                0x08001bb4       0x20 ./Core/Src/powerstep01.o
                0x08001bb4                Powerstep01_ReadStatusRegister
 .text.Powerstep01_ReleaseReset
                0x08001bd4       0x1a ./Core/Src/powerstep01.o
                0x08001bd4                Powerstep01_ReleaseReset
 .text.Powerstep01_Reset
                0x08001bee       0x1a ./Core/Src/powerstep01.o
                0x08001bee                Powerstep01_Reset
 .text.Powerstep01_SelectStepMode
                0x08001c08       0xb4 ./Core/Src/powerstep01.o
                0x08001c08                Powerstep01_SelectStepMode
 .text.Powerstep01_SendQueuedCommands
                0x08001cbc       0x48 ./Core/Src/powerstep01.o
                0x08001cbc                Powerstep01_SendQueuedCommands
 .text.Powerstep01_SetHome
                0x08001d04       0x30 ./Core/Src/powerstep01.o
                0x08001d04                Powerstep01_SetHome
 .text.Powerstep01_SetMark
                0x08001d34       0x20 ./Core/Src/powerstep01.o
                0x08001d34                Powerstep01_SetMark
 .text.Powerstep01_SetNbDevices
                0x08001d54       0x2c ./Core/Src/powerstep01.o
                0x08001d54                Powerstep01_SetNbDevices
 .text.Powerstep01_SetAnalogValue
                0x08001d80      0x3c4 ./Core/Src/powerstep01.o
                0x08001d80                Powerstep01_SetAnalogValue
 .text.Powerstep01_StartStepClock
                0x08002144       0x1a ./Core/Src/powerstep01.o
                0x08002144                Powerstep01_StartStepClock
 .text.Powerstep01_StopStepClock
                0x0800215e        0xc ./Core/Src/powerstep01.o
                0x0800215e                Powerstep01_StopStepClock
 *fill*         0x0800216a        0x2 
 .text.Powerstep01_WaitForAllDevicesNotBusy
                0x0800216c       0x50 ./Core/Src/powerstep01.o
                0x0800216c                Powerstep01_WaitForAllDevicesNotBusy
 .text.Powerstep01_WaitWhileActive
                0x080021bc       0x24 ./Core/Src/powerstep01.o
                0x080021bc                Powerstep01_WaitWhileActive
 .text.Powerstep01_ConvertPosition
                0x080021e0       0x40 ./Core/Src/powerstep01.o
                0x080021e0                Powerstep01_ConvertPosition
 .text.Powerstep01_BusyInterruptHandler
                0x08002220       0x2c ./Core/Src/powerstep01.o
                0x08002220                Powerstep01_BusyInterruptHandler
 .text.Powerstep01_ErrorHandler
                0x0800224c       0x2c ./Core/Src/powerstep01.o
                0x0800224c                Powerstep01_ErrorHandler
 .text.Powerstep01_FlagInterruptHandler
                0x08002278       0x2c ./Core/Src/powerstep01.o
                0x08002278                Powerstep01_FlagInterruptHandler
 .text.Powerstep01_SendCommand
                0x080022a4      0x190 ./Core/Src/powerstep01.o
                0x080022a4                Powerstep01_SendCommand
 .text.Powerstep01_SetRegisterToPredefinedValues
                0x08002434      0x750 ./Core/Src/powerstep01.o
                0x08002434                Powerstep01_SetRegisterToPredefinedValues
 .text.Powerstep01_SetDeviceParamsToGivenValues
                0x08002b84      0x3f8 ./Core/Src/powerstep01.o
                0x08002b84                Powerstep01_SetDeviceParamsToGivenValues
 .text.Powerstep01_WriteBytes
                0x08002f7c       0x4c ./Core/Src/powerstep01.o
                0x08002f7c                Powerstep01_WriteBytes
 .text.Powerstep01_AccDec_Steps_s2_to_RegVal
                0x08002fc8       0x38 ./Core/Src/powerstep01.o
                0x08002fc8                Powerstep01_AccDec_Steps_s2_to_RegVal
 .text.Powerstep01_AccDec_RegVal_to_Steps_s2
                0x08003000       0x2c ./Core/Src/powerstep01.o
                0x08003000                Powerstep01_AccDec_RegVal_to_Steps_s2
 .text.Powerstep01_BEMFslope_Perc_to_RegVal
                0x0800302c       0x3c ./Core/Src/powerstep01.o
                0x0800302c                Powerstep01_BEMFslope_Perc_to_RegVal
 .text.Powerstep01_BEMFslope_RegVal_to_Perc
                0x08003068       0x2c ./Core/Src/powerstep01.o
                0x08003068                Powerstep01_BEMFslope_RegVal_to_Perc
 .text.Powerstep01_FSSpd_Steps_s_to_RegVal
                0x08003094       0x30 ./Core/Src/powerstep01.o
                0x08003094                Powerstep01_FSSpd_Steps_s_to_RegVal
 .text.Powerstep01_FSSpd_RegVal_to_Steps_s
                0x080030c4       0x38 ./Core/Src/powerstep01.o
                0x080030c4                Powerstep01_FSSpd_RegVal_to_Steps_s
 .text.Powerstep01_IntSpd_Steps_s_to_RegVal
                0x080030fc       0x38 ./Core/Src/powerstep01.o
                0x080030fc                Powerstep01_IntSpd_Steps_s_to_RegVal
 .text.Powerstep01_IntSpd_RegVal_to_Steps_s
                0x08003134       0x2c ./Core/Src/powerstep01.o
                0x08003134                Powerstep01_IntSpd_RegVal_to_Steps_s
 .text.Powerstep01_KTherm_Comp_to_RegVal
                0x08003160       0x44 ./Core/Src/powerstep01.o
                0x08003160                Powerstep01_KTherm_Comp_to_RegVal
 .text.Powerstep01_KTherm_RegVal_to_Comp
                0x080031a4       0x34 ./Core/Src/powerstep01.o
                0x080031a4                Powerstep01_KTherm_RegVal_to_Comp
 .text.Powerstep01_Kval_Perc_to_RegVal
                0x080031d8       0x3c ./Core/Src/powerstep01.o
                0x080031d8                Powerstep01_Kval_Perc_to_RegVal
 .text.Powerstep01_Kval_RegVal_to_Perc
                0x08003214       0x28 ./Core/Src/powerstep01.o
                0x08003214                Powerstep01_Kval_RegVal_to_Perc
 .text.Powerstep01_MaxSpd_Steps_s_to_RegVal
                0x0800323c       0x38 ./Core/Src/powerstep01.o
                0x0800323c                Powerstep01_MaxSpd_Steps_s_to_RegVal
 .text.Powerstep01_MaxSpd_RegVal_to_Steps_s
                0x08003274       0x2c ./Core/Src/powerstep01.o
                0x08003274                Powerstep01_MaxSpd_RegVal_to_Steps_s
 .text.Powerstep01_MinSpd_Steps_s_to_RegVal
                0x080032a0       0x38 ./Core/Src/powerstep01.o
                0x080032a0                Powerstep01_MinSpd_Steps_s_to_RegVal
 .text.Powerstep01_MinSpd_RegVal_to_Steps_s
                0x080032d8       0x2c ./Core/Src/powerstep01.o
                0x080032d8                Powerstep01_MinSpd_RegVal_to_Steps_s
 .text.Powerstep01_Speed_RegVal_to_Steps_s
                0x08003304       0x2c ./Core/Src/powerstep01.o
                0x08003304                Powerstep01_Speed_RegVal_to_Steps_s
 .text.Powerstep01_StallOcd_Th_to_RegVal
                0x08003330       0x48 ./Core/Src/powerstep01.o
                0x08003330                Powerstep01_StallOcd_Th_to_RegVal
 .text.Powerstep01_StallOcd_RegVal_to_Th
                0x08003378       0x30 ./Core/Src/powerstep01.o
                0x08003378                Powerstep01_StallOcd_RegVal_to_Th
 .text.Powerstep01_Tval_RefVoltage_to_RegVal
                0x080033a8       0x48 ./Core/Src/powerstep01.o
                0x080033a8                Powerstep01_Tval_RefVoltage_to_RegVal
 .text.Powerstep01_Tval_RegVal_to_RefVoltage
                0x080033f0       0x30 ./Core/Src/powerstep01.o
                0x080033f0                Powerstep01_Tval_RegVal_to_RefVoltage
 .text.Powerstep01_Tmin_Time_to_RegVal
                0x08003420       0x3a ./Core/Src/powerstep01.o
                0x08003420                Powerstep01_Tmin_Time_to_RegVal
 .text.Powerstep01_Tmin_RegVal_to_Time
                0x0800345a       0x2a ./Core/Src/powerstep01.o
                0x0800345a                Powerstep01_Tmin_RegVal_to_Time
 .text.HAL_MspInit
                0x08003484       0x50 ./Core/Src/stm32f4xx_hal_msp.o
                0x08003484                HAL_MspInit
 .text.HAL_SPI_MspInit
                0x080034d4       0x90 ./Core/Src/stm32f4xx_hal_msp.o
                0x080034d4                HAL_SPI_MspInit
 .text.HAL_TIM_PWM_MspInit
                0x08003564       0x50 ./Core/Src/stm32f4xx_hal_msp.o
                0x08003564                HAL_TIM_PWM_MspInit
 .text.HAL_TIM_MspPostInit
                0x080035b4       0x74 ./Core/Src/stm32f4xx_hal_msp.o
                0x080035b4                HAL_TIM_MspPostInit
 .text.HAL_UART_MspInit
                0x08003628       0xa0 ./Core/Src/stm32f4xx_hal_msp.o
                0x08003628                HAL_UART_MspInit
 .text.NMI_Handler
                0x080036c8        0x8 ./Core/Src/stm32f4xx_it.o
                0x080036c8                NMI_Handler
 .text.HardFault_Handler
                0x080036d0        0x8 ./Core/Src/stm32f4xx_it.o
                0x080036d0                HardFault_Handler
 .text.MemManage_Handler
                0x080036d8        0x8 ./Core/Src/stm32f4xx_it.o
                0x080036d8                MemManage_Handler
 .text.BusFault_Handler
                0x080036e0        0x8 ./Core/Src/stm32f4xx_it.o
                0x080036e0                BusFault_Handler
 .text.UsageFault_Handler
                0x080036e8        0x8 ./Core/Src/stm32f4xx_it.o
                0x080036e8                UsageFault_Handler
 .text.SVC_Handler
                0x080036f0        0xe ./Core/Src/stm32f4xx_it.o
                0x080036f0                SVC_Handler
 .text.DebugMon_Handler
                0x080036fe        0xe ./Core/Src/stm32f4xx_it.o
                0x080036fe                DebugMon_Handler
 .text.PendSV_Handler
                0x0800370c        0xe ./Core/Src/stm32f4xx_it.o
                0x0800370c                PendSV_Handler
 .text.SysTick_Handler
                0x0800371a        0xc ./Core/Src/stm32f4xx_it.o
                0x0800371a                SysTick_Handler
 .text.EXTI9_5_IRQHandler
                0x08003726        0xe ./Core/Src/stm32f4xx_it.o
                0x08003726                EXTI9_5_IRQHandler
 .text.TIM3_IRQHandler
                0x08003734       0x14 ./Core/Src/stm32f4xx_it.o
                0x08003734                TIM3_IRQHandler
 .text.USART2_IRQHandler
                0x08003748       0x14 ./Core/Src/stm32f4xx_it.o
                0x08003748                USART2_IRQHandler
 .text.EXTI15_10_IRQHandler
                0x0800375c       0x10 ./Core/Src/stm32f4xx_it.o
                0x0800375c                EXTI15_10_IRQHandler
 .text._sbrk    0x0800376c       0x6c ./Core/Src/sysmem.o
                0x0800376c                _sbrk
 .text.SystemInit
                0x080037d8       0x24 ./Core/Src/system_stm32f4xx.o
                0x080037d8                SystemInit
 .text.Powerstep01_Board_Delay
                0x080037fc       0x16 ./Core/Src/x_nucleo_ihm03a1_stm32f4xx.o
                0x080037fc                Powerstep01_Board_Delay
 .text.Powerstep01_Board_DisableIrq
                0x08003812       0x12 ./Core/Src/x_nucleo_ihm03a1_stm32f4xx.o
                0x08003812                Powerstep01_Board_DisableIrq
 .text.Powerstep01_Board_EnableIrq
                0x08003824       0x12 ./Core/Src/x_nucleo_ihm03a1_stm32f4xx.o
                0x08003824                Powerstep01_Board_EnableIrq
 *fill*         0x08003836        0x2 
 .text.Powerstep01_Board_GpioInit
                0x08003838      0x12c ./Core/Src/x_nucleo_ihm03a1_stm32f4xx.o
                0x08003838                Powerstep01_Board_GpioInit
 .text.Powerstep01_Board_StepClockInit
                0x08003964       0x7c ./Core/Src/x_nucleo_ihm03a1_stm32f4xx.o
                0x08003964                Powerstep01_Board_StepClockInit
 .text.Powerstep01_Board_StartStepClock
                0x080039e0       0x4c ./Core/Src/x_nucleo_ihm03a1_stm32f4xx.o
                0x080039e0                Powerstep01_Board_StartStepClock
 .text.Powerstep01_Board_StopStepClock
                0x08003a2c       0x14 ./Core/Src/x_nucleo_ihm03a1_stm32f4xx.o
                0x08003a2c                Powerstep01_Board_StopStepClock
 .text.Powerstep01_Board_ReleaseReset
                0x08003a40       0x24 ./Core/Src/x_nucleo_ihm03a1_stm32f4xx.o
                0x08003a40                Powerstep01_Board_ReleaseReset
 .text.Powerstep01_Board_Reset
                0x08003a64       0x24 ./Core/Src/x_nucleo_ihm03a1_stm32f4xx.o
                0x08003a64                Powerstep01_Board_Reset
 .text.Powerstep01_Board_SpiInit
                0x08003a88       0x70 ./Core/Src/x_nucleo_ihm03a1_stm32f4xx.o
                0x08003a88                Powerstep01_Board_SpiInit
 .text.Powerstep01_Board_SpiWriteBytes
                0x08003af8       0x74 ./Core/Src/x_nucleo_ihm03a1_stm32f4xx.o
                0x08003af8                Powerstep01_Board_SpiWriteBytes
 .text.Powerstep01_Board_BUSY_PIN_GetState
                0x08003b6c       0x18 ./Core/Src/x_nucleo_ihm03a1_stm32f4xx.o
                0x08003b6c                Powerstep01_Board_BUSY_PIN_GetState
 .text.Powerstep01_Board_FLAG_PIN_GetState
                0x08003b84       0x18 ./Core/Src/x_nucleo_ihm03a1_stm32f4xx.o
                0x08003b84                Powerstep01_Board_FLAG_PIN_GetState
 .text.L6474_GetMotorHandle
                0x08003b9c       0x10 ./Core/Src/x_nucleo_ihmxx.o
                0x08003b9c                L6474_GetMotorHandle
 .text.l647x_GetMotorHandle
                0x08003bac       0x10 ./Core/Src/x_nucleo_ihmxx.o
                0x08003bac                l647x_GetMotorHandle
 .text.l648x_GetMotorHandle
                0x08003bbc       0x10 ./Core/Src/x_nucleo_ihmxx.o
                0x08003bbc                l648x_GetMotorHandle
 .text.L6206_GetMotorHandle
                0x08003bcc       0x10 ./Core/Src/x_nucleo_ihmxx.o
                0x08003bcc                L6206_GetMotorHandle
 .text.L6208_GetMotorHandle
                0x08003bdc       0x10 ./Core/Src/x_nucleo_ihmxx.o
                0x08003bdc                L6208_GetMotorHandle
 .text.Stspin220_GetMotorHandle
                0x08003bec       0x10 ./Core/Src/x_nucleo_ihmxx.o
                0x08003bec                Stspin220_GetMotorHandle
 .text.Stspin240_250_GetMotorHandle
                0x08003bfc       0x10 ./Core/Src/x_nucleo_ihmxx.o
                0x08003bfc                Stspin240_250_GetMotorHandle
 .text.BSP_MotorControl_AttachErrorHandler
                0x08003c0c       0x3c ./Core/Src/x_nucleo_ihmxx.o
                0x08003c0c                BSP_MotorControl_AttachErrorHandler
 .text.BSP_MotorControl_AttachFlagInterrupt
                0x08003c48       0x3c ./Core/Src/x_nucleo_ihmxx.o
                0x08003c48                BSP_MotorControl_AttachFlagInterrupt
 .text.BSP_MotorControl_AttachBusyInterrupt
                0x08003c84       0x3c ./Core/Src/x_nucleo_ihmxx.o
                0x08003c84                BSP_MotorControl_AttachBusyInterrupt
 .text.BSP_MotorControl_ErrorHandler
                0x08003cc0       0x3c ./Core/Src/x_nucleo_ihmxx.o
                0x08003cc0                BSP_MotorControl_ErrorHandler
 .text.BSP_MotorControl_Init
                0x08003cfc       0x40 ./Core/Src/x_nucleo_ihmxx.o
                0x08003cfc                BSP_MotorControl_Init
 .text.BSP_MotorControl_GetPosition
                0x08003d3c       0x48 ./Core/Src/x_nucleo_ihmxx.o
                0x08003d3c                BSP_MotorControl_GetPosition
 .text.BSP_MotorControl_CmdGetStatus
                0x08003d84       0x4c ./Core/Src/x_nucleo_ihmxx.o
                0x08003d84                BSP_MotorControl_CmdGetStatus
 .text.BSP_MotorControl_CheckBusyHw
                0x08003dd0       0x44 ./Core/Src/x_nucleo_ihmxx.o
                0x08003dd0                BSP_MotorControl_CheckBusyHw
 .text.BSP_MotorControl_CmdResetPos
                0x08003e14       0x44 ./Core/Src/x_nucleo_ihmxx.o
                0x08003e14                BSP_MotorControl_CmdResetPos
 .text.BSP_MotorControl_SendQueuedCommands
                0x08003e58       0x38 ./Core/Src/x_nucleo_ihmxx.o
                0x08003e58                BSP_MotorControl_SendQueuedCommands
 .text.BSP_MotorControl_QueueCommands
                0x08003e90       0x4c ./Core/Src/x_nucleo_ihmxx.o
                0x08003e90                BSP_MotorControl_QueueCommands
 .text.BSP_MotorControl_CmdSoftStop
                0x08003edc       0x44 ./Core/Src/x_nucleo_ihmxx.o
                0x08003edc                BSP_MotorControl_CmdSoftStop
 .text.BSP_MotorControl_SetNbDevices
                0x08003f20      0x11c ./Core/Src/x_nucleo_ihmxx.o
                0x08003f20                BSP_MotorControl_SetNbDevices
 .text.Reset_Handler
                0x0800403c       0x50 ./Core/Startup/startup_stm32f446retx.o
                0x0800403c                Reset_Handler
 .text.Default_Handler
                0x0800408c        0x2 ./Core/Startup/startup_stm32f446retx.o
                0x0800408c                RTC_Alarm_IRQHandler
                0x0800408c                EXTI2_IRQHandler
                0x0800408c                TIM8_CC_IRQHandler
                0x0800408c                FMPI2C1_EV_IRQHandler
                0x0800408c                SPI4_IRQHandler
                0x0800408c                TIM1_CC_IRQHandler
                0x0800408c                DMA2_Stream5_IRQHandler
                0x0800408c                DMA1_Stream5_IRQHandler
                0x0800408c                PVD_IRQHandler
                0x0800408c                SDIO_IRQHandler
                0x0800408c                TAMP_STAMP_IRQHandler
                0x0800408c                CAN2_RX1_IRQHandler
                0x0800408c                EXTI3_IRQHandler
                0x0800408c                TIM8_TRG_COM_TIM14_IRQHandler
                0x0800408c                TIM1_UP_TIM10_IRQHandler
                0x0800408c                TIM8_UP_TIM13_IRQHandler
                0x0800408c                I2C3_ER_IRQHandler
                0x0800408c                EXTI0_IRQHandler
                0x0800408c                I2C2_EV_IRQHandler
                0x0800408c                DMA1_Stream2_IRQHandler
                0x0800408c                CAN1_RX0_IRQHandler
                0x0800408c                FPU_IRQHandler
                0x0800408c                OTG_HS_WKUP_IRQHandler
                0x0800408c                CAN2_SCE_IRQHandler
                0x0800408c                DMA2_Stream2_IRQHandler
                0x0800408c                SPI1_IRQHandler
                0x0800408c                TIM6_DAC_IRQHandler
                0x0800408c                TIM1_BRK_TIM9_IRQHandler
                0x0800408c                DCMI_IRQHandler
                0x0800408c                CAN2_RX0_IRQHandler
                0x0800408c                DMA2_Stream3_IRQHandler
                0x0800408c                SAI2_IRQHandler
                0x0800408c                USART6_IRQHandler
                0x0800408c                USART3_IRQHandler
                0x0800408c                CAN1_RX1_IRQHandler
                0x0800408c                UART5_IRQHandler
                0x0800408c                DMA2_Stream0_IRQHandler
                0x0800408c                TIM4_IRQHandler
                0x0800408c                QUADSPI_IRQHandler
                0x0800408c                I2C1_EV_IRQHandler
                0x0800408c                DMA1_Stream6_IRQHandler
                0x0800408c                DMA1_Stream1_IRQHandler
                0x0800408c                UART4_IRQHandler
                0x0800408c                RCC_IRQHandler
                0x0800408c                TIM8_BRK_TIM12_IRQHandler
                0x0800408c                Default_Handler
                0x0800408c                CEC_IRQHandler
                0x0800408c                ADC_IRQHandler
                0x0800408c                DMA1_Stream7_IRQHandler
                0x0800408c                TIM7_IRQHandler
                0x0800408c                CAN2_TX_IRQHandler
                0x0800408c                TIM5_IRQHandler
                0x0800408c                DMA2_Stream7_IRQHandler
                0x0800408c                I2C3_EV_IRQHandler
                0x0800408c                RTC_WKUP_IRQHandler
                0x0800408c                SPDIF_RX_IRQHandler
                0x0800408c                SPI2_IRQHandler
                0x0800408c                OTG_HS_EP1_IN_IRQHandler
                0x0800408c                DMA1_Stream0_IRQHandler
                0x0800408c                CAN1_TX_IRQHandler
                0x0800408c                FMPI2C1_ER_IRQHandler
                0x0800408c                EXTI4_IRQHandler
                0x0800408c                OTG_HS_EP1_OUT_IRQHandler
                0x0800408c                WWDG_IRQHandler
                0x0800408c                TIM2_IRQHandler
                0x0800408c                OTG_FS_WKUP_IRQHandler
                0x0800408c                TIM1_TRG_COM_TIM11_IRQHandler
                0x0800408c                OTG_HS_IRQHandler
                0x0800408c                EXTI1_IRQHandler
                0x0800408c                I2C2_ER_IRQHandler
                0x0800408c                DMA2_Stream1_IRQHandler
                0x0800408c                CAN1_SCE_IRQHandler
                0x0800408c                FLASH_IRQHandler
                0x0800408c                DMA2_Stream4_IRQHandler
                0x0800408c                USART1_IRQHandler
                0x0800408c                OTG_FS_IRQHandler
                0x0800408c                SPI3_IRQHandler
                0x0800408c                DMA1_Stream4_IRQHandler
                0x0800408c                I2C1_ER_IRQHandler
                0x0800408c                FMC_IRQHandler
                0x0800408c                DMA2_Stream6_IRQHandler
                0x0800408c                SAI1_IRQHandler
                0x0800408c                DMA1_Stream3_IRQHandler
 *fill*         0x0800408e        0x2 
 .text.HAL_Init
                0x08004090       0x44 ./Drivers/STM32F4xx_HAL_Driver/Src/stm32f4xx_hal.o
                0x08004090                HAL_Init
 .text.HAL_InitTick
                0x080040d4       0x60 ./Drivers/STM32F4xx_HAL_Driver/Src/stm32f4xx_hal.o
                0x080040d4                HAL_InitTick
 .text.HAL_IncTick
                0x08004134       0x28 ./Drivers/STM32F4xx_HAL_Driver/Src/stm32f4xx_hal.o
                0x08004134                HAL_IncTick
 .text.HAL_GetTick
                0x0800415c       0x18 ./Drivers/STM32F4xx_HAL_Driver/Src/stm32f4xx_hal.o
                0x0800415c                HAL_GetTick
 .text.HAL_Delay
                0x08004174       0x48 ./Drivers/STM32F4xx_HAL_Driver/Src/stm32f4xx_hal.o
                0x08004174                HAL_Delay
 .text.__NVIC_SetPriorityGrouping
                0x080041bc       0x48 ./Drivers/STM32F4xx_HAL_Driver/Src/stm32f4xx_hal_cortex.o
 .text.__NVIC_GetPriorityGrouping
                0x08004204       0x1c ./Drivers/STM32F4xx_HAL_Driver/Src/stm32f4xx_hal_cortex.o
 .text.__NVIC_EnableIRQ
                0x08004220       0x3c ./Drivers/STM32F4xx_HAL_Driver/Src/stm32f4xx_hal_cortex.o
 .text.__NVIC_SetPriority
                0x0800425c       0x54 ./Drivers/STM32F4xx_HAL_Driver/Src/stm32f4xx_hal_cortex.o
 .text.NVIC_EncodePriority
                0x080042b0       0x66 ./Drivers/STM32F4xx_HAL_Driver/Src/stm32f4xx_hal_cortex.o
 *fill*         0x08004316        0x2 
 .text.SysTick_Config
                0x08004318       0x44 ./Drivers/STM32F4xx_HAL_Driver/Src/stm32f4xx_hal_cortex.o
 .text.HAL_NVIC_SetPriorityGrouping
                0x0800435c       0x16 ./Drivers/STM32F4xx_HAL_Driver/Src/stm32f4xx_hal_cortex.o
                0x0800435c                HAL_NVIC_SetPriorityGrouping
 .text.HAL_NVIC_SetPriority
                0x08004372       0x38 ./Drivers/STM32F4xx_HAL_Driver/Src/stm32f4xx_hal_cortex.o
                0x08004372                HAL_NVIC_SetPriority
 .text.HAL_NVIC_EnableIRQ
                0x080043aa       0x1c ./Drivers/STM32F4xx_HAL_Driver/Src/stm32f4xx_hal_cortex.o
                0x080043aa                HAL_NVIC_EnableIRQ
 .text.HAL_SYSTICK_Config
                0x080043c6       0x18 ./Drivers/STM32F4xx_HAL_Driver/Src/stm32f4xx_hal_cortex.o
                0x080043c6                HAL_SYSTICK_Config
 .text.HAL_DMA_Abort
                0x080043de       0xe0 ./Drivers/STM32F4xx_HAL_Driver/Src/stm32f4xx_hal_dma.o
                0x080043de                HAL_DMA_Abort
 .text.HAL_DMA_Abort_IT
                0x080044be       0x44 ./Drivers/STM32F4xx_HAL_Driver/Src/stm32f4xx_hal_dma.o
                0x080044be                HAL_DMA_Abort_IT
 *fill*         0x08004502        0x2 
 .text.HAL_GPIO_Init
                0x08004504      0x328 ./Drivers/STM32F4xx_HAL_Driver/Src/stm32f4xx_hal_gpio.o
                0x08004504                HAL_GPIO_Init
 .text.HAL_GPIO_ReadPin
                0x0800482c       0x30 ./Drivers/STM32F4xx_HAL_Driver/Src/stm32f4xx_hal_gpio.o
                0x0800482c                HAL_GPIO_ReadPin
 .text.HAL_GPIO_WritePin
                0x0800485c       0x32 ./Drivers/STM32F4xx_HAL_Driver/Src/stm32f4xx_hal_gpio.o
                0x0800485c                HAL_GPIO_WritePin
 *fill*         0x0800488e        0x2 
 .text.HAL_GPIO_EXTI_IRQHandler
                0x08004890       0x30 ./Drivers/STM32F4xx_HAL_Driver/Src/stm32f4xx_hal_gpio.o
                0x08004890                HAL_GPIO_EXTI_IRQHandler
 .text.HAL_GPIO_EXTI_Callback
                0x080048c0       0x16 ./Drivers/STM32F4xx_HAL_Driver/Src/stm32f4xx_hal_gpio.o
                0x080048c0                HAL_GPIO_EXTI_Callback
 *fill*         0x080048d6        0x2 
 .text.HAL_RCC_ClockConfig
                0x080048d8      0x1cc ./Drivers/STM32F4xx_HAL_Driver/Src/stm32f4xx_hal_rcc.o
                0x080048d8                HAL_RCC_ClockConfig
 .text.HAL_RCC_GetHCLKFreq
                0x08004aa4       0x18 ./Drivers/STM32F4xx_HAL_Driver/Src/stm32f4xx_hal_rcc.o
                0x08004aa4                HAL_RCC_GetHCLKFreq
 .text.HAL_RCC_GetPCLK1Freq
                0x08004abc       0x28 ./Drivers/STM32F4xx_HAL_Driver/Src/stm32f4xx_hal_rcc.o
                0x08004abc                HAL_RCC_GetPCLK1Freq
 .text.HAL_RCC_GetPCLK2Freq
                0x08004ae4       0x28 ./Drivers/STM32F4xx_HAL_Driver/Src/stm32f4xx_hal_rcc.o
                0x08004ae4                HAL_RCC_GetPCLK2Freq
 .text.HAL_RCC_GetSysClockFreq
                0x08004b0c      0x460 ./Drivers/STM32F4xx_HAL_Driver/Src/stm32f4xx_hal_rcc_ex.o
                0x08004b0c                HAL_RCC_GetSysClockFreq
 .text.HAL_RCC_OscConfig
                0x08004f6c      0x53c ./Drivers/STM32F4xx_HAL_Driver/Src/stm32f4xx_hal_rcc_ex.o
                0x08004f6c                HAL_RCC_OscConfig
 .text.HAL_SPI_Init
                0x080054a8      0x112 ./Drivers/STM32F4xx_HAL_Driver/Src/stm32f4xx_hal_spi.o
                0x080054a8                HAL_SPI_Init
 .text.HAL_SPI_TransmitReceive
                0x080055ba      0x352 ./Drivers/STM32F4xx_HAL_Driver/Src/stm32f4xx_hal_spi.o
                0x080055ba                HAL_SPI_TransmitReceive
 .text.SPI_WaitFlagStateUntilTimeout
                0x0800590c      0x110 ./Drivers/STM32F4xx_HAL_Driver/Src/stm32f4xx_hal_spi.o
 .text.SPI_EndRxTxTransaction
                0x08005a1c       0xa8 ./Drivers/STM32F4xx_HAL_Driver/Src/stm32f4xx_hal_spi.o
 .text.HAL_TIM_PWM_Init
                0x08005ac4       0x9e ./Drivers/STM32F4xx_HAL_Driver/Src/stm32f4xx_hal_tim.o
                0x08005ac4                HAL_TIM_PWM_Init
 *fill*         0x08005b62        0x2 
 .text.HAL_TIM_PWM_Start_IT
                0x08005b64      0x22c ./Drivers/STM32F4xx_HAL_Driver/Src/stm32f4xx_hal_tim.o
                0x08005b64                HAL_TIM_PWM_Start_IT
 .text.HAL_TIM_PWM_Stop_IT
                0x08005d90      0x17c ./Drivers/STM32F4xx_HAL_Driver/Src/stm32f4xx_hal_tim.o
                0x08005d90                HAL_TIM_PWM_Stop_IT
 .text.HAL_TIM_IRQHandler
                0x08005f0c      0x1e0 ./Drivers/STM32F4xx_HAL_Driver/Src/stm32f4xx_hal_tim.o
                0x08005f0c                HAL_TIM_IRQHandler
 .text.HAL_TIM_PWM_ConfigChannel
                0x080060ec      0x184 ./Drivers/STM32F4xx_HAL_Driver/Src/stm32f4xx_hal_tim.o
                0x080060ec                HAL_TIM_PWM_ConfigChannel
 .text.HAL_TIM_ConfigClockSource
                0x08006270      0x18e ./Drivers/STM32F4xx_HAL_Driver/Src/stm32f4xx_hal_tim.o
                0x08006270                HAL_TIM_ConfigClockSource
 .text.HAL_TIM_PeriodElapsedCallback
                0x080063fe       0x14 ./Drivers/STM32F4xx_HAL_Driver/Src/stm32f4xx_hal_tim.o
                0x080063fe                HAL_TIM_PeriodElapsedCallback
 .text.HAL_TIM_OC_DelayElapsedCallback
                0x08006412       0x14 ./Drivers/STM32F4xx_HAL_Driver/Src/stm32f4xx_hal_tim.o
                0x08006412                HAL_TIM_OC_DelayElapsedCallback
 .text.HAL_TIM_IC_CaptureCallback
                0x08006426       0x14 ./Drivers/STM32F4xx_HAL_Driver/Src/stm32f4xx_hal_tim.o
                0x08006426                HAL_TIM_IC_CaptureCallback
 .text.HAL_TIM_PWM_PulseFinishedCallback
                0x0800643a       0x14 ./Drivers/STM32F4xx_HAL_Driver/Src/stm32f4xx_hal_tim.o
                0x0800643a                HAL_TIM_PWM_PulseFinishedCallback
 .text.HAL_TIM_TriggerCallback
                0x0800644e       0x14 ./Drivers/STM32F4xx_HAL_Driver/Src/stm32f4xx_hal_tim.o
                0x0800644e                HAL_TIM_TriggerCallback
 *fill*         0x08006462        0x2 
 .text.TIM_Base_SetConfig
                0x08006464      0x14c ./Drivers/STM32F4xx_HAL_Driver/Src/stm32f4xx_hal_tim.o
                0x08006464                TIM_Base_SetConfig
 .text.TIM_OC1_SetConfig
                0x080065b0       0xe0 ./Drivers/STM32F4xx_HAL_Driver/Src/stm32f4xx_hal_tim.o
 .text.TIM_OC2_SetConfig
                0x08006690       0xec ./Drivers/STM32F4xx_HAL_Driver/Src/stm32f4xx_hal_tim.o
                0x08006690                TIM_OC2_SetConfig
 .text.TIM_OC3_SetConfig
                0x0800677c       0xe8 ./Drivers/STM32F4xx_HAL_Driver/Src/stm32f4xx_hal_tim.o
 .text.TIM_OC4_SetConfig
                0x08006864       0xac ./Drivers/STM32F4xx_HAL_Driver/Src/stm32f4xx_hal_tim.o
 .text.TIM_TI1_ConfigInputStage
                0x08006910       0x5e ./Drivers/STM32F4xx_HAL_Driver/Src/stm32f4xx_hal_tim.o
 .text.TIM_TI2_ConfigInputStage
                0x0800696e       0x60 ./Drivers/STM32F4xx_HAL_Driver/Src/stm32f4xx_hal_tim.o
 .text.TIM_ITRx_SetConfig
                0x080069ce       0x36 ./Drivers/STM32F4xx_HAL_Driver/Src/stm32f4xx_hal_tim.o
 .text.TIM_ETR_SetConfig
                0x08006a04       0x40 ./Drivers/STM32F4xx_HAL_Driver/Src/stm32f4xx_hal_tim.o
                0x08006a04                TIM_ETR_SetConfig
 .text.TIM_CCxChannelCmd
                0x08006a44       0x4a ./Drivers/STM32F4xx_HAL_Driver/Src/stm32f4xx_hal_tim.o
                0x08006a44                TIM_CCxChannelCmd
 *fill*         0x08006a8e        0x2 
 .text.HAL_TIMEx_MasterConfigSynchronization
                0x08006a90       0xf8 ./Drivers/STM32F4xx_HAL_Driver/Src/stm32f4xx_hal_tim_ex.o
                0x08006a90                HAL_TIMEx_MasterConfigSynchronization
 .text.HAL_TIMEx_CommutCallback
                0x08006b88       0x14 ./Drivers/STM32F4xx_HAL_Driver/Src/stm32f4xx_hal_tim_ex.o
                0x08006b88                HAL_TIMEx_CommutCallback
 .text.HAL_TIMEx_BreakCallback
                0x08006b9c       0x14 ./Drivers/STM32F4xx_HAL_Driver/Src/stm32f4xx_hal_tim_ex.o
                0x08006b9c                HAL_TIMEx_BreakCallback
 .text.HAL_UART_Init
                0x08006bb0       0xa0 ./Drivers/STM32F4xx_HAL_Driver/Src/stm32f4xx_hal_uart.o
                0x08006bb0                HAL_UART_Init
 .text.HAL_UART_Transmit
                0x08006c50      0x116 ./Drivers/STM32F4xx_HAL_Driver/Src/stm32f4xx_hal_uart.o
                0x08006c50                HAL_UART_Transmit
 .text.HAL_UART_Receive_IT
                0x08006d66       0x4a ./Drivers/STM32F4xx_HAL_Driver/Src/stm32f4xx_hal_uart.o
                0x08006d66                HAL_UART_Receive_IT
 .text.HAL_UART_IRQHandler
                0x08006db0      0x554 ./Drivers/STM32F4xx_HAL_Driver/Src/stm32f4xx_hal_uart.o
                0x08006db0                HAL_UART_IRQHandler
 .text.HAL_UART_TxCpltCallback
                0x08007304       0x14 ./Drivers/STM32F4xx_HAL_Driver/Src/stm32f4xx_hal_uart.o
                0x08007304                HAL_UART_TxCpltCallback
 .text.HAL_UART_ErrorCallback
                0x08007318       0x14 ./Drivers/STM32F4xx_HAL_Driver/Src/stm32f4xx_hal_uart.o
                0x08007318                HAL_UART_ErrorCallback
 .text.HAL_UARTEx_RxEventCallback
                0x0800732c       0x18 ./Drivers/STM32F4xx_HAL_Driver/Src/stm32f4xx_hal_uart.o
                0x0800732c                HAL_UARTEx_RxEventCallback
 .text.UART_WaitOnFlagUntilTimeout
                0x08007344       0xb2 ./Drivers/STM32F4xx_HAL_Driver/Src/stm32f4xx_hal_uart.o
 .text.UART_Start_Receive_IT
                0x080073f6       0x74 ./Drivers/STM32F4xx_HAL_Driver/Src/stm32f4xx_hal_uart.o
                0x080073f6                UART_Start_Receive_IT
 .text.UART_EndRxTransfer
                0x0800746a       0xc6 ./Drivers/STM32F4xx_HAL_Driver/Src/stm32f4xx_hal_uart.o
 .text.UART_DMAAbortOnError
                0x08007530       0x22 ./Drivers/STM32F4xx_HAL_Driver/Src/stm32f4xx_hal_uart.o
 .text.UART_Transmit_IT
                0x08007552       0xa0 ./Drivers/STM32F4xx_HAL_Driver/Src/stm32f4xx_hal_uart.o
 .text.UART_EndTransmit_IT
                0x080075f2       0x30 ./Drivers/STM32F4xx_HAL_Driver/Src/stm32f4xx_hal_uart.o
 .text.UART_Receive_IT
                0x08007622      0x17c ./Drivers/STM32F4xx_HAL_Driver/Src/stm32f4xx_hal_uart.o
 *fill*         0x0800779e        0x2 
 .text.UART_SetConfig
                0x080077a0      0x4e8 ./Drivers/STM32F4xx_HAL_Driver/Src/stm32f4xx_hal_uart.o
 .text.snprintf
                0x08007c88       0x6c C:/ST/STM32CubeIDE_1.19.0/STM32CubeIDE/plugins/com.st.stm32cube.ide.mcu.externaltools.gnu-tools-for-stm32.13.3.rel1.win32_1.0.0.202411081344/tools/bin/../lib/gcc/arm-none-eabi/13.3.1/../../../../arm-none-eabi/lib/thumb/v7e-m+fp/hard\libc_nano.a(libc_a-snprintf.o)
                0x08007c88                sniprintf
                0x08007c88                snprintf
 .text.sscanf   0x08007cf4       0x58 C:/ST/STM32CubeIDE_1.19.0/STM32CubeIDE/plugins/com.st.stm32cube.ide.mcu.externaltools.gnu-tools-for-stm32.13.3.rel1.win32_1.0.0.202411081344/tools/bin/../lib/gcc/arm-none-eabi/13.3.1/../../../../arm-none-eabi/lib/thumb/v7e-m+fp/hard\libc_nano.a(libc_a-sscanf.o)
                0x08007cf4                siscanf
                0x08007cf4                sscanf
 .text.__seofread
                0x08007d4c        0x4 C:/ST/STM32CubeIDE_1.19.0/STM32CubeIDE/plugins/com.st.stm32cube.ide.mcu.externaltools.gnu-tools-for-stm32.13.3.rel1.win32_1.0.0.202411081344/tools/bin/../lib/gcc/arm-none-eabi/13.3.1/../../../../arm-none-eabi/lib/thumb/v7e-m+fp/hard\libc_nano.a(libc_a-stdio.o)
                0x08007d4c                __seofread
 .text.memset   0x08007d50       0x10 C:/ST/STM32CubeIDE_1.19.0/STM32CubeIDE/plugins/com.st.stm32cube.ide.mcu.externaltools.gnu-tools-for-stm32.13.3.rel1.win32_1.0.0.202411081344/tools/bin/../lib/gcc/arm-none-eabi/13.3.1/../../../../arm-none-eabi/lib/thumb/v7e-m+fp/hard\libc_nano.a(libc_a-memset.o)
                0x08007d50                memset
 .text.strncmp  0x08007d60       0x24 C:/ST/STM32CubeIDE_1.19.0/STM32CubeIDE/plugins/com.st.stm32cube.ide.mcu.externaltools.gnu-tools-for-stm32.13.3.rel1.win32_1.0.0.202411081344/tools/bin/../lib/gcc/arm-none-eabi/13.3.1/../../../../arm-none-eabi/lib/thumb/v7e-m+fp/hard\libc_nano.a(libc_a-strncmp.o)
                0x08007d60                strncmp
 .text.strstr   0x08007d84       0x2c C:/ST/STM32CubeIDE_1.19.0/STM32CubeIDE/plugins/com.st.stm32cube.ide.mcu.externaltools.gnu-tools-for-stm32.13.3.rel1.win32_1.0.0.202411081344/tools/bin/../lib/gcc/arm-none-eabi/13.3.1/../../../../arm-none-eabi/lib/thumb/v7e-m+fp/hard\libc_nano.a(libc_a-strstr.o)
                0x08007d84                strstr
 .text.__errno  0x08007db0        0xc C:/ST/STM32CubeIDE_1.19.0/STM32CubeIDE/plugins/com.st.stm32cube.ide.mcu.externaltools.gnu-tools-for-stm32.13.3.rel1.win32_1.0.0.202411081344/tools/bin/../lib/gcc/arm-none-eabi/13.3.1/../../../../arm-none-eabi/lib/thumb/v7e-m+fp/hard\libc_nano.a(libc_a-errno.o)
                0x08007db0                __errno
 .text.__libc_init_array
                0x08007dbc       0x48 C:/ST/STM32CubeIDE_1.19.0/STM32CubeIDE/plugins/com.st.stm32cube.ide.mcu.externaltools.gnu-tools-for-stm32.13.3.rel1.win32_1.0.0.202411081344/tools/bin/../lib/gcc/arm-none-eabi/13.3.1/../../../../arm-none-eabi/lib/thumb/v7e-m+fp/hard\libc_nano.a(libc_a-init.o)
                0x08007dbc                __libc_init_array
 .text.__retarget_lock_acquire_recursive
                0x08007e04        0x2 C:/ST/STM32CubeIDE_1.19.0/STM32CubeIDE/plugins/com.st.stm32cube.ide.mcu.externaltools.gnu-tools-for-stm32.13.3.rel1.win32_1.0.0.202411081344/tools/bin/../lib/gcc/arm-none-eabi/13.3.1/../../../../arm-none-eabi/lib/thumb/v7e-m+fp/hard\libc_nano.a(libc_a-lock.o)
                0x08007e04                __retarget_lock_acquire_recursive
 .text.__retarget_lock_release_recursive
                0x08007e06        0x2 C:/ST/STM32CubeIDE_1.19.0/STM32CubeIDE/plugins/com.st.stm32cube.ide.mcu.externaltools.gnu-tools-for-stm32.13.3.rel1.win32_1.0.0.202411081344/tools/bin/../lib/gcc/arm-none-eabi/13.3.1/../../../../arm-none-eabi/lib/thumb/v7e-m+fp/hard\libc_nano.a(libc_a-lock.o)
                0x08007e06                __retarget_lock_release_recursive
 .text.memcpy   0x08007e08       0x1c C:/ST/STM32CubeIDE_1.19.0/STM32CubeIDE/plugins/com.st.stm32cube.ide.mcu.externaltools.gnu-tools-for-stm32.13.3.rel1.win32_1.0.0.202411081344/tools/bin/../lib/gcc/arm-none-eabi/13.3.1/../../../../arm-none-eabi/lib/thumb/v7e-m+fp/hard\libc_nano.a(libc_a-memcpy-stub.o)
                0x08007e08                memcpy
 .text._free_r  0x08007e24       0x94 C:/ST/STM32CubeIDE_1.19.0/STM32CubeIDE/plugins/com.st.stm32cube.ide.mcu.externaltools.gnu-tools-for-stm32.13.3.rel1.win32_1.0.0.202411081344/tools/bin/../lib/gcc/arm-none-eabi/13.3.1/../../../../arm-none-eabi/lib/thumb/v7e-m+fp/hard\libc_nano.a(libc_a-freer.o)
                0x08007e24                _free_r
 .text.sbrk_aligned
                0x08007eb8       0x44 C:/ST/STM32CubeIDE_1.19.0/STM32CubeIDE/plugins/com.st.stm32cube.ide.mcu.externaltools.gnu-tools-for-stm32.13.3.rel1.win32_1.0.0.202411081344/tools/bin/../lib/gcc/arm-none-eabi/13.3.1/../../../../arm-none-eabi/lib/thumb/v7e-m+fp/hard\libc_nano.a(libc_a-mallocr.o)
 .text._malloc_r
                0x08007efc      0x100 C:/ST/STM32CubeIDE_1.19.0/STM32CubeIDE/plugins/com.st.stm32cube.ide.mcu.externaltools.gnu-tools-for-stm32.13.3.rel1.win32_1.0.0.202411081344/tools/bin/../lib/gcc/arm-none-eabi/13.3.1/../../../../arm-none-eabi/lib/thumb/v7e-m+fp/hard\libc_nano.a(libc_a-mallocr.o)
                0x08007efc                _malloc_r
 .text.__malloc_lock
                0x08007ffc        0xc C:/ST/STM32CubeIDE_1.19.0/STM32CubeIDE/plugins/com.st.stm32cube.ide.mcu.externaltools.gnu-tools-for-stm32.13.3.rel1.win32_1.0.0.202411081344/tools/bin/../lib/gcc/arm-none-eabi/13.3.1/../../../../arm-none-eabi/lib/thumb/v7e-m+fp/hard\libc_nano.a(libc_a-mlock.o)
                0x08007ffc                __malloc_lock
 .text.__malloc_unlock
                0x08008008        0xc C:/ST/STM32CubeIDE_1.19.0/STM32CubeIDE/plugins/com.st.stm32cube.ide.mcu.externaltools.gnu-tools-for-stm32.13.3.rel1.win32_1.0.0.202411081344/tools/bin/../lib/gcc/arm-none-eabi/13.3.1/../../../../arm-none-eabi/lib/thumb/v7e-m+fp/hard\libc_nano.a(libc_a-mlock.o)
                0x08008008                __malloc_unlock
 .text.__ssputs_r
                0x08008014       0xb6 C:/ST/STM32CubeIDE_1.19.0/STM32CubeIDE/plugins/com.st.stm32cube.ide.mcu.externaltools.gnu-tools-for-stm32.13.3.rel1.win32_1.0.0.202411081344/tools/bin/../lib/gcc/arm-none-eabi/13.3.1/../../../../arm-none-eabi/lib/thumb/v7e-m+fp/hard\libc_nano.a(libc_a-nano-svfprintf.o)
                0x08008014                __ssputs_r
 *fill*         0x080080ca        0x2 
 .text._svfprintf_r
                0x080080cc      0x1f8 C:/ST/STM32CubeIDE_1.19.0/STM32CubeIDE/plugins/com.st.stm32cube.ide.mcu.externaltools.gnu-tools-for-stm32.13.3.rel1.win32_1.0.0.202411081344/tools/bin/../lib/gcc/arm-none-eabi/13.3.1/../../../../arm-none-eabi/lib/thumb/v7e-m+fp/hard\libc_nano.a(libc_a-nano-svfprintf.o)
                0x080080cc                _svfiprintf_r
                0x080080cc                _svfprintf_r
 .text._sungetc_r
                0x080082c4       0x7a C:/ST/STM32CubeIDE_1.19.0/STM32CubeIDE/plugins/com.st.stm32cube.ide.mcu.externaltools.gnu-tools-for-stm32.13.3.rel1.win32_1.0.0.202411081344/tools/bin/../lib/gcc/arm-none-eabi/13.3.1/../../../../arm-none-eabi/lib/thumb/v7e-m+fp/hard\libc_nano.a(libc_a-nano-svfscanf.o)
                0x080082c4                _sungetc_r
 .text.__ssrefill_r
                0x0800833e       0x3a C:/ST/STM32CubeIDE_1.19.0/STM32CubeIDE/plugins/com.st.stm32cube.ide.mcu.externaltools.gnu-tools-for-stm32.13.3.rel1.win32_1.0.0.202411081344/tools/bin/../lib/gcc/arm-none-eabi/13.3.1/../../../../arm-none-eabi/lib/thumb/v7e-m+fp/hard\libc_nano.a(libc_a-nano-svfscanf.o)
                0x0800833e                __ssrefill_r
 .text.__ssvfscanf_r
                0x08008378      0x2ec C:/ST/STM32CubeIDE_1.19.0/STM32CubeIDE/plugins/com.st.stm32cube.ide.mcu.externaltools.gnu-tools-for-stm32.13.3.rel1.win32_1.0.0.202411081344/tools/bin/../lib/gcc/arm-none-eabi/13.3.1/../../../../arm-none-eabi/lib/thumb/v7e-m+fp/hard\libc_nano.a(libc_a-nano-svfscanf.o)
                0x08008378                __ssvfiscanf_r
                0x08008378                __ssvfscanf_r
 .text._printf_common
                0x08008664       0xda C:/ST/STM32CubeIDE_1.19.0/STM32CubeIDE/plugins/com.st.stm32cube.ide.mcu.externaltools.gnu-tools-for-stm32.13.3.rel1.win32_1.0.0.202411081344/tools/bin/../lib/gcc/arm-none-eabi/13.3.1/../../../../arm-none-eabi/lib/thumb/v7e-m+fp/hard\libc_nano.a(libc_a-nano-vfprintf_i.o)
                0x08008664                _printf_common
 *fill*         0x0800873e        0x2 
 .text._printf_i
                0x08008740      0x23c C:/ST/STM32CubeIDE_1.19.0/STM32CubeIDE/plugins/com.st.stm32cube.ide.mcu.externaltools.gnu-tools-for-stm32.13.3.rel1.win32_1.0.0.202411081344/tools/bin/../lib/gcc/arm-none-eabi/13.3.1/../../../../arm-none-eabi/lib/thumb/v7e-m+fp/hard\libc_nano.a(libc_a-nano-vfprintf_i.o)
                0x08008740                _printf_i
 .text._scanf_chars
                0x0800897c       0xb4 C:/ST/STM32CubeIDE_1.19.0/STM32CubeIDE/plugins/com.st.stm32cube.ide.mcu.externaltools.gnu-tools-for-stm32.13.3.rel1.win32_1.0.0.202411081344/tools/bin/../lib/gcc/arm-none-eabi/13.3.1/../../../../arm-none-eabi/lib/thumb/v7e-m+fp/hard\libc_nano.a(libc_a-nano-vfscanf_i.o)
                0x0800897c                _scanf_chars
 .text._scanf_i
                0x08008a30      0x1e8 C:/ST/STM32CubeIDE_1.19.0/STM32CubeIDE/plugins/com.st.stm32cube.ide.mcu.externaltools.gnu-tools-for-stm32.13.3.rel1.win32_1.0.0.202411081344/tools/bin/../lib/gcc/arm-none-eabi/13.3.1/../../../../arm-none-eabi/lib/thumb/v7e-m+fp/hard\libc_nano.a(libc_a-nano-vfscanf_i.o)
                0x08008a30                _scanf_i
 .text.__sccl   0x08008c18       0x72 C:/ST/STM32CubeIDE_1.19.0/STM32CubeIDE/plugins/com.st.stm32cube.ide.mcu.externaltools.gnu-tools-for-stm32.13.3.rel1.win32_1.0.0.202411081344/tools/bin/../lib/gcc/arm-none-eabi/13.3.1/../../../../arm-none-eabi/lib/thumb/v7e-m+fp/hard\libc_nano.a(libc_a-sccl.o)
                0x08008c18                __sccl
 .text.__submore
                0x08008c8a       0x74 C:/ST/STM32CubeIDE_1.19.0/STM32CubeIDE/plugins/com.st.stm32cube.ide.mcu.externaltools.gnu-tools-for-stm32.13.3.rel1.win32_1.0.0.202411081344/tools/bin/../lib/gcc/arm-none-eabi/13.3.1/../../../../arm-none-eabi/lib/thumb/v7e-m+fp/hard\libc_nano.a(libc_a-ungetc.o)
                0x08008c8a                __submore
 .text.memmove  0x08008cfe       0x34 C:/ST/STM32CubeIDE_1.19.0/STM32CubeIDE/plugins/com.st.stm32cube.ide.mcu.externaltools.gnu-tools-for-stm32.13.3.rel1.win32_1.0.0.202411081344/tools/bin/../lib/gcc/arm-none-eabi/13.3.1/../../../../arm-none-eabi/lib/thumb/v7e-m+fp/hard\libc_nano.a(libc_a-memmove.o)
                0x08008cfe                memmove
 *fill*         0x08008d32        0x2 
 .text._sbrk_r  0x08008d34       0x20 C:/ST/STM32CubeIDE_1.19.0/STM32CubeIDE/plugins/com.st.stm32cube.ide.mcu.externaltools.gnu-tools-for-stm32.13.3.rel1.win32_1.0.0.202411081344/tools/bin/../lib/gcc/arm-none-eabi/13.3.1/../../../../arm-none-eabi/lib/thumb/v7e-m+fp/hard\libc_nano.a(libc_a-sbrkr.o)
                0x08008d34                _sbrk_r
 .text._realloc_r
                0x08008d54       0x5c C:/ST/STM32CubeIDE_1.19.0/STM32CubeIDE/plugins/com.st.stm32cube.ide.mcu.externaltools.gnu-tools-for-stm32.13.3.rel1.win32_1.0.0.202411081344/tools/bin/../lib/gcc/arm-none-eabi/13.3.1/../../../../arm-none-eabi/lib/thumb/v7e-m+fp/hard\libc_nano.a(libc_a-reallocr.o)
                0x08008d54                _realloc_r
 .text._strtol_l.isra.0
                0x08008db0       0xf4 C:/ST/STM32CubeIDE_1.19.0/STM32CubeIDE/plugins/com.st.stm32cube.ide.mcu.externaltools.gnu-tools-for-stm32.13.3.rel1.win32_1.0.0.202411081344/tools/bin/../lib/gcc/arm-none-eabi/13.3.1/../../../../arm-none-eabi/lib/thumb/v7e-m+fp/hard\libc_nano.a(libc_a-strtol.o)
 .text._strtol_r
                0x08008ea4        0x4 C:/ST/STM32CubeIDE_1.19.0/STM32CubeIDE/plugins/com.st.stm32cube.ide.mcu.externaltools.gnu-tools-for-stm32.13.3.rel1.win32_1.0.0.202411081344/tools/bin/../lib/gcc/arm-none-eabi/13.3.1/../../../../arm-none-eabi/lib/thumb/v7e-m+fp/hard\libc_nano.a(libc_a-strtol.o)
                0x08008ea4                _strtol_r
 .text._strtoul_l.isra.0
                0x08008ea8       0xdc C:/ST/STM32CubeIDE_1.19.0/STM32CubeIDE/plugins/com.st.stm32cube.ide.mcu.externaltools.gnu-tools-for-stm32.13.3.rel1.win32_1.0.0.202411081344/tools/bin/../lib/gcc/arm-none-eabi/13.3.1/../../../../arm-none-eabi/lib/thumb/v7e-m+fp/hard\libc_nano.a(libc_a-strtoul.o)
 .text._strtoul_r
                0x08008f84        0x4 C:/ST/STM32CubeIDE_1.19.0/STM32CubeIDE/plugins/com.st.stm32cube.ide.mcu.externaltools.gnu-tools-for-stm32.13.3.rel1.win32_1.0.0.202411081344/tools/bin/../lib/gcc/arm-none-eabi/13.3.1/../../../../arm-none-eabi/lib/thumb/v7e-m+fp/hard\libc_nano.a(libc_a-strtoul.o)
                0x08008f84                _strtoul_r
 .text._malloc_usable_size_r
                0x08008f88       0x10 C:/ST/STM32CubeIDE_1.19.0/STM32CubeIDE/plugins/com.st.stm32cube.ide.mcu.externaltools.gnu-tools-for-stm32.13.3.rel1.win32_1.0.0.202411081344/tools/bin/../lib/gcc/arm-none-eabi/13.3.1/../../../../arm-none-eabi/lib/thumb/v7e-m+fp/hard\libc_nano.a(libc_a-msizer.o)
                0x08008f88                _malloc_usable_size_r
 *(.glue_7)
 .glue_7        0x08008f98        0x0 linker stubs
 *(.glue_7t)
 .glue_7t       0x08008f98        0x0 linker stubs
 *(.eh_frame)
 .eh_frame      0x08008f98        0x0 C:/ST/STM32CubeIDE_1.19.0/STM32CubeIDE/plugins/com.st.stm32cube.ide.mcu.externaltools.gnu-tools-for-stm32.13.3.rel1.win32_1.0.0.202411081344/tools/bin/../lib/gcc/arm-none-eabi/13.3.1/thumb/v7e-m+fp/hard/crtbegin.o
 *(.init)
 .init          0x08008f98        0x4 C:/ST/STM32CubeIDE_1.19.0/STM32CubeIDE/plugins/com.st.stm32cube.ide.mcu.externaltools.gnu-tools-for-stm32.13.3.rel1.win32_1.0.0.202411081344/tools/bin/../lib/gcc/arm-none-eabi/13.3.1/thumb/v7e-m+fp/hard/crti.o
                0x08008f98                _init
 .init          0x08008f9c        0x8 C:/ST/STM32CubeIDE_1.19.0/STM32CubeIDE/plugins/com.st.stm32cube.ide.mcu.externaltools.gnu-tools-for-stm32.13.3.rel1.win32_1.0.0.202411081344/tools/bin/../lib/gcc/arm-none-eabi/13.3.1/thumb/v7e-m+fp/hard/crtn.o
 *(.fini)
 .fini          0x08008fa4        0x4 C:/ST/STM32CubeIDE_1.19.0/STM32CubeIDE/plugins/com.st.stm32cube.ide.mcu.externaltools.gnu-tools-for-stm32.13.3.rel1.win32_1.0.0.202411081344/tools/bin/../lib/gcc/arm-none-eabi/13.3.1/thumb/v7e-m+fp/hard/crti.o
                0x08008fa4                _fini
 .fini          0x08008fa8        0x8 C:/ST/STM32CubeIDE_1.19.0/STM32CubeIDE/plugins/com.st.stm32cube.ide.mcu.externaltools.gnu-tools-for-stm32.13.3.rel1.win32_1.0.0.202411081344/tools/bin/../lib/gcc/arm-none-eabi/13.3.1/thumb/v7e-m+fp/hard/crtn.o
                0x08008fb0                        . = ALIGN (0x4)
                0x08008fb0                        _etext = .

.vfp11_veneer   0x08008fb0        0x0
 .vfp11_veneer  0x08008fb0        0x0 linker stubs

.v4_bx          0x08008fb0        0x0
 .v4_bx         0x08008fb0        0x0 linker stubs

.iplt           0x08008fb0        0x0
 .iplt          0x08008fb0        0x0 C:/ST/STM32CubeIDE_1.19.0/STM32CubeIDE/plugins/com.st.stm32cube.ide.mcu.externaltools.gnu-tools-for-stm32.13.3.rel1.win32_1.0.0.202411081344/tools/bin/../lib/gcc/arm-none-eabi/13.3.1/thumb/v7e-m+fp/hard/crtbegin.o

.rodata         0x08008fb0      0x40c
                0x08008fb0                        . = ALIGN (0x4)
 *(.rodata)
 .rodata        0x08008fb0      0x295 ./Core/Src/main.o
 *fill*         0x08009245        0x3 
 .rodata        0x08009248        0xc C:/ST/STM32CubeIDE_1.19.0/STM32CubeIDE/plugins/com.st.stm32cube.ide.mcu.externaltools.gnu-tools-for-stm32.13.3.rel1.win32_1.0.0.202411081344/tools/bin/../lib/gcc/arm-none-eabi/13.3.1/../../../../arm-none-eabi/lib/thumb/v7e-m+fp/hard\libc_nano.a(libc_a-nano-vfscanf_i.o)
 *(.rodata*)
 .rodata.AHBPrescTable
                0x08009254       0x10 ./Core/Src/system_stm32f4xx.o
                0x08009254                AHBPrescTable
 .rodata.APBPrescTable
                0x08009264        0x8 ./Core/Src/system_stm32f4xx.o
                0x08009264                APBPrescTable
 .rodata._svfprintf_r.str1.1
                0x0800926c       0x4e C:/ST/STM32CubeIDE_1.19.0/STM32CubeIDE/plugins/com.st.stm32cube.ide.mcu.externaltools.gnu-tools-for-stm32.13.3.rel1.win32_1.0.0.202411081344/tools/bin/../lib/gcc/arm-none-eabi/13.3.1/../../../../arm-none-eabi/lib/thumb/v7e-m+fp/hard\libc_nano.a(libc_a-nano-svfprintf.o)
                                 0x11 (size before relaxing)
 .rodata.__ssvfscanf_r.str1.1
                0x080092ba        0x4 C:/ST/STM32CubeIDE_1.19.0/STM32CubeIDE/plugins/com.st.stm32cube.ide.mcu.externaltools.gnu-tools-for-stm32.13.3.rel1.win32_1.0.0.202411081344/tools/bin/../lib/gcc/arm-none-eabi/13.3.1/../../../../arm-none-eabi/lib/thumb/v7e-m+fp/hard\libc_nano.a(libc_a-nano-svfscanf.o)
 .rodata._printf_i.str1.1
                0x080092ba       0x22 C:/ST/STM32CubeIDE_1.19.0/STM32CubeIDE/plugins/com.st.stm32cube.ide.mcu.externaltools.gnu-tools-for-stm32.13.3.rel1.win32_1.0.0.202411081344/tools/bin/../lib/gcc/arm-none-eabi/13.3.1/../../../../arm-none-eabi/lib/thumb/v7e-m+fp/hard\libc_nano.a(libc_a-nano-vfprintf_i.o)
 .rodata._scanf_i.str1.1
                0x080092ba       0x12 C:/ST/STM32CubeIDE_1.19.0/STM32CubeIDE/plugins/com.st.stm32cube.ide.mcu.externaltools.gnu-tools-for-stm32.13.3.rel1.win32_1.0.0.202411081344/tools/bin/../lib/gcc/arm-none-eabi/13.3.1/../../../../arm-none-eabi/lib/thumb/v7e-m+fp/hard\libc_nano.a(libc_a-nano-vfscanf_i.o)
 .rodata.str1.1
                0x080092ba        0x9 C:/ST/STM32CubeIDE_1.19.0/STM32CubeIDE/plugins/com.st.stm32cube.ide.mcu.externaltools.gnu-tools-for-stm32.13.3.rel1.win32_1.0.0.202411081344/tools/bin/../lib/gcc/arm-none-eabi/13.3.1/../../../../arm-none-eabi/lib/thumb/v7e-m+fp/hard\libc_nano.a(libc_a-nano-vfscanf_i.o)
 .rodata._ctype_
                0x080092ba      0x101 C:/ST/STM32CubeIDE_1.19.0/STM32CubeIDE/plugins/com.st.stm32cube.ide.mcu.externaltools.gnu-tools-for-stm32.13.3.rel1.win32_1.0.0.202411081344/tools/bin/../lib/gcc/arm-none-eabi/13.3.1/../../../../arm-none-eabi/lib/thumb/v7e-m+fp/hard\libc_nano.a(libc_a-ctype_.o)
                0x080092ba                _ctype_
                0x080093bc                        . = ALIGN (0x4)
 *fill*         0x080093bb        0x1 

.ARM.extab      0x080093bc        0x0
                0x080093bc                        . = ALIGN (0x4)
 *(.ARM.extab* .gnu.linkonce.armextab.*)
                0x080093bc                        . = ALIGN (0x4)

.ARM            0x080093bc        0x8
                0x080093bc                        . = ALIGN (0x4)
                0x080093bc                        __exidx_start = .
 *(.ARM.exidx*)
 .ARM.exidx     0x080093bc        0x8 C:/ST/STM32CubeIDE_1.19.0/STM32CubeIDE/plugins/com.st.stm32cube.ide.mcu.externaltools.gnu-tools-for-stm32.13.3.rel1.win32_1.0.0.202411081344/tools/bin/../lib/gcc/arm-none-eabi/13.3.1/../../../../arm-none-eabi/lib/thumb/v7e-m+fp/hard\libc_nano.a(libc_a-strlen.o)
 .ARM.exidx     0x080093c4        0x0 C:/ST/STM32CubeIDE_1.19.0/STM32CubeIDE/plugins/com.st.stm32cube.ide.mcu.externaltools.gnu-tools-for-stm32.13.3.rel1.win32_1.0.0.202411081344/tools/bin/../lib/gcc/arm-none-eabi/13.3.1/../../../../arm-none-eabi/lib/thumb/v7e-m+fp/hard\libc_nano.a(libc_a-memchr.o)
                                  0x8 (size before relaxing)
 .ARM.exidx     0x080093c4        0x0 C:/ST/STM32CubeIDE_1.19.0/STM32CubeIDE/plugins/com.st.stm32cube.ide.mcu.externaltools.gnu-tools-for-stm32.13.3.rel1.win32_1.0.0.202411081344/tools/bin/../lib/gcc/arm-none-eabi/13.3.1/thumb/v7e-m+fp/hard\libgcc.a(_udivmoddi4.o)
                                  0x8 (size before relaxing)
                0x080093c4                        __exidx_end = .
                0x080093c4                        . = ALIGN (0x4)

.preinit_array  0x080093c4        0x0
                0x080093c4                        . = ALIGN (0x4)
                0x080093c4                        PROVIDE (__preinit_array_start = .)
 *(.preinit_array*)
                0x080093c4                        PROVIDE (__preinit_array_end = .)
                0x080093c4                        . = ALIGN (0x4)

.init_array     0x080093c4        0x4
                0x080093c4                        . = ALIGN (0x4)
                0x080093c4                        PROVIDE (__init_array_start = .)
 *(SORT_BY_NAME(.init_array.*))
 *(.init_array*)
 .init_array    0x080093c4        0x4 C:/ST/STM32CubeIDE_1.19.0/STM32CubeIDE/plugins/com.st.stm32cube.ide.mcu.externaltools.gnu-tools-for-stm32.13.3.rel1.win32_1.0.0.202411081344/tools/bin/../lib/gcc/arm-none-eabi/13.3.1/thumb/v7e-m+fp/hard/crtbegin.o
                0x080093c8                        PROVIDE (__init_array_end = .)
                0x080093c8                        . = ALIGN (0x4)

.fini_array     0x080093c8        0x4
                0x080093c8                        . = ALIGN (0x4)
                [!provide]                        PROVIDE (__fini_array_start = .)
 *(SORT_BY_NAME(.fini_array.*))
 *(.fini_array*)
 .fini_array    0x080093c8        0x4 C:/ST/STM32CubeIDE_1.19.0/STM32CubeIDE/plugins/com.st.stm32cube.ide.mcu.externaltools.gnu-tools-for-stm32.13.3.rel1.win32_1.0.0.202411081344/tools/bin/../lib/gcc/arm-none-eabi/13.3.1/thumb/v7e-m+fp/hard/crtbegin.o
                [!provide]                        PROVIDE (__fini_array_end = .)
                0x080093cc                        . = ALIGN (0x4)
                0x080093cc                        _sidata = LOADADDR (.data)

.rel.dyn        0x080093cc        0x0
 .rel.iplt      0x080093cc        0x0 C:/ST/STM32CubeIDE_1.19.0/STM32CubeIDE/plugins/com.st.stm32cube.ide.mcu.externaltools.gnu-tools-for-stm32.13.3.rel1.win32_1.0.0.202411081344/tools/bin/../lib/gcc/arm-none-eabi/13.3.1/thumb/v7e-m+fp/hard/crtbegin.o

.data           0x20000000      0x1c0 load address 0x080093cc
                0x20000000                        . = ALIGN (0x4)
                0x20000000                        _sdata = .
 *(.data)
 *(.data*)
 .data.powerstep01Drv
                0x20000000      0x164 ./Core/Src/powerstep01.o
                0x20000000                powerstep01Drv
 .data.SystemCoreClock
                0x20000164        0x4 ./Core/Src/system_stm32f4xx.o
                0x20000164                SystemCoreClock
 .data.uwTickPrio
                0x20000168        0x4 ./Drivers/STM32F4xx_HAL_Driver/Src/stm32f4xx_hal.o
                0x20000168                uwTickPrio
 .data.uwTickFreq
                0x2000016c        0x1 ./Drivers/STM32F4xx_HAL_Driver/Src/stm32f4xx_hal.o
                0x2000016c                uwTickFreq
 *fill*         0x2000016d        0x3 
 .data._impure_ptr
                0x20000170        0x4 C:/ST/STM32CubeIDE_1.19.0/STM32CubeIDE/plugins/com.st.stm32cube.ide.mcu.externaltools.gnu-tools-for-stm32.13.3.rel1.win32_1.0.0.202411081344/tools/bin/../lib/gcc/arm-none-eabi/13.3.1/../../../../arm-none-eabi/lib/thumb/v7e-m+fp/hard\libc_nano.a(libc_a-impure.o)
                0x20000170                _impure_ptr
 .data._impure_data
                0x20000174       0x4c C:/ST/STM32CubeIDE_1.19.0/STM32CubeIDE/plugins/com.st.stm32cube.ide.mcu.externaltools.gnu-tools-for-stm32.13.3.rel1.win32_1.0.0.202411081344/tools/bin/../lib/gcc/arm-none-eabi/13.3.1/../../../../arm-none-eabi/lib/thumb/v7e-m+fp/hard\libc_nano.a(libc_a-impure.o)
                0x20000174                _impure_data
 *(.RamFunc)
 *(.RamFunc*)
                0x200001c0                        . = ALIGN (0x4)
                0x200001c0                        _edata = .

.igot.plt       0x200001c0        0x0 load address 0x0800958c
 .igot.plt      0x200001c0        0x0 C:/ST/STM32CubeIDE_1.19.0/STM32CubeIDE/plugins/com.st.stm32cube.ide.mcu.externaltools.gnu-tools-for-stm32.13.3.rel1.win32_1.0.0.202411081344/tools/bin/../lib/gcc/arm-none-eabi/13.3.1/thumb/v7e-m+fp/hard/crtbegin.o
                0x200001c0                        . = ALIGN (0x4)

.bss            0x200001c0      0x4c0 load address 0x0800958c
                0x200001c0                        _sbss = .
                0x200001c0                        __bss_start__ = _sbss
 *(.bss)
 .bss           0x200001c0       0x1c C:/ST/STM32CubeIDE_1.19.0/STM32CubeIDE/plugins/com.st.stm32cube.ide.mcu.externaltools.gnu-tools-for-stm32.13.3.rel1.win32_1.0.0.202411081344/tools/bin/../lib/gcc/arm-none-eabi/13.3.1/thumb/v7e-m+fp/hard/crtbegin.o
 *(.bss*)
 .bss.hspi1     0x200001dc       0x58 ./Core/Src/main.o
                0x200001dc                hspi1
 .bss.htim3     0x20000234       0x48 ./Core/Src/main.o
                0x20000234                htim3
 .bss.huart2    0x2000027c       0x48 ./Core/Src/main.o
                0x2000027c                huart2
 .bss.gLastError
                0x200002c4        0x2 ./Core/Src/main.o
 *fill*         0x200002c6        0x2 
 .bss.rx_buffer
                0x200002c8       0x80 ./Core/Src/main.o
 .bss.tx_buffer
                0x20000348       0x80 ./Core/Src/main.o
 .bss.command_ready
                0x200003c8        0x1 ./Core/Src/main.o
 *fill*         0x200003c9        0x3 
 .bss.motor0_target
                0x200003cc        0x4 ./Core/Src/main.o
 .bss.motor1_target
                0x200003d0        0x4 ./Core/Src/main.o
 .bss.uart_rx_byte
                0x200003d4        0x1 ./Core/Src/main.o
 *fill*         0x200003d5        0x3 
 .bss.command_buffer
                0x200003d8       0x80 ./Core/Src/main.o
 .bss.cmd_index
                0x20000458        0x4 ./Core/Src/main.o
 .bss.busyInterruptCallback
                0x2000045c        0x4 ./Core/Src/powerstep01.o
                0x2000045c                busyInterruptCallback
 .bss.flagInterruptCallback
                0x20000460        0x4 ./Core/Src/powerstep01.o
                0x20000460                flagInterruptCallback
 .bss.errorHandlerCallback
                0x20000464        0x4 ./Core/Src/powerstep01.o
                0x20000464                errorHandlerCallback
 .bss.numberOfDevices
                0x20000468        0x1 ./Core/Src/powerstep01.o
 *fill*         0x20000469        0x3 
 .bss.spiTxBursts
                0x2000046c        0xc ./Core/Src/powerstep01.o
 .bss.spiRxBursts
                0x20000478        0xc ./Core/Src/powerstep01.o
 .bss.spiPreemtionByIsr
                0x20000484        0x1 ./Core/Src/powerstep01.o
 .bss.isrFlag   0x20000485        0x1 ./Core/Src/powerstep01.o
 .bss.powerstep01DriverInstance
                0x20000486        0x2 ./Core/Src/powerstep01.o
 .bss.__sbrk_heap_end
                0x20000488        0x4 ./Core/Src/sysmem.o
 .bss.SpiHandle
                0x2000048c       0x58 ./Core/Src/x_nucleo_ihm03a1_stm32f4xx.o
 .bss.hTimStepClock
                0x200004e4       0x48 ./Core/Src/x_nucleo_ihm03a1_stm32f4xx.o
                0x200004e4                hTimStepClock
 .bss.motorDrvHandle
                0x2000052c        0x4 ./Core/Src/x_nucleo_ihmxx.o
 .bss.MotorControlBoardId
                0x20000530        0x2 ./Core/Src/x_nucleo_ihmxx.o
 *fill*         0x20000532        0x2 
 .bss.uwTick    0x20000534        0x4 ./Drivers/STM32F4xx_HAL_Driver/Src/stm32f4xx_hal.o
                0x20000534                uwTick
 .bss.__sf      0x20000538      0x138 C:/ST/STM32CubeIDE_1.19.0/STM32CubeIDE/plugins/com.st.stm32cube.ide.mcu.externaltools.gnu-tools-for-stm32.13.3.rel1.win32_1.0.0.202411081344/tools/bin/../lib/gcc/arm-none-eabi/13.3.1/../../../../arm-none-eabi/lib/thumb/v7e-m+fp/hard\libc_nano.a(libc_a-findfp.o)
                0x20000538                __sf
 .bss.errno     0x20000670        0x4 C:/ST/STM32CubeIDE_1.19.0/STM32CubeIDE/plugins/com.st.stm32cube.ide.mcu.externaltools.gnu-tools-for-stm32.13.3.rel1.win32_1.0.0.202411081344/tools/bin/../lib/gcc/arm-none-eabi/13.3.1/../../../../arm-none-eabi/lib/thumb/v7e-m+fp/hard\libc_nano.a(libc_a-reent.o)
                0x20000670                errno
 .bss.__lock___malloc_recursive_mutex
                0x20000674        0x1 C:/ST/STM32CubeIDE_1.19.0/STM32CubeIDE/plugins/com.st.stm32cube.ide.mcu.externaltools.gnu-tools-for-stm32.13.3.rel1.win32_1.0.0.202411081344/tools/bin/../lib/gcc/arm-none-eabi/13.3.1/../../../../arm-none-eabi/lib/thumb/v7e-m+fp/hard\libc_nano.a(libc_a-lock.o)
                0x20000674                __lock___malloc_recursive_mutex
 *fill*         0x20000675        0x3 
 .bss.__malloc_sbrk_start
                0x20000678        0x4 C:/ST/STM32CubeIDE_1.19.0/STM32CubeIDE/plugins/com.st.stm32cube.ide.mcu.externaltools.gnu-tools-for-stm32.13.3.rel1.win32_1.0.0.202411081344/tools/bin/../lib/gcc/arm-none-eabi/13.3.1/../../../../arm-none-eabi/lib/thumb/v7e-m+fp/hard\libc_nano.a(libc_a-mallocr.o)
                0x20000678                __malloc_sbrk_start
 .bss.__malloc_free_list
                0x2000067c        0x4 C:/ST/STM32CubeIDE_1.19.0/STM32CubeIDE/plugins/com.st.stm32cube.ide.mcu.externaltools.gnu-tools-for-stm32.13.3.rel1.win32_1.0.0.202411081344/tools/bin/../lib/gcc/arm-none-eabi/13.3.1/../../../../arm-none-eabi/lib/thumb/v7e-m+fp/hard\libc_nano.a(libc_a-mallocr.o)
                0x2000067c                __malloc_free_list
 *(COMMON)
                0x20000680                        . = ALIGN (0x4)
                0x20000680                        _ebss = .
                0x20000680                        __bss_end__ = _ebss

._user_heap_stack
                0x20000680      0x600 load address 0x0800958c
                0x20000680                        . = ALIGN (0x8)
                [!provide]                        PROVIDE (end = .)
                0x20000680                        PROVIDE (_end = .)
                0x20000880                        . = (. + _Min_Heap_Size)
 *fill*         0x20000680      0x200 
                0x20000c80                        . = (. + _Min_Stack_Size)
 *fill*         0x20000880      0x400 
                0x20000c80                        . = ALIGN (0x8)

/DISCARD/
 libc.a(*)
 libm.a(*)
 libgcc.a(*)

.ARM.attributes
                0x00000000       0x30
 *(.ARM.attributes)
 .ARM.attributes
                0x00000000       0x22 C:/ST/STM32CubeIDE_1.19.0/STM32CubeIDE/plugins/com.st.stm32cube.ide.mcu.externaltools.gnu-tools-for-stm32.13.3.rel1.win32_1.0.0.202411081344/tools/bin/../lib/gcc/arm-none-eabi/13.3.1/thumb/v7e-m+fp/hard/crti.o
 .ARM.attributes
                0x00000022       0x34 C:/ST/STM32CubeIDE_1.19.0/STM32CubeIDE/plugins/com.st.stm32cube.ide.mcu.externaltools.gnu-tools-for-stm32.13.3.rel1.win32_1.0.0.202411081344/tools/bin/../lib/gcc/arm-none-eabi/13.3.1/thumb/v7e-m+fp/hard/crtbegin.o
 .ARM.attributes
                0x00000056       0x34 ./Core/Src/main.o
 .ARM.attributes
                0x0000008a       0x34 ./Core/Src/powerstep01.o
 .ARM.attributes
                0x000000be       0x34 ./Core/Src/stm32f4xx_hal_msp.o
 .ARM.attributes
                0x000000f2       0x34 ./Core/Src/stm32f4xx_it.o
 .ARM.attributes
                0x00000126       0x34 ./Core/Src/sysmem.o
 .ARM.attributes
                0x0000015a       0x34 ./Core/Src/system_stm32f4xx.o
 .ARM.attributes
                0x0000018e       0x34 ./Core/Src/x_nucleo_ihm03a1_stm32f4xx.o
 .ARM.attributes
                0x000001c2       0x34 ./Core/Src/x_nucleo_ihmxx.o
 .ARM.attributes
                0x000001f6       0x21 ./Core/Startup/startup_stm32f446retx.o
 .ARM.attributes
                0x00000217       0x34 ./Drivers/STM32F4xx_HAL_Driver/Src/stm32f4xx_hal.o
 .ARM.attributes
                0x0000024b       0x34 ./Drivers/STM32F4xx_HAL_Driver/Src/stm32f4xx_hal_cortex.o
 .ARM.attributes
                0x0000027f       0x34 ./Drivers/STM32F4xx_HAL_Driver/Src/stm32f4xx_hal_dma.o
 .ARM.attributes
                0x000002b3       0x34 ./Drivers/STM32F4xx_HAL_Driver/Src/stm32f4xx_hal_gpio.o
 .ARM.attributes
                0x000002e7       0x34 ./Drivers/STM32F4xx_HAL_Driver/Src/stm32f4xx_hal_rcc.o
 .ARM.attributes
                0x0000031b       0x34 ./Drivers/STM32F4xx_HAL_Driver/Src/stm32f4xx_hal_rcc_ex.o
 .ARM.attributes
                0x0000034f       0x34 ./Drivers/STM32F4xx_HAL_Driver/Src/stm32f4xx_hal_spi.o
 .ARM.attributes
                0x00000383       0x34 ./Drivers/STM32F4xx_HAL_Driver/Src/stm32f4xx_hal_tim.o
 .ARM.attributes
                0x000003b7       0x34 ./Drivers/STM32F4xx_HAL_Driver/Src/stm32f4xx_hal_tim_ex.o
 .ARM.attributes
                0x000003eb       0x34 ./Drivers/STM32F4xx_HAL_Driver/Src/stm32f4xx_hal_uart.o
 .ARM.attributes
                0x0000041f       0x34 C:/ST/STM32CubeIDE_1.19.0/STM32CubeIDE/plugins/com.st.stm32cube.ide.mcu.externaltools.gnu-tools-for-stm32.13.3.rel1.win32_1.0.0.202411081344/tools/bin/../lib/gcc/arm-none-eabi/13.3.1/../../../../arm-none-eabi/lib/thumb/v7e-m+fp/hard\libc_nano.a(libc_a-findfp.o)
 .ARM.attributes
                0x00000453       0x34 C:/ST/STM32CubeIDE_1.19.0/STM32CubeIDE/plugins/com.st.stm32cube.ide.mcu.externaltools.gnu-tools-for-stm32.13.3.rel1.win32_1.0.0.202411081344/tools/bin/../lib/gcc/arm-none-eabi/13.3.1/../../../../arm-none-eabi/lib/thumb/v7e-m+fp/hard\libc_nano.a(libc_a-snprintf.o)
 .ARM.attributes
                0x00000487       0x34 C:/ST/STM32CubeIDE_1.19.0/STM32CubeIDE/plugins/com.st.stm32cube.ide.mcu.externaltools.gnu-tools-for-stm32.13.3.rel1.win32_1.0.0.202411081344/tools/bin/../lib/gcc/arm-none-eabi/13.3.1/../../../../arm-none-eabi/lib/thumb/v7e-m+fp/hard\libc_nano.a(libc_a-sscanf.o)
 .ARM.attributes
                0x000004bb       0x34 C:/ST/STM32CubeIDE_1.19.0/STM32CubeIDE/plugins/com.st.stm32cube.ide.mcu.externaltools.gnu-tools-for-stm32.13.3.rel1.win32_1.0.0.202411081344/tools/bin/../lib/gcc/arm-none-eabi/13.3.1/../../../../arm-none-eabi/lib/thumb/v7e-m+fp/hard\libc_nano.a(libc_a-stdio.o)
 .ARM.attributes
                0x000004ef       0x34 C:/ST/STM32CubeIDE_1.19.0/STM32CubeIDE/plugins/com.st.stm32cube.ide.mcu.externaltools.gnu-tools-for-stm32.13.3.rel1.win32_1.0.0.202411081344/tools/bin/../lib/gcc/arm-none-eabi/13.3.1/../../../../arm-none-eabi/lib/thumb/v7e-m+fp/hard\libc_nano.a(libc_a-memset.o)
 .ARM.attributes
                0x00000523       0x34 C:/ST/STM32CubeIDE_1.19.0/STM32CubeIDE/plugins/com.st.stm32cube.ide.mcu.externaltools.gnu-tools-for-stm32.13.3.rel1.win32_1.0.0.202411081344/tools/bin/../lib/gcc/arm-none-eabi/13.3.1/../../../../arm-none-eabi/lib/thumb/v7e-m+fp/hard\libc_nano.a(libc_a-strncmp.o)
 .ARM.attributes
                0x00000557       0x34 C:/ST/STM32CubeIDE_1.19.0/STM32CubeIDE/plugins/com.st.stm32cube.ide.mcu.externaltools.gnu-tools-for-stm32.13.3.rel1.win32_1.0.0.202411081344/tools/bin/../lib/gcc/arm-none-eabi/13.3.1/../../../../arm-none-eabi/lib/thumb/v7e-m+fp/hard\libc_nano.a(libc_a-strstr.o)
 .ARM.attributes
                0x0000058b       0x34 C:/ST/STM32CubeIDE_1.19.0/STM32CubeIDE/plugins/com.st.stm32cube.ide.mcu.externaltools.gnu-tools-for-stm32.13.3.rel1.win32_1.0.0.202411081344/tools/bin/../lib/gcc/arm-none-eabi/13.3.1/../../../../arm-none-eabi/lib/thumb/v7e-m+fp/hard\libc_nano.a(libc_a-reent.o)
 .ARM.attributes
                0x000005bf       0x34 C:/ST/STM32CubeIDE_1.19.0/STM32CubeIDE/plugins/com.st.stm32cube.ide.mcu.externaltools.gnu-tools-for-stm32.13.3.rel1.win32_1.0.0.202411081344/tools/bin/../lib/gcc/arm-none-eabi/13.3.1/../../../../arm-none-eabi/lib/thumb/v7e-m+fp/hard\libc_nano.a(libc_a-impure.o)
 .ARM.attributes
                0x000005f3       0x34 C:/ST/STM32CubeIDE_1.19.0/STM32CubeIDE/plugins/com.st.stm32cube.ide.mcu.externaltools.gnu-tools-for-stm32.13.3.rel1.win32_1.0.0.202411081344/tools/bin/../lib/gcc/arm-none-eabi/13.3.1/../../../../arm-none-eabi/lib/thumb/v7e-m+fp/hard\libc_nano.a(libc_a-errno.o)
 .ARM.attributes
                0x00000627       0x34 C:/ST/STM32CubeIDE_1.19.0/STM32CubeIDE/plugins/com.st.stm32cube.ide.mcu.externaltools.gnu-tools-for-stm32.13.3.rel1.win32_1.0.0.202411081344/tools/bin/../lib/gcc/arm-none-eabi/13.3.1/../../../../arm-none-eabi/lib/thumb/v7e-m+fp/hard\libc_nano.a(libc_a-init.o)
 .ARM.attributes
                0x0000065b       0x34 C:/ST/STM32CubeIDE_1.19.0/STM32CubeIDE/plugins/com.st.stm32cube.ide.mcu.externaltools.gnu-tools-for-stm32.13.3.rel1.win32_1.0.0.202411081344/tools/bin/../lib/gcc/arm-none-eabi/13.3.1/../../../../arm-none-eabi/lib/thumb/v7e-m+fp/hard\libc_nano.a(libc_a-lock.o)
 .ARM.attributes
                0x0000068f       0x34 C:/ST/STM32CubeIDE_1.19.0/STM32CubeIDE/plugins/com.st.stm32cube.ide.mcu.externaltools.gnu-tools-for-stm32.13.3.rel1.win32_1.0.0.202411081344/tools/bin/../lib/gcc/arm-none-eabi/13.3.1/../../../../arm-none-eabi/lib/thumb/v7e-m+fp/hard\libc_nano.a(libc_a-memcpy-stub.o)
 .ARM.attributes
                0x000006c3       0x17 C:/ST/STM32CubeIDE_1.19.0/STM32CubeIDE/plugins/com.st.stm32cube.ide.mcu.externaltools.gnu-tools-for-stm32.13.3.rel1.win32_1.0.0.202411081344/tools/bin/../lib/gcc/arm-none-eabi/13.3.1/../../../../arm-none-eabi/lib/thumb/v7e-m+fp/hard\libc_nano.a(libc_a-strlen.o)
 .ARM.attributes
                0x000006da       0x34 C:/ST/STM32CubeIDE_1.19.0/STM32CubeIDE/plugins/com.st.stm32cube.ide.mcu.externaltools.gnu-tools-for-stm32.13.3.rel1.win32_1.0.0.202411081344/tools/bin/../lib/gcc/arm-none-eabi/13.3.1/../../../../arm-none-eabi/lib/thumb/v7e-m+fp/hard\libc_nano.a(libc_a-freer.o)
 .ARM.attributes
                0x0000070e       0x34 C:/ST/STM32CubeIDE_1.19.0/STM32CubeIDE/plugins/com.st.stm32cube.ide.mcu.externaltools.gnu-tools-for-stm32.13.3.rel1.win32_1.0.0.202411081344/tools/bin/../lib/gcc/arm-none-eabi/13.3.1/../../../../arm-none-eabi/lib/thumb/v7e-m+fp/hard\libc_nano.a(libc_a-mallocr.o)
 .ARM.attributes
                0x00000742       0x34 C:/ST/STM32CubeIDE_1.19.0/STM32CubeIDE/plugins/com.st.stm32cube.ide.mcu.externaltools.gnu-tools-for-stm32.13.3.rel1.win32_1.0.0.202411081344/tools/bin/../lib/gcc/arm-none-eabi/13.3.1/../../../../arm-none-eabi/lib/thumb/v7e-m+fp/hard\libc_nano.a(libc_a-mlock.o)
 .ARM.attributes
                0x00000776       0x34 C:/ST/STM32CubeIDE_1.19.0/STM32CubeIDE/plugins/com.st.stm32cube.ide.mcu.externaltools.gnu-tools-for-stm32.13.3.rel1.win32_1.0.0.202411081344/tools/bin/../lib/gcc/arm-none-eabi/13.3.1/../../../../arm-none-eabi/lib/thumb/v7e-m+fp/hard\libc_nano.a(libc_a-nano-svfprintf.o)
 .ARM.attributes
                0x000007aa       0x34 C:/ST/STM32CubeIDE_1.19.0/STM32CubeIDE/plugins/com.st.stm32cube.ide.mcu.externaltools.gnu-tools-for-stm32.13.3.rel1.win32_1.0.0.202411081344/tools/bin/../lib/gcc/arm-none-eabi/13.3.1/../../../../arm-none-eabi/lib/thumb/v7e-m+fp/hard\libc_nano.a(libc_a-nano-svfscanf.o)
 .ARM.attributes
                0x000007de       0x34 C:/ST/STM32CubeIDE_1.19.0/STM32CubeIDE/plugins/com.st.stm32cube.ide.mcu.externaltools.gnu-tools-for-stm32.13.3.rel1.win32_1.0.0.202411081344/tools/bin/../lib/gcc/arm-none-eabi/13.3.1/../../../../arm-none-eabi/lib/thumb/v7e-m+fp/hard\libc_nano.a(libc_a-nano-vfprintf_i.o)
 .ARM.attributes
                0x00000812       0x34 C:/ST/STM32CubeIDE_1.19.0/STM32CubeIDE/plugins/com.st.stm32cube.ide.mcu.externaltools.gnu-tools-for-stm32.13.3.rel1.win32_1.0.0.202411081344/tools/bin/../lib/gcc/arm-none-eabi/13.3.1/../../../../arm-none-eabi/lib/thumb/v7e-m+fp/hard\libc_nano.a(libc_a-nano-vfscanf_i.o)
 .ARM.attributes
                0x00000846       0x34 C:/ST/STM32CubeIDE_1.19.0/STM32CubeIDE/plugins/com.st.stm32cube.ide.mcu.externaltools.gnu-tools-for-stm32.13.3.rel1.win32_1.0.0.202411081344/tools/bin/../lib/gcc/arm-none-eabi/13.3.1/../../../../arm-none-eabi/lib/thumb/v7e-m+fp/hard\libc_nano.a(libc_a-sccl.o)
 .ARM.attributes
                0x0000087a       0x34 C:/ST/STM32CubeIDE_1.19.0/STM32CubeIDE/plugins/com.st.stm32cube.ide.mcu.externaltools.gnu-tools-for-stm32.13.3.rel1.win32_1.0.0.202411081344/tools/bin/../lib/gcc/arm-none-eabi/13.3.1/../../../../arm-none-eabi/lib/thumb/v7e-m+fp/hard\libc_nano.a(libc_a-ungetc.o)
 .ARM.attributes
                0x000008ae       0x34 C:/ST/STM32CubeIDE_1.19.0/STM32CubeIDE/plugins/com.st.stm32cube.ide.mcu.externaltools.gnu-tools-for-stm32.13.3.rel1.win32_1.0.0.202411081344/tools/bin/../lib/gcc/arm-none-eabi/13.3.1/../../../../arm-none-eabi/lib/thumb/v7e-m+fp/hard\libc_nano.a(libc_a-memmove.o)
 .ARM.attributes
                0x000008e2       0x34 C:/ST/STM32CubeIDE_1.19.0/STM32CubeIDE/plugins/com.st.stm32cube.ide.mcu.externaltools.gnu-tools-for-stm32.13.3.rel1.win32_1.0.0.202411081344/tools/bin/../lib/gcc/arm-none-eabi/13.3.1/../../../../arm-none-eabi/lib/thumb/v7e-m+fp/hard\libc_nano.a(libc_a-sbrkr.o)
 .ARM.attributes
                0x00000916       0x1c C:/ST/STM32CubeIDE_1.19.0/STM32CubeIDE/plugins/com.st.stm32cube.ide.mcu.externaltools.gnu-tools-for-stm32.13.3.rel1.win32_1.0.0.202411081344/tools/bin/../lib/gcc/arm-none-eabi/13.3.1/../../../../arm-none-eabi/lib/thumb/v7e-m+fp/hard\libc_nano.a(libc_a-memchr.o)
 .ARM.attributes
                0x00000932       0x34 C:/ST/STM32CubeIDE_1.19.0/STM32CubeIDE/plugins/com.st.stm32cube.ide.mcu.externaltools.gnu-tools-for-stm32.13.3.rel1.win32_1.0.0.202411081344/tools/bin/../lib/gcc/arm-none-eabi/13.3.1/../../../../arm-none-eabi/lib/thumb/v7e-m+fp/hard\libc_nano.a(libc_a-reallocr.o)
 .ARM.attributes
                0x00000966       0x34 C:/ST/STM32CubeIDE_1.19.0/STM32CubeIDE/plugins/com.st.stm32cube.ide.mcu.externaltools.gnu-tools-for-stm32.13.3.rel1.win32_1.0.0.202411081344/tools/bin/../lib/gcc/arm-none-eabi/13.3.1/../../../../arm-none-eabi/lib/thumb/v7e-m+fp/hard\libc_nano.a(libc_a-strtol.o)
 .ARM.attributes
                0x0000099a       0x34 C:/ST/STM32CubeIDE_1.19.0/STM32CubeIDE/plugins/com.st.stm32cube.ide.mcu.externaltools.gnu-tools-for-stm32.13.3.rel1.win32_1.0.0.202411081344/tools/bin/../lib/gcc/arm-none-eabi/13.3.1/../../../../arm-none-eabi/lib/thumb/v7e-m+fp/hard\libc_nano.a(libc_a-strtoul.o)
 .ARM.attributes
                0x000009ce       0x34 C:/ST/STM32CubeIDE_1.19.0/STM32CubeIDE/plugins/com.st.stm32cube.ide.mcu.externaltools.gnu-tools-for-stm32.13.3.rel1.win32_1.0.0.202411081344/tools/bin/../lib/gcc/arm-none-eabi/13.3.1/../../../../arm-none-eabi/lib/thumb/v7e-m+fp/hard\libc_nano.a(libc_a-ctype_.o)
 .ARM.attributes
                0x00000a02       0x34 C:/ST/STM32CubeIDE_1.19.0/STM32CubeIDE/plugins/com.st.stm32cube.ide.mcu.externaltools.gnu-tools-for-stm32.13.3.rel1.win32_1.0.0.202411081344/tools/bin/../lib/gcc/arm-none-eabi/13.3.1/../../../../arm-none-eabi/lib/thumb/v7e-m+fp/hard\libc_nano.a(libc_a-msizer.o)
 .ARM.attributes
                0x00000a36       0x22 C:/ST/STM32CubeIDE_1.19.0/STM32CubeIDE/plugins/com.st.stm32cube.ide.mcu.externaltools.gnu-tools-for-stm32.13.3.rel1.win32_1.0.0.202411081344/tools/bin/../lib/gcc/arm-none-eabi/13.3.1/thumb/v7e-m+fp/hard\libgcc.a(_aeabi_uldivmod.o)
 .ARM.attributes
                0x00000a58       0x34 C:/ST/STM32CubeIDE_1.19.0/STM32CubeIDE/plugins/com.st.stm32cube.ide.mcu.externaltools.gnu-tools-for-stm32.13.3.rel1.win32_1.0.0.202411081344/tools/bin/../lib/gcc/arm-none-eabi/13.3.1/thumb/v7e-m+fp/hard\libgcc.a(_udivmoddi4.o)
 .ARM.attributes
                0x00000a8c       0x22 C:/ST/STM32CubeIDE_1.19.0/STM32CubeIDE/plugins/com.st.stm32cube.ide.mcu.externaltools.gnu-tools-for-stm32.13.3.rel1.win32_1.0.0.202411081344/tools/bin/../lib/gcc/arm-none-eabi/13.3.1/thumb/v7e-m+fp/hard\libgcc.a(_dvmd_tls.o)
 .ARM.attributes
                0x00000aae       0x22 C:/ST/STM32CubeIDE_1.19.0/STM32CubeIDE/plugins/com.st.stm32cube.ide.mcu.externaltools.gnu-tools-for-stm32.13.3.rel1.win32_1.0.0.202411081344/tools/bin/../lib/gcc/arm-none-eabi/13.3.1/thumb/v7e-m+fp/hard/crtn.o
OUTPUT(f446re_step_motor.elf elf32-littlearm)
LOAD linker stubs
LOAD C:/ST/STM32CubeIDE_1.19.0/STM32CubeIDE/plugins/com.st.stm32cube.ide.mcu.externaltools.gnu-tools-for-stm32.13.3.rel1.win32_1.0.0.202411081344/tools/bin/../lib/gcc/arm-none-eabi/13.3.1/../../../../arm-none-eabi/lib/thumb/v7e-m+fp/hard\libc.a
LOAD C:/ST/STM32CubeIDE_1.19.0/STM32CubeIDE/plugins/com.st.stm32cube.ide.mcu.externaltools.gnu-tools-for-stm32.13.3.rel1.win32_1.0.0.202411081344/tools/bin/../lib/gcc/arm-none-eabi/13.3.1/../../../../arm-none-eabi/lib/thumb/v7e-m+fp/hard\libm.a
LOAD C:/ST/STM32CubeIDE_1.19.0/STM32CubeIDE/plugins/com.st.stm32cube.ide.mcu.externaltools.gnu-tools-for-stm32.13.3.rel1.win32_1.0.0.202411081344/tools/bin/../lib/gcc/arm-none-eabi/13.3.1/thumb/v7e-m+fp/hard\libgcc.a

.debug_info     0x00000000    0x15679
 .debug_info    0x00000000     0x1c4e ./Core/Src/main.o
 .debug_info    0x00001c4e     0x2a30 ./Core/Src/powerstep01.o
 .debug_info    0x0000467e     0x12d7 ./Core/Src/stm32f4xx_hal_msp.o
 .debug_info    0x00005955      0x9bd ./Core/Src/stm32f4xx_it.o
 .debug_info    0x00006312      0x168 ./Core/Src/sysmem.o
 .debug_info    0x0000647a      0x54a ./Core/Src/system_stm32f4xx.o
 .debug_info    0x000069c4     0x1396 ./Core/Src/x_nucleo_ihm03a1_stm32f4xx.o
 .debug_info    0x00007d5a     0x1c6e ./Core/Src/x_nucleo_ihmxx.o
 .debug_info    0x000099c8       0x30 ./Core/Startup/startup_stm32f446retx.o
 .debug_info    0x000099f8      0x99a ./Drivers/STM32F4xx_HAL_Driver/Src/stm32f4xx_hal.o
 .debug_info    0x0000a392      0xdaa ./Drivers/STM32F4xx_HAL_Driver/Src/stm32f4xx_hal_cortex.o
 .debug_info    0x0000b13c      0x8e7 ./Drivers/STM32F4xx_HAL_Driver/Src/stm32f4xx_hal_dma.o
 .debug_info    0x0000ba23      0x70b ./Drivers/STM32F4xx_HAL_Driver/Src/stm32f4xx_hal_gpio.o
 .debug_info    0x0000c12e      0x8ff ./Drivers/STM32F4xx_HAL_Driver/Src/stm32f4xx_hal_rcc.o