../Core/Src/powerstep01.c:248:6:Powerstep01_AttachErrorHandler	0	static
../Core/Src/powerstep01.c:263:6:Powerstep01_AttachFlagInterrupt	0	static
../Core/Src/powerstep01.c:276:6:Powerstep01_AttachBusyInterrupt	0	static
../Core/Src/powerstep01.c:285:10:Powerstep01_ReadId	0	static
../Core/Src/powerstep01.c:878:10:Powerstep01_GetFwVersion	0	static
../Core/Src/powerstep01.c:897:9:Powerstep01_GetNbDevices	0	static
../Core/Src/powerstep01.c:1177:6:Powerstep01_SetNbDevices	0	static
../Core/Src/powerstep01.c:1391:6:Powerstep01_BusyInterruptHandler	8	static
../Core/Src/powerstep01.c:1410:6:Powerstep01_ErrorHandler	0	static
../Core/Src/powerstep01.c:1429:6:Powerstep01_FlagInterruptHandler	8	static
../Core/Src/powerstep01.c:1059:6:Powerstep01_ReleaseReset	0	static
../Core/Src/powerstep01.c:339:9:Powerstep01_CheckBusyHw	8	static
../Core/Src/powerstep01.c:358:9:Powerstep01_CheckStatusHw	8	static
../Core/Src/powerstep01.c:1069:6:Powerstep01_Reset	0	static
../Core/Src/powerstep01.c:1310:6:Powerstep01_StartStepClock	0	static
../Core/Src/powerstep01.c:1319:6:Powerstep01_StopStepClock	0	static
../Core/Src/powerstep01.c:854:10:Powerstep01_GetFetchedStatus	0	static
../Core/Src/powerstep01.c:1014:6:Powerstep01_QueueCommands	12	static
../Core/Src/powerstep01.c:869:13:Powerstep01_GetMotorHandle	0	static
../Core/Src/powerstep01.c:1367:9:Powerstep01_ConvertPosition	0	static
../Core/Src/powerstep01.c:2003:6:Powerstep01_WriteBytes	8	static
../Core/Src/powerstep01.c:376:10:Powerstep01_CmdGetParam	40	static
../Core/Src/powerstep01.c:888:9:Powerstep01_GetMark	8	static
../Core/Src/powerstep01.c:976:9:Powerstep01_GetPosition	8	static
../Core/Src/powerstep01.c:1049:10:Powerstep01_ReadStatusRegister	8	static
../Core/Src/powerstep01.c:909:7:Powerstep01_GetAnalogValue	24	static
../Core/Src/powerstep01.c:459:10:Powerstep01_CmdGetStatus	32	static
../Core/Src/powerstep01.c:987:6:Powerstep01_IsDeviceBusy	8	static
../Core/Src/powerstep01.c:1328:6:Powerstep01_WaitForAllDevicesNotBusy	16	static
../Core/Src/powerstep01.c:1349:6:Powerstep01_WaitWhileActive	8	static
../Core/Src/powerstep01.c:692:6:Powerstep01_CmdSetParam	56	static
../Core/Src/powerstep01.c:1154:6:Powerstep01_SetHome	16	static
../Core/Src/powerstep01.c:1166:6:Powerstep01_SetMark	0	static
../Core/Src/powerstep01.c:1520:6:Powerstep01_SetRegisterToPredefinedValues	8	static
../Core/Src/powerstep01.c:822:6:Powerstep01_FetchAndClearAllStatus	24	static
../Core/Src/powerstep01.c:1135:6:Powerstep01_SendQueuedCommands	16	static
../Core/Src/powerstep01.c:1452:6:Powerstep01_SendCommand	40	static
../Core/Src/powerstep01.c:510:6:Powerstep01_CmdGoHome	0	static
../Core/Src/powerstep01.c:520:6:Powerstep01_CmdGoMark	0	static
../Core/Src/powerstep01.c:532:6:Powerstep01_CmdGoTo	0	static
../Core/Src/powerstep01.c:545:6:Powerstep01_CmdGoToDir	0	static
../Core/Src/powerstep01.c:562:6:Powerstep01_CmdGoUntil	0	static
../Core/Src/powerstep01.c:582:6:Powerstep01_CmdHardHiZ	0	static
../Core/Src/powerstep01.c:598:6:Powerstep01_CmdHardStop	0	static
../Core/Src/powerstep01.c:610:6:Powerstep01_CmdMove	0	static
../Core/Src/powerstep01.c:624:6:Powerstep01_CmdNop	0	static
../Core/Src/powerstep01.c:638:6:Powerstep01_CmdReleaseSw	0	static
../Core/Src/powerstep01.c:654:6:Powerstep01_CmdResetDevice	0	static
../Core/Src/powerstep01.c:664:6:Powerstep01_CmdResetPos	0	static
../Core/Src/powerstep01.c:1080:6:Powerstep01_SelectStepMode	16	static
../Core/Src/powerstep01.c:676:6:Powerstep01_CmdRun	0	static
../Core/Src/powerstep01.c:775:6:Powerstep01_CmdSoftHiZ	0	static
../Core/Src/powerstep01.c:793:6:Powerstep01_CmdSoftStop	0	static
../Core/Src/powerstep01.c:804:6:Powerstep01_CmdStepClock	0	static
../Core/Src/powerstep01.c:2023:17:Powerstep01_AccDec_Steps_s2_to_RegVal	0	static
../Core/Src/powerstep01.c:2033:14:Powerstep01_AccDec_RegVal_to_Steps_s2	0	static
../Core/Src/powerstep01.c:2045:16:Powerstep01_BEMFslope_Perc_to_RegVal	8	static
../Core/Src/powerstep01.c:2057:14:Powerstep01_BEMFslope_RegVal_to_Perc	0	static
../Core/Src/powerstep01.c:2068:17:Powerstep01_FSSpd_Steps_s_to_RegVal	0	static
../Core/Src/powerstep01.c:2078:14:Powerstep01_FSSpd_RegVal_to_Steps_s	0	static
../Core/Src/powerstep01.c:2089:17:Powerstep01_IntSpd_Steps_s_to_RegVal	0	static
../Core/Src/powerstep01.c:2099:14:Powerstep01_IntSpd_RegVal_to_Steps_s	0	static
../Core/Src/powerstep01.c:2111:16:Powerstep01_KTherm_Comp_to_RegVal	8	static
../Core/Src/powerstep01.c:2122:14:Powerstep01_KTherm_RegVal_to_Comp	0	static
../Core/Src/powerstep01.c:2135:16:Powerstep01_Kval_Perc_to_RegVal	8	static
../Core/Src/powerstep01.c:2149:14:Powerstep01_Kval_RegVal_to_Perc	0	static
../Core/Src/powerstep01.c:2160:17:Powerstep01_MaxSpd_Steps_s_to_RegVal	0	static
../Core/Src/powerstep01.c:2170:14:Powerstep01_MaxSpd_RegVal_to_Steps_s	0	static
../Core/Src/powerstep01.c:2181:17:Powerstep01_MinSpd_Steps_s_to_RegVal	0	static
../Core/Src/powerstep01.c:2191:14:Powerstep01_MinSpd_RegVal_to_Steps_s	0	static
../Core/Src/powerstep01.c:2202:17:Powerstep01_Speed_Steps_s_to_RegVal	0	static
../Core/Src/powerstep01.c:2212:14:Powerstep01_Speed_RegVal_to_Steps_s	0	static
../Core/Src/powerstep01.c:2223:16:Powerstep01_StallOcd_Th_to_RegVal	8	static
../Core/Src/powerstep01.c:2234:14:Powerstep01_StallOcd_RegVal_to_Th	0	static
../Core/Src/powerstep01.c:2248:16:Powerstep01_Tval_RefVoltage_to_RegVal	8	static
../Core/Src/powerstep01.c:2262:14:Powerstep01_Tval_RegVal_to_RefVoltage	0	static
../Core/Src/powerstep01.c:2272:16:Powerstep01_Tmin_Time_to_RegVal	8	static
../Core/Src/powerstep01.c:1197:6:Powerstep01_SetAnalogValue	32	static
../Core/Src/powerstep01.c:1884:6:Powerstep01_SetDeviceParamsToGivenValues	32	static
../Core/Src/powerstep01.c:295:6:Powerstep01_Init	16	static
../Core/Src/powerstep01.c:2282:14:Powerstep01_Tmin_RegVal_to_Time	0	static
