../Core/Src/main.c:104:5:main	8	static
../Core/Src/main.c:173:6:SystemClock_Config	88	static
../Core/Src/main.c:221:13:MX_SPI1_Init	8	static
../Core/Src/main.c:259:13:MX_TIM3_Init	48	static
../Core/Src/main.c:308:13:MX_USART2_UART_Init	8	static
../Core/Src/main.c:341:13:MX_GPIO_Init	40	static
../Core/Src/main.c:398:6:UART_SendString	16	static
../Core/Src/main.c:403:6:UART_ReceiveChar	16	static
../Core/Src/main.c:431:6:SendMotorStatus	48	static
../Core/Src/main.c:458:6:SendError	32	static
../Core/Src/main.c:464:6:ParseCommand	32	static
../Core/Src/main.c:552:6:MoveMotorsToPosition	16	static
../Core/Src/main.c:559:6:CheckMotorErrors	24	static
../Core/Src/main.c:604:6:MyFlagInterruptHandler	8	static
../Core/Src/main.c:611:6:MyBusyInterruptHandler	8	static
../Core/Src/main.c:623:6:MyErrorHandler	16	static
../Core/Src/main.c:634:6:HAL_UART_RxCpltCallback	16	static
../Core/Src/main.c:649:6:Error_Handler	4	static,ignoring_inline_asm
