../Core/Src/main.c:103:5:main	8	static
../Core/Src/main.c:172:6:SystemClock_Config	88	static
../Core/Src/main.c:220:13:MX_SPI1_Init	8	static
../Core/Src/main.c:258:13:MX_TIM3_Init	48	static
../Core/Src/main.c:307:13:MX_USART2_UART_Init	8	static
../Core/Src/main.c:340:13:MX_GPIO_Init	40	static
../Core/Src/main.c:397:6:UART_SendString	16	static
../Core/Src/main.c:402:6:UART_ReceiveChar	16	static
../Core/Src/main.c:430:6:SendMotorStatus	48	static
../Core/Src/main.c:457:6:SendError	32	static
../Core/Src/main.c:463:6:ParseCommand	32	static
../Core/Src/main.c:551:6:MoveMotorsToPosition	16	static
../Core/Src/main.c:558:6:CheckMotorErrors	24	static
../Core/Src/main.c:603:6:MyFlagInterruptHandler	8	static
../Core/Src/main.c:610:6:MyBusyInterruptHandler	8	static
../Core/Src/main.c:622:6:MyErrorHandler	16	static
../Core/Src/main.c:633:6:HAL_UART_RxCpltCallback	16	static
../Core/Src/main.c:648:6:Error_Handler	4	static,ignoring_inline_asm
